2025/02/19 01:03:08 [error] 29#29: *5 open() "/hls/loop/segment_20250219010312.ts" failed (2: No such file or directory), client: 192.168.10.85, server: localhost, request: "GET /hls/loop/segment_20250219010312.ts HTTP/1.1", host: "192.168.10.120"
2025/02/19 01:10:42 [error] 29#29: *6 open() "/hls/corniaud/playlist.m3u8" failed (2: No such file or directory), client: 192.168.10.85, server: localhost, request: "GET /hls/corniaud/playlist.m3u8 HTTP/1.1", host: "192.168.10.120"
2025/02/19 01:10:42 [error] 29#29: *6 open() "/hls/corniaud/playlist.m3u8" failed (2: No such file or directory), client: 192.168.10.85, server: localhost, request: "GET /hls/corniaud/playlist.m3u8 HTTP/1.1", host: "192.168.10.120"
2025/02/19 01:10:43 [error] 29#29: *6 open() "/hls/corniaud/playlist.m3u8" failed (2: No such file or directory), client: 192.168.10.85, server: localhost, request: "GET /hls/corniaud/playlist.m3u8 HTTP/1.1", host: "192.168.10.120"
2025/02/19 01:15:22 [error] 29#29: *6 open() "/hls/cameron/playlist.m3u8" failed (2: No such file or directory), client: 192.168.10.85, server: localhost, request: "GET /hls/cameron/playlist.m3u8 HTTP/1.1", host: "192.168.10.120"
2025/02/19 01:15:22 [error] 29#29: *6 open() "/hls/cameron/playlist.m3u8" failed (2: No such file or directory), client: 192.168.10.85, server: localhost, request: "GET /hls/cameron/playlist.m3u8 HTTP/1.1", host: "192.168.10.120"
2025/02/19 01:15:23 [error] 29#29: *6 open() "/hls/cameron/playlist.m3u8" failed (2: No such file or directory), client: 192.168.10.85, server: localhost, request: "GET /hls/cameron/playlist.m3u8 HTTP/1.1", host: "192.168.10.120"
2025/02/19 01:15:32 [error] 29#29: *6 open() "/hls/cameron/segment_20250219011587.ts" failed (2: No such file or directory), client: 192.168.10.85, server: localhost, request: "GET /hls/cameron/segment_20250219011587.ts HTTP/1.1", host: "192.168.10.120"
2025/02/19 01:15:32 [error] 29#29: *6 open() "/hls/cameron/segment_20250219011587.ts" failed (2: No such file or directory), client: 192.168.10.85, server: localhost, request: "GET /hls/cameron/segment_20250219011587.ts HTTP/1.1", host: "192.168.10.120"
2025/02/19 01:15:33 [error] 29#29: *6 open() "/hls/cameron/segment_20250219011587.ts" failed (2: No such file or directory), client: 192.168.10.85, server: localhost, request: "GET /hls/cameron/segment_20250219011587.ts HTTP/1.1", host: "192.168.10.120"
2025/02/19 01:15:35 [error] 29#29: *6 open() "/hls/cameron/segment_20250219011587.ts" failed (2: No such file or directory), client: 192.168.10.85, server: localhost, request: "GET /hls/cameron/segment_20250219011587.ts HTTP/1.1", host: "192.168.10.120"
2025/02/19 01:15:43 [error] 29#29: *6 open() "/hls/cameron/segment_20250219011587.ts" failed (2: No such file or directory), client: 192.168.10.85, server: localhost, request: "GET /hls/cameron/segment_20250219011587.ts HTTP/1.1", host: "192.168.10.120"
2025/02/19 01:17:55 [error] 30#30: *1 open() "/hls/defunes/playlist.m3u8" failed (2: No such file or directory), client: 192.168.10.85, server: localhost, request: "GET /hls/defunes/playlist.m3u8 HTTP/1.1", host: "192.168.10.120"
2025/02/19 01:17:55 [error] 30#30: *1 open() "/hls/defunes/playlist.m3u8" failed (2: No such file or directory), client: 192.168.10.85, server: localhost, request: "GET /hls/defunes/playlist.m3u8 HTTP/1.1", host: "192.168.10.120"
2025/02/19 01:18:00 [error] 30#30: *1 open() "/hls/defunes/segment_20250219011761.ts" failed (2: No such file or directory), client: 192.168.10.85, server: localhost, request: "GET /hls/defunes/segment_20250219011761.ts HTTP/1.1", host: "192.168.10.120"
2025/02/19 01:18:00 [error] 30#30: *1 open() "/hls/defunes/segment_20250219011761.ts" failed (2: No such file or directory), client: 192.168.10.85, server: localhost, request: "GET /hls/defunes/segment_20250219011761.ts HTTP/1.1", host: "192.168.10.120"
2025/02/19 01:18:01 [error] 30#30: *1 open() "/hls/defunes/segment_20250219011761.ts" failed (2: No such file or directory), client: 192.168.10.85, server: localhost, request: "GET /hls/defunes/segment_20250219011761.ts HTTP/1.1", host: "192.168.10.120"
2025/02/19 01:18:03 [error] 30#30: *1 open() "/hls/defunes/segment_20250219011761.ts" failed (2: No such file or directory), client: 192.168.10.85, server: localhost, request: "GET /hls/defunes/segment_20250219011761.ts HTTP/1.1", host: "192.168.10.120"
2025/02/19 01:18:04 [error] 30#30: *2 open() "/usr/share/nginx/html/stub_status" failed (2: No such file or directory), client: 192.168.112.1, server: localhost, request: "GET /stub_status HTTP/1.1", host: "192.168.112.3:80"
2025/02/19 01:18:04 [error] 30#30: *3 open() "/usr/share/nginx/html/basic_status" failed (2: No such file or directory), client: 192.168.112.1, server: localhost, request: "GET /basic_status HTTP/1.1", host: "192.168.112.3:80"
2025/02/19 01:18:04 [error] 30#30: *4 open() "/usr/share/nginx/html/nginx_status" failed (2: No such file or directory), client: 192.168.112.1, server: localhost, request: "GET /nginx_status HTTP/1.1", host: "192.168.112.3:80"
2025/02/19 01:18:04 [error] 30#30: *5 open() "/usr/share/nginx/html/status" failed (2: No such file or directory), client: 192.168.112.1, server: localhost, request: "GET /status HTTP/1.1", host: "192.168.112.3:80"
2025/02/19 01:18:06 [error] 30#30: *1 open() "/hls/defunes/segment_20250219011761.ts" failed (2: No such file or directory), client: 192.168.10.85, server: localhost, request: "GET /hls/defunes/segment_20250219011761.ts HTTP/1.1", host: "192.168.10.120"
2025/02/19 01:18:46 [error] 30#30: *1 open() "/hls/loop/playlist.m3u8" failed (2: No such file or directory), client: 192.168.10.85, server: localhost, request: "GET /hls/loop/playlist.m3u8 HTTP/1.1", host: "192.168.10.120"
2025/02/19 01:18:46 [error] 30#30: *1 open() "/hls/loop/playlist.m3u8" failed (2: No such file or directory), client: 192.168.10.85, server: localhost, request: "GET /hls/loop/playlist.m3u8 HTTP/1.1", host: "192.168.10.120"
2025/02/19 01:24:04 [error] 30#30: *1 open() "/usr/share/nginx/html/stub_status" failed (2: No such file or directory), client: 192.168.128.1, server: localhost, request: "GET /stub_status HTTP/1.1", host: "192.168.128.3:80"
2025/02/19 01:24:04 [error] 30#30: *2 open() "/usr/share/nginx/html/basic_status" failed (2: No such file or directory), client: 192.168.128.1, server: localhost, request: "GET /basic_status HTTP/1.1", host: "192.168.128.3:80"
2025/02/19 01:24:04 [error] 30#30: *3 open() "/usr/share/nginx/html/nginx_status" failed (2: No such file or directory), client: 192.168.128.1, server: localhost, request: "GET /nginx_status HTTP/1.1", host: "192.168.128.3:80"
2025/02/19 01:24:04 [error] 30#30: *4 open() "/usr/share/nginx/html/status" failed (2: No such file or directory), client: 192.168.128.1, server: localhost, request: "GET /status HTTP/1.1", host: "192.168.128.3:80"
2025/02/19 01:24:05 [error] 30#30: *5 open() "/hls/defunes/playlist.m3u8" failed (2: No such file or directory), client: 192.168.10.85, server: localhost, request: "GET /hls/defunes/playlist.m3u8 HTTP/1.1", host: "192.168.10.120"
2025/02/19 01:24:05 [error] 30#30: *5 open() "/hls/defunes/playlist.m3u8" failed (2: No such file or directory), client: 192.168.10.85, server: localhost, request: "GET /hls/defunes/playlist.m3u8 HTTP/1.1", host: "192.168.10.120"
2025/02/19 01:28:15 [error] 30#30: *1 open() "/hls/defunes/playlist.m3u8" failed (2: No such file or directory), client: 192.168.10.85, server: localhost, request: "GET /hls/defunes/playlist.m3u8 HTTP/1.1", host: "192.168.10.120"
2025/02/19 01:29:15 [error] 30#30: *1 open() "/hls/defunes/playlist.m3u8" failed (2: No such file or directory), client: 192.168.10.85, server: localhost, request: "GET /hls/defunes/playlist.m3u8 HTTP/1.1", host: "192.168.10.120"
2025/02/19 01:29:24 [error] 30#30: *1 open() "/hls/loop/playlist.m3u8" failed (2: No such file or directory), client: 192.168.10.85, server: localhost, request: "GET /hls/loop/playlist.m3u8 HTTP/1.1", host: "192.168.10.120"
2025/02/19 01:29:24 [error] 30#30: *1 open() "/hls/loop/playlist.m3u8" failed (2: No such file or directory), client: 192.168.10.85, server: localhost, request: "GET /hls/loop/playlist.m3u8 HTTP/1.1", host: "192.168.10.120"
2025/02/19 01:29:25 [error] 30#30: *1 open() "/hls/loop/playlist.m3u8" failed (2: No such file or directory), client: 192.168.10.85, server: localhost, request: "GET /hls/loop/playlist.m3u8 HTTP/1.1", host: "192.168.10.120"
2025/02/19 01:30:04 [error] 30#30: *3 open() "/usr/share/nginx/html/stub_status" failed (2: No such file or directory), client: 192.168.160.1, server: localhost, request: "GET /stub_status HTTP/1.1", host: "192.168.160.3:80"
2025/02/19 01:30:04 [error] 30#30: *4 open() "/usr/share/nginx/html/basic_status" failed (2: No such file or directory), client: 192.168.160.1, server: localhost, request: "GET /basic_status HTTP/1.1", host: "192.168.160.3:80"
2025/02/19 01:30:04 [error] 30#30: *5 open() "/usr/share/nginx/html/nginx_status" failed (2: No such file or directory), client: 192.168.160.1, server: localhost, request: "GET /nginx_status HTTP/1.1", host: "192.168.160.3:80"
2025/02/19 01:30:04 [error] 30#30: *6 open() "/usr/share/nginx/html/status" failed (2: No such file or directory), client: 192.168.160.1, server: localhost, request: "GET /status HTTP/1.1", host: "192.168.160.3:80"
2025/02/19 01:32:44 [error] 31#31: *1 open() "/hls/loop/segment_20250219012990.ts" failed (2: No such file or directory), client: 192.168.10.85, server: localhost, request: "GET /hls/loop/segment_20250219012990.ts HTTP/1.1", host: "192.168.10.120"
2025/02/19 01:32:49 [error] 31#31: *1 open() "/hls/loop/segment_20250219012990.ts" failed (2: No such file or directory), client: 192.168.10.85, server: localhost, request: "GET /hls/loop/segment_20250219012990.ts HTTP/1.1", host: "192.168.10.120"
2025/02/19 01:32:54 [error] 31#31: *1 open() "/hls/loop/segment_20250219012990.ts" failed (2: No such file or directory), client: 192.168.10.85, server: localhost, request: "GET /hls/loop/segment_20250219012990.ts HTTP/1.1", host: "192.168.10.120"
2025/02/19 01:32:55 [error] 31#31: *1 open() "/hls/defunes/playlist.m3u8" failed (2: No such file or directory), client: 192.168.10.85, server: localhost, request: "GET /hls/defunes/playlist.m3u8 HTTP/1.1", host: "192.168.10.120"
2025/02/19 01:32:55 [error] 31#31: *1 open() "/hls/defunes/playlist.m3u8" failed (2: No such file or directory), client: 192.168.10.85, server: localhost, request: "GET /hls/defunes/playlist.m3u8 HTTP/1.1", host: "192.168.10.120"
2025/02/19 01:32:58 [error] 31#31: *1 open() "/hls/defunes/segment_20250219013260.ts" failed (2: No such file or directory), client: 192.168.10.85, server: localhost, request: "GET /hls/defunes/segment_20250219013260.ts HTTP/1.1", host: "192.168.10.120"
2025/02/19 01:32:58 [error] 31#31: *1 open() "/hls/defunes/segment_20250219013260.ts" failed (2: No such file or directory), client: 192.168.10.85, server: localhost, request: "GET /hls/defunes/segment_20250219013260.ts HTTP/1.1", host: "192.168.10.120"
2025/02/19 01:32:59 [error] 31#31: *1 open() "/hls/defunes/segment_20250219013260.ts" failed (2: No such file or directory), client: 192.168.10.85, server: localhost, request: "GET /hls/defunes/segment_20250219013260.ts HTTP/1.1", host: "192.168.10.120"
2025/02/19 01:33:01 [error] 31#31: *1 open() "/hls/defunes/segment_20250219013260.ts" failed (2: No such file or directory), client: 192.168.10.85, server: localhost, request: "GET /hls/defunes/segment_20250219013260.ts HTTP/1.1", host: "192.168.10.120"
2025/02/19 01:33:04 [error] 31#31: *1 open() "/hls/defunes/segment_20250219013260.ts" failed (2: No such file or directory), client: 192.168.10.85, server: localhost, request: "GET /hls/defunes/segment_20250219013260.ts HTTP/1.1", host: "192.168.10.120"
2025/02/19 01:33:04 [error] 31#31: *2 open() "/usr/share/nginx/html/stub_status" failed (2: No such file or directory), client: 192.168.176.1, server: localhost, request: "GET /stub_status HTTP/1.1", host: "192.168.176.3:80"
2025/02/19 01:33:04 [error] 31#31: *3 open() "/usr/share/nginx/html/basic_status" failed (2: No such file or directory), client: 192.168.176.1, server: localhost, request: "GET /basic_status HTTP/1.1", host: "192.168.176.3:80"
2025/02/19 01:33:04 [error] 31#31: *4 open() "/usr/share/nginx/html/nginx_status" failed (2: No such file or directory), client: 192.168.176.1, server: localhost, request: "GET /nginx_status HTTP/1.1", host: "192.168.176.3:80"
2025/02/19 01:33:04 [error] 31#31: *5 open() "/usr/share/nginx/html/status" failed (2: No such file or directory), client: 192.168.176.1, server: localhost, request: "GET /status HTTP/1.1", host: "192.168.176.3:80"
2025/02/19 01:38:04 [error] 31#31: *2 open() "/usr/share/nginx/html/stub_status" failed (2: No such file or directory), client: 192.168.192.1, server: localhost, request: "GET /stub_status HTTP/1.1", host: "192.168.192.3:80"
2025/02/19 01:38:04 [error] 31#31: *3 open() "/usr/share/nginx/html/basic_status" failed (2: No such file or directory), client: 192.168.192.1, server: localhost, request: "GET /basic_status HTTP/1.1", host: "192.168.192.3:80"
2025/02/19 01:38:04 [error] 31#31: *4 open() "/usr/share/nginx/html/nginx_status" failed (2: No such file or directory), client: 192.168.192.1, server: localhost, request: "GET /nginx_status HTTP/1.1", host: "192.168.192.3:80"
2025/02/19 01:38:04 [error] 31#31: *5 open() "/usr/share/nginx/html/status" failed (2: No such file or directory), client: 192.168.192.1, server: localhost, request: "GET /status HTTP/1.1", host: "192.168.192.3:80"
2025/02/19 01:38:13 [error] 31#31: *1 open() "/hls/defunes/playlist.m3u8" failed (2: No such file or directory), client: 192.168.10.85, server: localhost, request: "GET /hls/defunes/playlist.m3u8 HTTP/1.1", host: "192.168.10.120"
2025/02/19 01:38:13 [error] 31#31: *1 open() "/hls/defunes/playlist.m3u8" failed (2: No such file or directory), client: 192.168.10.85, server: localhost, request: "GET /hls/defunes/playlist.m3u8 HTTP/1.1", host: "192.168.10.120"
2025/02/19 01:38:47 [error] 30#30: *1 open() "/hls/loop/playlist.m3u8" failed (2: No such file or directory), client: 192.168.10.85, server: localhost, request: "GET /hls/loop/playlist.m3u8 HTTP/1.1", host: "192.168.10.120"
2025/02/19 01:38:47 [error] 30#30: *1 open() "/hls/loop/playlist.m3u8" failed (2: No such file or directory), client: 192.168.10.85, server: localhost, request: "GET /hls/loop/playlist.m3u8 HTTP/1.1", host: "192.168.10.120"
2025/02/19 01:39:02 [error] 30#30: *1 open() "/hls/defunes/playlist.m3u8" failed (2: No such file or directory), client: 192.168.10.85, server: localhost, request: "GET /hls/defunes/playlist.m3u8 HTTP/1.1", host: "192.168.10.120"
2025/02/19 01:39:02 [error] 30#30: *1 open() "/hls/defunes/playlist.m3u8" failed (2: No such file or directory), client: 192.168.10.85, server: localhost, request: "GET /hls/defunes/playlist.m3u8 HTTP/1.1", host: "192.168.10.120"
2025/02/19 01:39:04 [error] 30#30: *3 open() "/usr/share/nginx/html/stub_status" failed (2: No such file or directory), client: 192.168.208.1, server: localhost, request: "GET /stub_status HTTP/1.1", host: "192.168.208.3:80"
2025/02/19 01:39:04 [error] 30#30: *4 open() "/usr/share/nginx/html/basic_status" failed (2: No such file or directory), client: 192.168.208.1, server: localhost, request: "GET /basic_status HTTP/1.1", host: "192.168.208.3:80"
2025/02/19 01:39:04 [error] 30#30: *5 open() "/usr/share/nginx/html/nginx_status" failed (2: No such file or directory), client: 192.168.208.1, server: localhost, request: "GET /nginx_status HTTP/1.1", host: "192.168.208.3:80"
2025/02/19 01:39:04 [error] 30#30: *6 open() "/usr/share/nginx/html/status" failed (2: No such file or directory), client: 192.168.208.1, server: localhost, request: "GET /status HTTP/1.1", host: "192.168.208.3:80"
2025/02/19 01:39:05 [error] 30#30: *1 open() "/hls/defunes/segment_20250219013904.ts" failed (2: No such file or directory), client: 192.168.10.85, server: localhost, request: "GET /hls/defunes/segment_20250219013904.ts HTTP/1.1", host: "192.168.10.120"
2025/02/19 01:39:05 [error] 30#30: *1 open() "/hls/defunes/segment_20250219013904.ts" failed (2: No such file or directory), client: 192.168.10.85, server: localhost, request: "GET /hls/defunes/segment_20250219013904.ts HTTP/1.1", host: "192.168.10.120"
2025/02/19 01:39:06 [error] 30#30: *1 open() "/hls/defunes/segment_20250219013904.ts" failed (2: No such file or directory), client: 192.168.10.85, server: localhost, request: "GET /hls/defunes/segment_20250219013904.ts HTTP/1.1", host: "192.168.10.120"
2025/02/19 01:39:08 [error] 30#30: *1 open() "/hls/defunes/segment_20250219013904.ts" failed (2: No such file or directory), client: 192.168.10.85, server: localhost, request: "GET /hls/defunes/segment_20250219013904.ts HTTP/1.1", host: "192.168.10.120"
2025/02/19 01:39:12 [error] 30#30: *1 open() "/hls/defunes/segment_20250219013904.ts" failed (2: No such file or directory), client: 192.168.10.85, server: localhost, request: "GET /hls/defunes/segment_20250219013904.ts HTTP/1.1", host: "192.168.10.120"
2025/02/19 01:39:16 [error] 30#30: *1 open() "/hls/defunes/segment_20250219013904.ts" failed (2: No such file or directory), client: 192.168.10.85, server: localhost, request: "GET /hls/defunes/segment_20250219013904.ts HTTP/1.1", host: "192.168.10.120"
2025/02/19 01:39:21 [error] 30#30: *1 open() "/hls/defunes/segment_20250219013904.ts" failed (2: No such file or directory), client: 192.168.10.85, server: localhost, request: "GET /hls/defunes/segment_20250219013904.ts HTTP/1.1", host: "192.168.10.120"
2025/02/19 01:39:26 [error] 30#30: *1 open() "/hls/defunes/segment_20250219013904.ts" failed (2: No such file or directory), client: 192.168.10.85, server: localhost, request: "GET /hls/defunes/segment_20250219013904.ts HTTP/1.1", host: "192.168.10.120"
