2025/02/20 15:31:41 [error] 30#30: *2 open() "/usr/share/nginx/html/stub_status" failed (2: No such file or directory), client: 172.29.0.1, server: localhost, request: "GET /stub_status HTTP/1.1", host: "172.29.0.3:80"
2025/02/20 15:31:41 [error] 30#30: *3 open() "/usr/share/nginx/html/basic_status" failed (2: No such file or directory), client: 172.29.0.1, server: localhost, request: "GET /basic_status HTTP/1.1", host: "172.29.0.3:80"
2025/02/20 15:31:41 [error] 30#30: *4 open() "/usr/share/nginx/html/nginx_status" failed (2: No such file or directory), client: 172.29.0.1, server: localhost, request: "GET /nginx_status HTTP/1.1", host: "172.29.0.3:80"
2025/02/20 15:31:41 [error] 30#30: *5 open() "/usr/share/nginx/html/status" failed (2: No such file or directory), client: 172.29.0.1, server: localhost, request: "GET /status HTTP/1.1", host: "172.29.0.3:80"
2025/02/20 15:33:41 [error] 30#30: *2 open() "/usr/share/nginx/html/stub_status" failed (2: No such file or directory), client: 172.30.0.1, server: localhost, request: "GET /stub_status HTTP/1.1", host: "172.30.0.3:80"
2025/02/20 15:33:41 [error] 30#30: *3 open() "/usr/share/nginx/html/basic_status" failed (2: No such file or directory), client: 172.30.0.1, server: localhost, request: "GET /basic_status HTTP/1.1", host: "172.30.0.3:80"
2025/02/20 15:33:41 [error] 30#30: *4 open() "/usr/share/nginx/html/nginx_status" failed (2: No such file or directory), client: 172.30.0.1, server: localhost, request: "GET /nginx_status HTTP/1.1", host: "172.30.0.3:80"
2025/02/20 15:33:41 [error] 30#30: *5 open() "/usr/share/nginx/html/status" failed (2: No such file or directory), client: 172.30.0.1, server: localhost, request: "GET /status HTTP/1.1", host: "172.30.0.3:80"
2025/02/20 15:45:41 [error] 30#30: *1 open() "/usr/share/nginx/html/stub_status" failed (2: No such file or directory), client: 172.31.0.1, server: localhost, request: "GET /stub_status HTTP/1.1", host: "172.31.0.3:80"
2025/02/20 15:45:41 [error] 30#30: *2 open() "/usr/share/nginx/html/basic_status" failed (2: No such file or directory), client: 172.31.0.1, server: localhost, request: "GET /basic_status HTTP/1.1", host: "172.31.0.3:80"
2025/02/20 15:45:41 [error] 30#30: *3 open() "/usr/share/nginx/html/nginx_status" failed (2: No such file or directory), client: 172.31.0.1, server: localhost, request: "GET /nginx_status HTTP/1.1", host: "172.31.0.3:80"
2025/02/20 15:45:41 [error] 30#30: *4 open() "/usr/share/nginx/html/status" failed (2: No such file or directory), client: 172.31.0.1, server: localhost, request: "GET /status HTTP/1.1", host: "172.31.0.3:80"
2025/02/20 15:51:41 [error] 30#30: *1 open() "/usr/share/nginx/html/stub_status" failed (2: No such file or directory), client: 192.168.32.1, server: localhost, request: "GET /stub_status HTTP/1.1", host: "192.168.32.3:80"
2025/02/20 15:51:41 [error] 30#30: *2 open() "/usr/share/nginx/html/basic_status" failed (2: No such file or directory), client: 192.168.32.1, server: localhost, request: "GET /basic_status HTTP/1.1", host: "192.168.32.3:80"
2025/02/20 15:51:41 [error] 30#30: *3 open() "/usr/share/nginx/html/nginx_status" failed (2: No such file or directory), client: 192.168.32.1, server: localhost, request: "GET /nginx_status HTTP/1.1", host: "192.168.32.3:80"
2025/02/20 15:51:41 [error] 30#30: *4 open() "/usr/share/nginx/html/status" failed (2: No such file or directory), client: 192.168.32.1, server: localhost, request: "GET /status HTTP/1.1", host: "192.168.32.3:80"
2025/02/20 15:53:31 [error] 30#30: *5 open() "/hls/playlist.m3u" failed (2: No such file or directory), client: 192.168.32.1, server: localhost, request: "GET /hls/playlist.m3u HTTP/1.1", host: "192.168.10.120"
2025/02/20 16:06:41 [error] 29#29: *1 open() "/usr/share/nginx/html/stub_status" failed (2: No such file or directory), client: 192.168.112.1, server: localhost, request: "GET /stub_status HTTP/1.1", host: "192.168.112.3:80"
2025/02/20 16:06:41 [error] 29#29: *2 open() "/usr/share/nginx/html/basic_status" failed (2: No such file or directory), client: 192.168.112.1, server: localhost, request: "GET /basic_status HTTP/1.1", host: "192.168.112.3:80"
2025/02/20 16:06:41 [error] 29#29: *3 open() "/usr/share/nginx/html/nginx_status" failed (2: No such file or directory), client: 192.168.112.1, server: localhost, request: "GET /nginx_status HTTP/1.1", host: "192.168.112.3:80"
2025/02/20 16:06:41 [error] 29#29: *4 open() "/usr/share/nginx/html/status" failed (2: No such file or directory), client: 192.168.112.1, server: localhost, request: "GET /status HTTP/1.1", host: "192.168.112.3:80"
2025/02/20 16:13:31 [error] 29#29: *5 open() "/hls/playlist.m3u" failed (2: No such file or directory), client: 192.168.112.1, server: localhost, request: "GET /hls/playlist.m3u HTTP/1.1", host: "192.168.10.120"
2025/02/20 16:23:00 [error] 29#29: *1 open() "/hls/cameron/playlist.m3u8" failed (2: No such file or directory), client: 192.168.10.104, server: localhost, request: "GET /hls/cameron/playlist.m3u8 HTTP/1.1", host: "192.168.10.120"
2025/02/20 16:23:00 [error] 29#29: *1 open() "/hls/cameron/playlist.m3u8" failed (2: No such file or directory), client: 192.168.10.104, server: localhost, request: "GET /hls/cameron/playlist.m3u8 HTTP/1.1", host: "192.168.10.120"
2025/02/20 16:23:01 [error] 29#29: *1 open() "/hls/cameron/playlist.m3u8" failed (2: No such file or directory), client: 192.168.10.104, server: localhost, request: "GET /hls/cameron/playlist.m3u8 HTTP/1.1", host: "192.168.10.120"
2025/02/20 16:23:03 [error] 29#29: *2 open() "/hls/cameron/segment_67.ts" failed (2: No such file or directory), client: 192.168.10.104, server: localhost, request: "GET /hls/cameron/segment_67.ts HTTP/1.1", host: "192.168.10.120"
2025/02/20 16:23:03 [error] 29#29: *1 open() "/hls/cameron/segment_67.ts" failed (2: No such file or directory), client: 192.168.10.104, server: localhost, request: "GET /hls/cameron/segment_67.ts HTTP/1.1", host: "192.168.10.120"
2025/02/20 16:23:04 [error] 29#29: *1 open() "/hls/cameron/segment_67.ts" failed (2: No such file or directory), client: 192.168.10.104, server: localhost, request: "GET /hls/cameron/segment_67.ts HTTP/1.1", host: "192.168.10.120"
2025/02/20 16:23:06 [error] 29#29: *1 open() "/hls/LeGendarme/playlist.m3u8" failed (2: No such file or directory), client: 192.168.10.104, server: localhost, request: "GET /hls/LeGendarme/playlist.m3u8 HTTP/1.1", host: "192.168.10.120"
2025/02/20 16:23:06 [error] 29#29: *1 open() "/hls/LeGendarme/playlist.m3u8" failed (2: No such file or directory), client: 192.168.10.104, server: localhost, request: "GET /hls/LeGendarme/playlist.m3u8 HTTP/1.1", host: "192.168.10.120"
2025/02/20 16:23:07 [error] 29#29: *1 open() "/hls/LeGendarme/playlist.m3u8" failed (2: No such file or directory), client: 192.168.10.104, server: localhost, request: "GET /hls/LeGendarme/playlist.m3u8 HTTP/1.1", host: "192.168.10.120"
2025/02/20 16:23:09 [error] 29#29: *1 open() "/hls/LeGendarme/segment_4.ts" failed (2: No such file or directory), client: 192.168.10.104, server: localhost, request: "GET /hls/LeGendarme/segment_4.ts HTTP/1.1", host: "192.168.10.120"
2025/02/20 16:23:09 [error] 29#29: *1 open() "/hls/LeGendarme/segment_4.ts" failed (2: No such file or directory), client: 192.168.10.104, server: localhost, request: "GET /hls/LeGendarme/segment_4.ts HTTP/1.1", host: "192.168.10.120"
2025/02/20 16:23:10 [error] 29#29: *1 open() "/hls/LeGendarme/segment_4.ts" failed (2: No such file or directory), client: 192.168.10.104, server: localhost, request: "GET /hls/LeGendarme/segment_4.ts HTTP/1.1", host: "192.168.10.120"
2025/02/20 16:23:11 [error] 29#29: *1 open() "/hls/loop/playlist.m3u8" failed (2: No such file or directory), client: 192.168.10.104, server: localhost, request: "GET /hls/loop/playlist.m3u8 HTTP/1.1", host: "192.168.10.120"
2025/02/20 16:23:11 [error] 29#29: *1 open() "/hls/loop/playlist.m3u8" failed (2: No such file or directory), client: 192.168.10.104, server: localhost, request: "GET /hls/loop/playlist.m3u8 HTTP/1.1", host: "192.168.10.120"
2025/02/20 16:23:12 [error] 29#29: *1 open() "/hls/loop/playlist.m3u8" failed (2: No such file or directory), client: 192.168.10.104, server: localhost, request: "GET /hls/loop/playlist.m3u8 HTTP/1.1", host: "192.168.10.120"
2025/02/20 16:23:12 [error] 29#29: *1 open() "/hls/defunes/playlist.m3u8" failed (2: No such file or directory), client: 192.168.10.104, server: localhost, request: "GET /hls/defunes/playlist.m3u8 HTTP/1.1", host: "192.168.10.120"
2025/02/20 16:23:12 [error] 29#29: *1 open() "/hls/defunes/playlist.m3u8" failed (2: No such file or directory), client: 192.168.10.104, server: localhost, request: "GET /hls/defunes/playlist.m3u8 HTTP/1.1", host: "192.168.10.120"
2025/02/20 16:23:14 [error] 29#29: *1 open() "/hls/LeGendarme/segment_99.ts" failed (2: No such file or directory), client: 192.168.10.104, server: localhost, request: "GET /hls/LeGendarme/segment_99.ts HTTP/1.1", host: "192.168.10.120"
2025/02/20 16:23:14 [error] 29#29: *1 open() "/hls/LeGendarme/segment_99.ts" failed (2: No such file or directory), client: 192.168.10.104, server: localhost, request: "GET /hls/LeGendarme/segment_99.ts HTTP/1.1", host: "192.168.10.120"
2025/02/20 16:23:15 [error] 29#29: *1 open() "/hls/LeGendarme/segment_99.ts" failed (2: No such file or directory), client: 192.168.10.104, server: localhost, request: "GET /hls/LeGendarme/segment_99.ts HTTP/1.1", host: "192.168.10.120"
2025/02/20 16:23:17 [error] 29#29: *1 open() "/hls/LeGendarme/segment_99.ts" failed (2: No such file or directory), client: 192.168.10.104, server: localhost, request: "GET /hls/LeGendarme/segment_99.ts HTTP/1.1", host: "192.168.10.120"
2025/02/20 16:23:20 [error] 29#29: *1 open() "/hls/LeGendarme/segment_99.ts" failed (2: No such file or directory), client: 192.168.10.104, server: localhost, request: "GET /hls/LeGendarme/segment_99.ts HTTP/1.1", host: "192.168.10.120"
2025/02/20 16:23:39 [error] 29#29: *1 open() "/hls/LeGendarme/segment_815.ts" failed (2: No such file or directory), client: 192.168.10.104, server: localhost, request: "GET /hls/LeGendarme/segment_815.ts HTTP/1.1", host: "192.168.10.120"
2025/02/20 16:23:39 [error] 29#29: *1 open() "/hls/LeGendarme/segment_815.ts" failed (2: No such file or directory), client: 192.168.10.104, server: localhost, request: "GET /hls/LeGendarme/segment_815.ts HTTP/1.1", host: "192.168.10.120"
2025/02/20 16:23:40 [error] 29#29: *1 open() "/hls/LeGendarme/segment_815.ts" failed (2: No such file or directory), client: 192.168.10.104, server: localhost, request: "GET /hls/LeGendarme/segment_815.ts HTTP/1.1", host: "192.168.10.120"
2025/02/20 16:23:41 [error] 29#29: *4 open() "/usr/share/nginx/html/stub_status" failed (2: No such file or directory), client: 192.168.128.1, server: localhost, request: "GET /stub_status HTTP/1.1", host: "192.168.128.3:80"
2025/02/20 16:23:41 [error] 29#29: *5 open() "/usr/share/nginx/html/basic_status" failed (2: No such file or directory), client: 192.168.128.1, server: localhost, request: "GET /basic_status HTTP/1.1", host: "192.168.128.3:80"
2025/02/20 16:23:41 [error] 29#29: *6 open() "/usr/share/nginx/html/nginx_status" failed (2: No such file or directory), client: 192.168.128.1, server: localhost, request: "GET /nginx_status HTTP/1.1", host: "192.168.128.3:80"
2025/02/20 16:23:41 [error] 29#29: *7 open() "/usr/share/nginx/html/status" failed (2: No such file or directory), client: 192.168.128.1, server: localhost, request: "GET /status HTTP/1.1", host: "192.168.128.3:80"
2025/02/20 16:23:42 [error] 29#29: *1 open() "/hls/LeGendarme/segment_815.ts" failed (2: No such file or directory), client: 192.168.10.104, server: localhost, request: "GET /hls/LeGendarme/segment_815.ts HTTP/1.1", host: "192.168.10.120"
2025/02/20 16:23:46 [error] 29#29: *1 open() "/hls/LeGendarme/segment_815.ts" failed (2: No such file or directory), client: 192.168.10.104, server: localhost, request: "GET /hls/LeGendarme/segment_815.ts HTTP/1.1", host: "192.168.10.120"
2025/02/20 16:23:50 [error] 29#29: *1 open() "/hls/LeGendarme/segment_1110.ts" failed (2: No such file or directory), client: 192.168.10.104, server: localhost, request: "GET /hls/LeGendarme/segment_1110.ts HTTP/1.1", host: "192.168.10.120"
2025/02/20 16:23:50 [error] 29#29: *1 open() "/hls/LeGendarme/segment_1110.ts" failed (2: No such file or directory), client: 192.168.10.104, server: localhost, request: "GET /hls/LeGendarme/segment_1110.ts HTTP/1.1", host: "192.168.10.120"
2025/02/20 16:23:51 [error] 29#29: *1 open() "/hls/LeGendarme/segment_1110.ts" failed (2: No such file or directory), client: 192.168.10.104, server: localhost, request: "GET /hls/LeGendarme/segment_1110.ts HTTP/1.1", host: "192.168.10.120"
2025/02/20 16:23:53 [error] 29#29: *1 open() "/hls/LeGendarme/segment_1110.ts" failed (2: No such file or directory), client: 192.168.10.104, server: localhost, request: "GET /hls/LeGendarme/segment_1110.ts HTTP/1.1", host: "192.168.10.120"
2025/02/20 16:23:56 [error] 29#29: *1 open() "/hls/LeGendarme/segment_1110.ts" failed (2: No such file or directory), client: 192.168.10.104, server: localhost, request: "GET /hls/LeGendarme/segment_1110.ts HTTP/1.1", host: "192.168.10.120"
2025/02/20 16:24:00 [error] 29#29: *2 open() "/hls/LeGendarme/segment_1416.ts" failed (2: No such file or directory), client: 192.168.10.104, server: localhost, request: "GET /hls/LeGendarme/segment_1416.ts HTTP/1.1", host: "192.168.10.120"
2025/02/20 16:24:00 [error] 29#29: *2 open() "/hls/LeGendarme/segment_1416.ts" failed (2: No such file or directory), client: 192.168.10.104, server: localhost, request: "GET /hls/LeGendarme/segment_1416.ts HTTP/1.1", host: "192.168.10.120"
2025/02/20 16:24:01 [error] 29#29: *2 open() "/hls/LeGendarme/segment_1416.ts" failed (2: No such file or directory), client: 192.168.10.104, server: localhost, request: "GET /hls/LeGendarme/segment_1416.ts HTTP/1.1", host: "192.168.10.120"
2025/02/20 16:24:03 [error] 29#29: *2 open() "/hls/LeGendarme/segment_1416.ts" failed (2: No such file or directory), client: 192.168.10.104, server: localhost, request: "GET /hls/LeGendarme/segment_1416.ts HTTP/1.1", host: "192.168.10.120"
2025/02/20 16:24:05 [error] 29#29: *8 open() "/hls/LeGendarme/segment_1547.ts" failed (2: No such file or directory), client: 192.168.10.104, server: localhost, request: "GET /hls/LeGendarme/segment_1547.ts HTTP/1.1", host: "192.168.10.120"
2025/02/20 16:24:05 [error] 29#29: *2 open() "/hls/LeGendarme/segment_1547.ts" failed (2: No such file or directory), client: 192.168.10.104, server: localhost, request: "GET /hls/LeGendarme/segment_1547.ts HTTP/1.1", host: "192.168.10.120"
2025/02/20 16:24:06 [error] 29#29: *2 open() "/hls/LeGendarme/segment_1547.ts" failed (2: No such file or directory), client: 192.168.10.104, server: localhost, request: "GET /hls/LeGendarme/segment_1547.ts HTTP/1.1", host: "192.168.10.120"
2025/02/20 16:24:08 [error] 29#29: *2 open() "/hls/LeGendarme/segment_1547.ts" failed (2: No such file or directory), client: 192.168.10.104, server: localhost, request: "GET /hls/LeGendarme/segment_1547.ts HTTP/1.1", host: "192.168.10.120"
2025/02/20 16:24:09 [error] 29#29: *2 open() "/hls/LeGendarme/segment_1672.ts" failed (2: No such file or directory), client: 192.168.10.104, server: localhost, request: "GET /hls/LeGendarme/segment_1672.ts HTTP/1.1", host: "192.168.10.120"
2025/02/20 16:24:09 [error] 29#29: *2 open() "/hls/LeGendarme/segment_1672.ts" failed (2: No such file or directory), client: 192.168.10.104, server: localhost, request: "GET /hls/LeGendarme/segment_1672.ts HTTP/1.1", host: "192.168.10.120"
2025/02/20 16:24:10 [error] 29#29: *2 open() "/hls/LeGendarme/segment_1672.ts" failed (2: No such file or directory), client: 192.168.10.104, server: localhost, request: "GET /hls/LeGendarme/segment_1672.ts HTTP/1.1", host: "192.168.10.120"
2025/02/20 16:24:12 [error] 29#29: *2 open() "/hls/LeGendarme/segment_1672.ts" failed (2: No such file or directory), client: 192.168.10.104, server: localhost, request: "GET /hls/LeGendarme/segment_1672.ts HTTP/1.1", host: "192.168.10.120"
2025/02/20 16:24:13 [error] 29#29: *2 open() "/hls/LeGendarme/segment_1812.ts" failed (2: No such file or directory), client: 192.168.10.104, server: localhost, request: "GET /hls/LeGendarme/segment_1812.ts HTTP/1.1", host: "192.168.10.120"
2025/02/20 16:24:13 [error] 29#29: *2 open() "/hls/LeGendarme/segment_1812.ts" failed (2: No such file or directory), client: 192.168.10.104, server: localhost, request: "GET /hls/LeGendarme/segment_1812.ts HTTP/1.1", host: "192.168.10.120"
2025/02/20 16:24:14 [error] 29#29: *2 open() "/hls/LeGendarme/segment_1812.ts" failed (2: No such file or directory), client: 192.168.10.104, server: localhost, request: "GET /hls/LeGendarme/segment_1812.ts HTTP/1.1", host: "192.168.10.120"
2025/02/20 16:24:16 [error] 29#29: *2 open() "/hls/LeGendarme/segment_1812.ts" failed (2: No such file or directory), client: 192.168.10.104, server: localhost, request: "GET /hls/LeGendarme/segment_1812.ts HTTP/1.1", host: "192.168.10.120"
2025/02/20 16:24:18 [error] 29#29: *2 open() "/hls/LeGendarme/segment_1945.ts" failed (2: No such file or directory), client: 192.168.10.104, server: localhost, request: "GET /hls/LeGendarme/segment_1945.ts HTTP/1.1", host: "192.168.10.120"
2025/02/20 16:24:18 [error] 29#29: *2 open() "/hls/LeGendarme/segment_1945.ts" failed (2: No such file or directory), client: 192.168.10.104, server: localhost, request: "GET /hls/LeGendarme/segment_1945.ts HTTP/1.1", host: "192.168.10.120"
2025/02/20 16:24:19 [error] 29#29: *2 open() "/hls/LeGendarme/segment_1945.ts" failed (2: No such file or directory), client: 192.168.10.104, server: localhost, request: "GET /hls/LeGendarme/segment_1945.ts HTTP/1.1", host: "192.168.10.120"
2025/02/20 16:24:21 [error] 29#29: *2 open() "/hls/LeGendarme/segment_1945.ts" failed (2: No such file or directory), client: 192.168.10.104, server: localhost, request: "GET /hls/LeGendarme/segment_1945.ts HTTP/1.1", host: "192.168.10.120"
2025/02/20 16:24:22 [error] 29#29: *2 open() "/hls/LeGendarme/segment_2071.ts" failed (2: No such file or directory), client: 192.168.10.104, server: localhost, request: "GET /hls/LeGendarme/segment_2071.ts HTTP/1.1", host: "192.168.10.120"
2025/02/20 16:24:22 [error] 29#29: *2 open() "/hls/LeGendarme/segment_2071.ts" failed (2: No such file or directory), client: 192.168.10.104, server: localhost, request: "GET /hls/LeGendarme/segment_2071.ts HTTP/1.1", host: "192.168.10.120"
2025/02/20 16:24:24 [error] 29#29: *2 open() "/hls/LeGendarme/segment_2071.ts" failed (2: No such file or directory), client: 192.168.10.104, server: localhost, request: "GET /hls/LeGendarme/segment_2071.ts HTTP/1.1", host: "192.168.10.120"
2025/02/20 16:24:26 [error] 29#29: *2 open() "/hls/LeGendarme/segment_2071.ts" failed (2: No such file or directory), client: 192.168.10.104, server: localhost, request: "GET /hls/LeGendarme/segment_2071.ts HTTP/1.1", host: "192.168.10.120"
2025/02/20 16:24:29 [error] 29#29: *2 open() "/hls/LeGendarme/segment_2071.ts" failed (2: No such file or directory), client: 192.168.10.104, server: localhost, request: "GET /hls/LeGendarme/segment_2071.ts HTTP/1.1", host: "192.168.10.120"
2025/02/20 16:24:30 [error] 29#29: *2 open() "/hls/LeGendarme/segment_2306.ts" failed (2: No such file or directory), client: 192.168.10.104, server: localhost, request: "GET /hls/LeGendarme/segment_2306.ts HTTP/1.1", host: "192.168.10.120"
2025/02/20 16:24:31 [error] 29#29: *2 open() "/hls/LeGendarme/segment_2306.ts" failed (2: No such file or directory), client: 192.168.10.104, server: localhost, request: "GET /hls/LeGendarme/segment_2306.ts HTTP/1.1", host: "192.168.10.120"
2025/02/20 16:24:32 [error] 29#29: *2 open() "/hls/LeGendarme/segment_2306.ts" failed (2: No such file or directory), client: 192.168.10.104, server: localhost, request: "GET /hls/LeGendarme/segment_2306.ts HTTP/1.1", host: "192.168.10.120"
2025/02/20 16:24:34 [error] 29#29: *2 open() "/hls/LeGendarme/segment_2306.ts" failed (2: No such file or directory), client: 192.168.10.104, server: localhost, request: "GET /hls/LeGendarme/segment_2306.ts HTTP/1.1", host: "192.168.10.120"
2025/02/20 16:24:37 [error] 29#29: *2 open() "/hls/LeGendarme/segment_2306.ts" failed (2: No such file or directory), client: 192.168.10.104, server: localhost, request: "GET /hls/LeGendarme/segment_2306.ts HTTP/1.1", host: "192.168.10.120"
2025/02/20 16:24:42 [error] 29#29: *2 open() "/hls/LeGendarme/segment_2576.ts" failed (2: No such file or directory), client: 192.168.10.104, server: localhost, request: "GET /hls/LeGendarme/segment_2576.ts HTTP/1.1", host: "192.168.10.120"
2025/02/20 16:24:42 [error] 29#29: *2 open() "/hls/LeGendarme/segment_2576.ts" failed (2: No such file or directory), client: 192.168.10.104, server: localhost, request: "GET /hls/LeGendarme/segment_2576.ts HTTP/1.1", host: "192.168.10.120"
2025/02/20 16:24:43 [error] 29#29: *2 open() "/hls/LeGendarme/segment_2576.ts" failed (2: No such file or directory), client: 192.168.10.104, server: localhost, request: "GET /hls/LeGendarme/segment_2576.ts HTTP/1.1", host: "192.168.10.120"
2025/02/20 16:24:45 [error] 29#29: *2 open() "/hls/LeGendarme/segment_2576.ts" failed (2: No such file or directory), client: 192.168.10.104, server: localhost, request: "GET /hls/LeGendarme/segment_2576.ts HTTP/1.1", host: "192.168.10.120"
2025/02/20 16:24:47 [error] 29#29: *2 open() "/hls/LeGendarme/segment_2679.ts" failed (2: No such file or directory), client: 192.168.10.104, server: localhost, request: "GET /hls/LeGendarme/segment_2679.ts HTTP/1.1", host: "192.168.10.120"
2025/02/20 16:24:47 [error] 29#29: *2 open() "/hls/LeGendarme/segment_2679.ts" failed (2: No such file or directory), client: 192.168.10.104, server: localhost, request: "GET /hls/LeGendarme/segment_2679.ts HTTP/1.1", host: "192.168.10.120"
2025/02/20 16:24:48 [error] 29#29: *2 open() "/hls/LeGendarme/segment_2679.ts" failed (2: No such file or directory), client: 192.168.10.104, server: localhost, request: "GET /hls/LeGendarme/segment_2679.ts HTTP/1.1", host: "192.168.10.120"
2025/02/20 16:24:50 [error] 29#29: *2 open() "/hls/LeGendarme/segment_2679.ts" failed (2: No such file or directory), client: 192.168.10.104, server: localhost, request: "GET /hls/LeGendarme/segment_2679.ts HTTP/1.1", host: "192.168.10.120"
2025/02/20 16:24:51 [error] 29#29: *2 open() "/hls/LeGendarme/segment_2806.ts" failed (2: No such file or directory), client: 192.168.10.104, server: localhost, request: "GET /hls/LeGendarme/segment_2806.ts HTTP/1.1", host: "192.168.10.120"
2025/02/20 16:24:51 [error] 29#29: *2 open() "/hls/LeGendarme/segment_2806.ts" failed (2: No such file or directory), client: 192.168.10.104, server: localhost, request: "GET /hls/LeGendarme/segment_2806.ts HTTP/1.1", host: "192.168.10.120"
2025/02/20 16:24:52 [error] 29#29: *2 open() "/hls/LeGendarme/segment_2806.ts" failed (2: No such file or directory), client: 192.168.10.104, server: localhost, request: "GET /hls/LeGendarme/segment_2806.ts HTTP/1.1", host: "192.168.10.120"
2025/02/20 16:24:54 [error] 29#29: *2 open() "/hls/LeGendarme/segment_2806.ts" failed (2: No such file or directory), client: 192.168.10.104, server: localhost, request: "GET /hls/LeGendarme/segment_2806.ts HTTP/1.1", host: "192.168.10.120"
2025/02/20 16:24:56 [error] 29#29: *2 open() "/hls/LeGendarme/segment_2926.ts" failed (2: No such file or directory), client: 192.168.10.104, server: localhost, request: "GET /hls/LeGendarme/segment_2926.ts HTTP/1.1", host: "192.168.10.120"
2025/02/20 16:24:56 [error] 29#29: *2 open() "/hls/LeGendarme/segment_2926.ts" failed (2: No such file or directory), client: 192.168.10.104, server: localhost, request: "GET /hls/LeGendarme/segment_2926.ts HTTP/1.1", host: "192.168.10.120"
2025/02/20 16:24:57 [error] 29#29: *2 open() "/hls/LeGendarme/segment_2926.ts" failed (2: No such file or directory), client: 192.168.10.104, server: localhost, request: "GET /hls/LeGendarme/segment_2926.ts HTTP/1.1", host: "192.168.10.120"
2025/02/20 16:24:59 [error] 29#29: *2 open() "/hls/LeGendarme/segment_2926.ts" failed (2: No such file or directory), client: 192.168.10.104, server: localhost, request: "GET /hls/LeGendarme/segment_2926.ts HTTP/1.1", host: "192.168.10.120"
2025/02/20 16:25:02 [error] 29#29: *2 open() "/hls/LeGendarme/segment_2926.ts" failed (2: No such file or directory), client: 192.168.10.104, server: localhost, request: "GET /hls/LeGendarme/segment_2926.ts HTTP/1.1", host: "192.168.10.120"
2025/02/20 16:25:06 [error] 29#29: *2 open() "/hls/LeGendarme/segment_3187.ts" failed (2: No such file or directory), client: 192.168.10.104, server: localhost, request: "GET /hls/LeGendarme/segment_3187.ts HTTP/1.1", host: "192.168.10.120"
2025/02/20 16:25:06 [error] 29#29: *2 open() "/hls/LeGendarme/segment_3187.ts" failed (2: No such file or directory), client: 192.168.10.104, server: localhost, request: "GET /hls/LeGendarme/segment_3187.ts HTTP/1.1", host: "192.168.10.120"
2025/02/20 16:25:07 [error] 29#29: *2 open() "/hls/LeGendarme/segment_3187.ts" failed (2: No such file or directory), client: 192.168.10.104, server: localhost, request: "GET /hls/LeGendarme/segment_3187.ts HTTP/1.1", host: "192.168.10.120"
2025/02/20 16:25:09 [error] 29#29: *2 open() "/hls/LeGendarme/segment_3187.ts" failed (2: No such file or directory), client: 192.168.10.104, server: localhost, request: "GET /hls/LeGendarme/segment_3187.ts HTTP/1.1", host: "192.168.10.120"
2025/02/20 16:25:12 [error] 29#29: *2 open() "/hls/LeGendarme/segment_3187.ts" failed (2: No such file or directory), client: 192.168.10.104, server: localhost, request: "GET /hls/LeGendarme/segment_3187.ts HTTP/1.1", host: "192.168.10.120"
2025/02/20 16:25:18 [error] 29#29: *10 open() "/hls/LeGendarme/segment_3460.ts" failed (2: No such file or directory), client: 192.168.10.104, server: localhost, request: "GET /hls/LeGendarme/segment_3460.ts HTTP/1.1", host: "192.168.10.120"
2025/02/20 16:25:18 [error] 29#29: *10 open() "/hls/LeGendarme/segment_3460.ts" failed (2: No such file or directory), client: 192.168.10.104, server: localhost, request: "GET /hls/LeGendarme/segment_3460.ts HTTP/1.1", host: "192.168.10.120"
2025/02/20 16:25:19 [error] 29#29: *10 open() "/hls/LeGendarme/segment_3460.ts" failed (2: No such file or directory), client: 192.168.10.104, server: localhost, request: "GET /hls/LeGendarme/segment_3460.ts HTTP/1.1", host: "192.168.10.120"
2025/02/20 16:25:21 [error] 29#29: *10 open() "/hls/LeGendarme/segment_3460.ts" failed (2: No such file or directory), client: 192.168.10.104, server: localhost, request: "GET /hls/LeGendarme/segment_3460.ts HTTP/1.1", host: "192.168.10.120"
2025/02/20 16:25:22 [error] 29#29: *10 open() "/hls/LeGendarme/segment_3568.ts" failed (2: No such file or directory), client: 192.168.10.104, server: localhost, request: "GET /hls/LeGendarme/segment_3568.ts HTTP/1.1", host: "192.168.10.120"
2025/02/20 16:25:22 [error] 29#29: *10 open() "/hls/LeGendarme/segment_3568.ts" failed (2: No such file or directory), client: 192.168.10.104, server: localhost, request: "GET /hls/LeGendarme/segment_3568.ts HTTP/1.1", host: "192.168.10.120"
2025/02/20 16:25:23 [error] 29#29: *10 open() "/hls/LeGendarme/segment_3568.ts" failed (2: No such file or directory), client: 192.168.10.104, server: localhost, request: "GET /hls/LeGendarme/segment_3568.ts HTTP/1.1", host: "192.168.10.120"
2025/02/20 16:25:26 [error] 29#29: *10 open() "/hls/LeGendarme/segment_3568.ts" failed (2: No such file or directory), client: 192.168.10.104, server: localhost, request: "GET /hls/LeGendarme/segment_3568.ts HTTP/1.1", host: "192.168.10.120"
2025/02/20 16:25:27 [error] 29#29: *10 open() "/hls/LeGendarme/segment_3697.ts" failed (2: No such file or directory), client: 192.168.10.104, server: localhost, request: "GET /hls/LeGendarme/segment_3697.ts HTTP/1.1", host: "192.168.10.120"
2025/02/20 16:25:27 [error] 29#29: *10 open() "/hls/LeGendarme/segment_3697.ts" failed (2: No such file or directory), client: 192.168.10.104, server: localhost, request: "GET /hls/LeGendarme/segment_3697.ts HTTP/1.1", host: "192.168.10.120"
2025/02/20 16:25:28 [error] 29#29: *10 open() "/hls/LeGendarme/segment_3697.ts" failed (2: No such file or directory), client: 192.168.10.104, server: localhost, request: "GET /hls/LeGendarme/segment_3697.ts HTTP/1.1", host: "192.168.10.120"
2025/02/20 16:25:30 [error] 29#29: *10 open() "/hls/LeGendarme/segment_3697.ts" failed (2: No such file or directory), client: 192.168.10.104, server: localhost, request: "GET /hls/LeGendarme/segment_3697.ts HTTP/1.1", host: "192.168.10.120"
2025/02/20 16:25:33 [error] 29#29: *10 open() "/hls/LeGendarme/segment_3697.ts" failed (2: No such file or directory), client: 192.168.10.104, server: localhost, request: "GET /hls/LeGendarme/segment_3697.ts HTTP/1.1", host: "192.168.10.120"
2025/02/20 16:25:37 [error] 29#29: *10 open() "/hls/LeGendarme/segment_3697.ts" failed (2: No such file or directory), client: 192.168.10.104, server: localhost, request: "GET /hls/LeGendarme/segment_3697.ts HTTP/1.1", host: "192.168.10.120"
2025/02/20 16:25:38 [error] 29#29: *10 open() "/hls/LeGendarme/segment_3993.ts" failed (2: No such file or directory), client: 192.168.10.104, server: localhost, request: "GET /hls/LeGendarme/segment_3993.ts HTTP/1.1", host: "192.168.10.120"
2025/02/20 16:25:38 [error] 29#29: *10 open() "/hls/LeGendarme/segment_3993.ts" failed (2: No such file or directory), client: 192.168.10.104, server: localhost, request: "GET /hls/LeGendarme/segment_3993.ts HTTP/1.1", host: "192.168.10.120"
2025/02/20 16:25:39 [error] 29#29: *10 open() "/hls/LeGendarme/segment_3993.ts" failed (2: No such file or directory), client: 192.168.10.104, server: localhost, request: "GET /hls/LeGendarme/segment_3993.ts HTTP/1.1", host: "192.168.10.120"
2025/02/20 16:25:41 [error] 29#29: *10 open() "/hls/LeGendarme/segment_3993.ts" failed (2: No such file or directory), client: 192.168.10.104, server: localhost, request: "GET /hls/LeGendarme/segment_3993.ts HTTP/1.1", host: "192.168.10.120"
2025/02/20 16:25:44 [error] 29#29: *10 open() "/hls/LeGendarme/segment_3993.ts" failed (2: No such file or directory), client: 192.168.10.104, server: localhost, request: "GET /hls/LeGendarme/segment_3993.ts HTTP/1.1", host: "192.168.10.120"
2025/02/20 16:25:49 [error] 29#29: *10 open() "/hls/LeGendarme/segment_4253.ts" failed (2: No such file or directory), client: 192.168.10.104, server: localhost, request: "GET /hls/LeGendarme/segment_4253.ts HTTP/1.1", host: "192.168.10.120"
2025/02/20 16:25:49 [error] 29#29: *10 open() "/hls/LeGendarme/segment_4253.ts" failed (2: No such file or directory), client: 192.168.10.104, server: localhost, request: "GET /hls/LeGendarme/segment_4253.ts HTTP/1.1", host: "192.168.10.120"
2025/02/20 16:25:50 [error] 29#29: *10 open() "/hls/LeGendarme/segment_4253.ts" failed (2: No such file or directory), client: 192.168.10.104, server: localhost, request: "GET /hls/LeGendarme/segment_4253.ts HTTP/1.1", host: "192.168.10.120"
2025/02/20 16:25:52 [error] 29#29: *10 open() "/hls/LeGendarme/segment_4253.ts" failed (2: No such file or directory), client: 192.168.10.104, server: localhost, request: "GET /hls/LeGendarme/segment_4253.ts HTTP/1.1", host: "192.168.10.120"
2025/02/20 16:25:55 [error] 29#29: *10 open() "/hls/LeGendarme/segment_4253.ts" failed (2: No such file or directory), client: 192.168.10.104, server: localhost, request: "GET /hls/LeGendarme/segment_4253.ts HTTP/1.1", host: "192.168.10.120"
2025/02/20 16:25:59 [error] 29#29: *10 open() "/hls/LeGendarme/segment_4537.ts" failed (2: No such file or directory), client: 192.168.10.104, server: localhost, request: "GET /hls/LeGendarme/segment_4537.ts HTTP/1.1", host: "192.168.10.120"
2025/02/20 16:25:59 [error] 29#29: *10 open() "/hls/LeGendarme/segment_4537.ts" failed (2: No such file or directory), client: 192.168.10.104, server: localhost, request: "GET /hls/LeGendarme/segment_4537.ts HTTP/1.1", host: "192.168.10.120"
2025/02/20 16:26:00 [error] 29#29: *10 open() "/hls/LeGendarme/segment_4537.ts" failed (2: No such file or directory), client: 192.168.10.104, server: localhost, request: "GET /hls/LeGendarme/segment_4537.ts HTTP/1.1", host: "192.168.10.120"
2025/02/20 16:26:02 [error] 29#29: *10 open() "/hls/LeGendarme/segment_4537.ts" failed (2: No such file or directory), client: 192.168.10.104, server: localhost, request: "GET /hls/LeGendarme/segment_4537.ts HTTP/1.1", host: "192.168.10.120"
2025/02/20 16:26:04 [error] 29#29: *10 open() "/hls/LeGendarme/segment_4666.ts" failed (2: No such file or directory), client: 192.168.10.104, server: localhost, request: "GET /hls/LeGendarme/segment_4666.ts HTTP/1.1", host: "192.168.10.120"
2025/02/20 16:26:04 [error] 29#29: *10 open() "/hls/LeGendarme/segment_4666.ts" failed (2: No such file or directory), client: 192.168.10.104, server: localhost, request: "GET /hls/LeGendarme/segment_4666.ts HTTP/1.1", host: "192.168.10.120"
2025/02/20 16:26:05 [error] 29#29: *10 open() "/hls/LeGendarme/segment_4666.ts" failed (2: No such file or directory), client: 192.168.10.104, server: localhost, request: "GET /hls/LeGendarme/segment_4666.ts HTTP/1.1", host: "192.168.10.120"
2025/02/20 16:26:07 [error] 29#29: *10 open() "/hls/defunes/playlist.m3u8" failed (2: No such file or directory), client: 192.168.10.104, server: localhost, request: "GET /hls/defunes/playlist.m3u8 HTTP/1.1", host: "192.168.10.120"
2025/02/20 16:26:07 [error] 29#29: *10 open() "/hls/defunes/playlist.m3u8" failed (2: No such file or directory), client: 192.168.10.104, server: localhost, request: "GET /hls/defunes/playlist.m3u8 HTTP/1.1", host: "192.168.10.120"
2025/02/20 16:26:08 [error] 29#29: *10 open() "/hls/defunes/playlist.m3u8" failed (2: No such file or directory), client: 192.168.10.104, server: localhost, request: "GET /hls/defunes/playlist.m3u8 HTTP/1.1", host: "192.168.10.120"
2025/02/20 16:26:10 [error] 29#29: *10 open() "/hls/defunes/playlist.m3u8" failed (2: No such file or directory), client: 192.168.10.104, server: localhost, request: "GET /hls/defunes/playlist.m3u8 HTTP/1.1", host: "192.168.10.120"
2025/02/20 16:26:10 [error] 29#29: *10 open() "/hls/defunes/playlist.m3u8" failed (2: No such file or directory), client: 192.168.10.104, server: localhost, request: "GET /hls/defunes/playlist.m3u8 HTTP/1.1", host: "192.168.10.120"
2025/02/20 16:26:10 [error] 29#29: *10 open() "/hls/defunes/playlist.m3u8" failed (2: No such file or directory), client: 192.168.10.104, server: localhost, request: "GET /hls/defunes/playlist.m3u8 HTTP/1.1", host: "192.168.10.120"
2025/02/20 16:26:11 [error] 29#29: *10 open() "/hls/defunes/playlist.m3u8" failed (2: No such file or directory), client: 192.168.10.104, server: localhost, request: "GET /hls/defunes/playlist.m3u8 HTTP/1.1", host: "192.168.10.120"
2025/02/20 16:26:13 [error] 29#29: *10 open() "/hls/defunes/playlist.m3u8" failed (2: No such file or directory), client: 192.168.10.104, server: localhost, request: "GET /hls/defunes/playlist.m3u8 HTTP/1.1", host: "192.168.10.120"
2025/02/20 16:26:15 [error] 29#29: *10 open() "/hls/defunes/playlist.m3u8" failed (2: No such file or directory), client: 192.168.10.104, server: localhost, request: "GET /hls/defunes/playlist.m3u8 HTTP/1.1", host: "192.168.10.120"
2025/02/20 16:26:15 [error] 29#29: *10 open() "/hls/defunes/playlist.m3u8" failed (2: No such file or directory), client: 192.168.10.104, server: localhost, request: "GET /hls/defunes/playlist.m3u8 HTTP/1.1", host: "192.168.10.120"
2025/02/20 16:30:41 [error] 29#29: *1 open() "/usr/share/nginx/html/stub_status" failed (2: No such file or directory), client: 192.168.160.1, server: localhost, request: "GET /stub_status HTTP/1.1", host: "192.168.160.3:80"
2025/02/20 16:30:41 [error] 29#29: *2 open() "/usr/share/nginx/html/basic_status" failed (2: No such file or directory), client: 192.168.160.1, server: localhost, request: "GET /basic_status HTTP/1.1", host: "192.168.160.3:80"
2025/02/20 16:30:41 [error] 29#29: *3 open() "/usr/share/nginx/html/nginx_status" failed (2: No such file or directory), client: 192.168.160.1, server: localhost, request: "GET /nginx_status HTTP/1.1", host: "192.168.160.3:80"
2025/02/20 16:30:41 [error] 29#29: *4 open() "/usr/share/nginx/html/status" failed (2: No such file or directory), client: 192.168.160.1, server: localhost, request: "GET /status HTTP/1.1", host: "192.168.160.3:80"
2025/02/20 16:32:47 [error] 29#29: *5 open() "/hls/LeGendarme/playlist.m3u8" failed (2: No such file or directory), client: 192.168.10.104, server: localhost, request: "GET /hls/LeGendarme/playlist.m3u8 HTTP/1.1", host: "192.168.10.120"
2025/02/20 16:32:47 [error] 29#29: *5 open() "/hls/LeGendarme/playlist.m3u8" failed (2: No such file or directory), client: 192.168.10.104, server: localhost, request: "GET /hls/LeGendarme/playlist.m3u8 HTTP/1.1", host: "192.168.10.120"
2025/02/20 16:32:48 [error] 29#29: *5 open() "/hls/LeGendarme/playlist.m3u8" failed (2: No such file or directory), client: 192.168.10.104, server: localhost, request: "GET /hls/LeGendarme/playlist.m3u8 HTTP/1.1", host: "192.168.10.120"
2025/02/20 16:32:50 [error] 29#29: *5 open() "/hls/LeGendarme/playlist.m3u8" failed (2: No such file or directory), client: 192.168.10.104, server: localhost, request: "GET /hls/LeGendarme/playlist.m3u8 HTTP/1.1", host: "192.168.10.120"
2025/02/20 16:32:50 [error] 29#29: *5 open() "/hls/LeGendarme/playlist.m3u8" failed (2: No such file or directory), client: 192.168.10.104, server: localhost, request: "GET /hls/LeGendarme/playlist.m3u8 HTTP/1.1", host: "192.168.10.120"
2025/02/20 16:32:50 [error] 29#29: *5 open() "/hls/LeGendarme/playlist.m3u8" failed (2: No such file or directory), client: 192.168.10.104, server: localhost, request: "GET /hls/LeGendarme/playlist.m3u8 HTTP/1.1", host: "192.168.10.120"
2025/02/20 16:32:51 [error] 29#29: *5 open() "/hls/LeGendarme/playlist.m3u8" failed (2: No such file or directory), client: 192.168.10.104, server: localhost, request: "GET /hls/LeGendarme/playlist.m3u8 HTTP/1.1", host: "192.168.10.120"
2025/02/20 16:32:53 [error] 29#29: *5 open() "/hls/LeGendarme/playlist.m3u8" failed (2: No such file or directory), client: 192.168.10.104, server: localhost, request: "GET /hls/LeGendarme/playlist.m3u8 HTTP/1.1", host: "192.168.10.120"
2025/02/20 16:32:54 [error] 29#29: *5 open() "/hls/LeGendarme/playlist.m3u8" failed (2: No such file or directory), client: 192.168.10.104, server: localhost, request: "GET /hls/LeGendarme/playlist.m3u8 HTTP/1.1", host: "192.168.10.120"
2025/02/20 16:32:54 [error] 29#29: *5 open() "/hls/LeGendarme/playlist.m3u8" failed (2: No such file or directory), client: 192.168.10.104, server: localhost, request: "GET /hls/LeGendarme/playlist.m3u8 HTTP/1.1", host: "192.168.10.120"
2025/02/20 16:32:55 [error] 29#29: *5 open() "/hls/LeGendarme/playlist.m3u8" failed (2: No such file or directory), client: 192.168.10.104, server: localhost, request: "GET /hls/LeGendarme/playlist.m3u8 HTTP/1.1", host: "192.168.10.120"
2025/02/20 16:32:58 [error] 29#29: *5 open() "/hls/LeGendarme/playlist.m3u8" failed (2: No such file or directory), client: 192.168.10.104, server: localhost, request: "GET /hls/LeGendarme/playlist.m3u8 HTTP/1.1", host: "192.168.10.120"
2025/02/20 16:32:59 [error] 29#29: *5 open() "/hls/LeGendarme/playlist.m3u8" failed (2: No such file or directory), client: 192.168.10.104, server: localhost, request: "GET /hls/LeGendarme/playlist.m3u8 HTTP/1.1", host: "192.168.10.120"
2025/02/20 16:32:59 [error] 29#29: *5 open() "/hls/LeGendarme/playlist.m3u8" failed (2: No such file or directory), client: 192.168.10.104, server: localhost, request: "GET /hls/LeGendarme/playlist.m3u8 HTTP/1.1", host: "192.168.10.120"
2025/02/20 16:33:00 [error] 29#29: *5 open() "/hls/LeGendarme/playlist.m3u8" failed (2: No such file or directory), client: 192.168.10.104, server: localhost, request: "GET /hls/LeGendarme/playlist.m3u8 HTTP/1.1", host: "192.168.10.120"
2025/02/20 16:33:02 [error] 29#29: *5 open() "/hls/LeGendarme/playlist.m3u8" failed (2: No such file or directory), client: 192.168.10.104, server: localhost, request: "GET /hls/LeGendarme/playlist.m3u8 HTTP/1.1", host: "192.168.10.120"
2025/02/20 16:33:03 [error] 29#29: *5 open() "/hls/LeGendarme/playlist.m3u8" failed (2: No such file or directory), client: 192.168.10.104, server: localhost, request: "GET /hls/LeGendarme/playlist.m3u8 HTTP/1.1", host: "192.168.10.120"
2025/02/20 16:33:03 [error] 29#29: *5 open() "/hls/LeGendarme/playlist.m3u8" failed (2: No such file or directory), client: 192.168.10.104, server: localhost, request: "GET /hls/LeGendarme/playlist.m3u8 HTTP/1.1", host: "192.168.10.120"
2025/02/20 16:33:04 [error] 29#29: *5 open() "/hls/LeGendarme/playlist.m3u8" failed (2: No such file or directory), client: 192.168.10.104, server: localhost, request: "GET /hls/LeGendarme/playlist.m3u8 HTTP/1.1", host: "192.168.10.120"
2025/02/20 16:33:04 [error] 29#29: *5 open() "/hls/loop/playlist.m3u8" failed (2: No such file or directory), client: 192.168.10.104, server: localhost, request: "GET /hls/loop/playlist.m3u8 HTTP/1.1", host: "192.168.10.120"
2025/02/20 16:33:04 [error] 29#29: *5 open() "/hls/loop/playlist.m3u8" failed (2: No such file or directory), client: 192.168.10.104, server: localhost, request: "GET /hls/loop/playlist.m3u8 HTTP/1.1", host: "192.168.10.120"
2025/02/20 16:33:05 [error] 29#29: *5 open() "/hls/loop/playlist.m3u8" failed (2: No such file or directory), client: 192.168.10.104, server: localhost, request: "GET /hls/loop/playlist.m3u8 HTTP/1.1", host: "192.168.10.120"
2025/02/20 16:33:06 [error] 29#29: *5 open() "/hls/defunes/playlist.m3u8" failed (2: No such file or directory), client: 192.168.10.104, server: localhost, request: "GET /hls/defunes/playlist.m3u8 HTTP/1.1", host: "192.168.10.120"
2025/02/20 16:33:06 [error] 29#29: *5 open() "/hls/defunes/playlist.m3u8" failed (2: No such file or directory), client: 192.168.10.104, server: localhost, request: "GET /hls/defunes/playlist.m3u8 HTTP/1.1", host: "192.168.10.120"
2025/02/20 16:33:07 [error] 29#29: *5 open() "/hls/defunes/playlist.m3u8" failed (2: No such file or directory), client: 192.168.10.104, server: localhost, request: "GET /hls/defunes/playlist.m3u8 HTTP/1.1", host: "192.168.10.120"
2025/02/20 16:33:08 [error] 29#29: *5 open() "/hls/cameron/playlist.m3u8" failed (2: No such file or directory), client: 192.168.10.104, server: localhost, request: "GET /hls/cameron/playlist.m3u8 HTTP/1.1", host: "192.168.10.120"
2025/02/20 16:33:08 [error] 29#29: *5 open() "/hls/cameron/playlist.m3u8" failed (2: No such file or directory), client: 192.168.10.104, server: localhost, request: "GET /hls/cameron/playlist.m3u8 HTTP/1.1", host: "192.168.10.120"
2025/02/20 16:33:09 [error] 29#29: *5 open() "/hls/cameron/playlist.m3u8" failed (2: No such file or directory), client: 192.168.10.104, server: localhost, request: "GET /hls/cameron/playlist.m3u8 HTTP/1.1", host: "192.168.10.120"
2025/02/20 16:33:11 [error] 29#29: *5 open() "/hls/cameron/playlist.m3u8" failed (2: No such file or directory), client: 192.168.10.104, server: localhost, request: "GET /hls/cameron/playlist.m3u8 HTTP/1.1", host: "192.168.10.120"
2025/02/20 16:33:12 [error] 29#29: *5 open() "/hls/cameron/playlist.m3u8" failed (2: No such file or directory), client: 192.168.10.104, server: localhost, request: "GET /hls/cameron/playlist.m3u8 HTTP/1.1", host: "192.168.10.120"
2025/02/20 16:33:12 [error] 29#29: *5 open() "/hls/cameron/playlist.m3u8" failed (2: No such file or directory), client: 192.168.10.104, server: localhost, request: "GET /hls/cameron/playlist.m3u8 HTTP/1.1", host: "192.168.10.120"
2025/02/20 16:33:13 [error] 29#29: *5 open() "/hls/cameron/playlist.m3u8" failed (2: No such file or directory), client: 192.168.10.104, server: localhost, request: "GET /hls/cameron/playlist.m3u8 HTTP/1.1", host: "192.168.10.120"
2025/02/20 16:33:15 [error] 29#29: *5 open() "/hls/cameron/playlist.m3u8" failed (2: No such file or directory), client: 192.168.10.104, server: localhost, request: "GET /hls/cameron/playlist.m3u8 HTTP/1.1", host: "192.168.10.120"
2025/02/20 16:33:16 [error] 29#29: *5 open() "/hls/cameron/playlist.m3u8" failed (2: No such file or directory), client: 192.168.10.104, server: localhost, request: "GET /hls/cameron/playlist.m3u8 HTTP/1.1", host: "192.168.10.120"
2025/02/20 16:33:16 [error] 29#29: *5 open() "/hls/cameron/playlist.m3u8" failed (2: No such file or directory), client: 192.168.10.104, server: localhost, request: "GET /hls/cameron/playlist.m3u8 HTTP/1.1", host: "192.168.10.120"
2025/02/20 16:33:17 [error] 29#29: *5 open() "/hls/cameron/playlist.m3u8" failed (2: No such file or directory), client: 192.168.10.104, server: localhost, request: "GET /hls/cameron/playlist.m3u8 HTTP/1.1", host: "192.168.10.120"
2025/02/20 16:33:19 [error] 29#29: *5 open() "/hls/cameron/playlist.m3u8" failed (2: No such file or directory), client: 192.168.10.104, server: localhost, request: "GET /hls/cameron/playlist.m3u8 HTTP/1.1", host: "192.168.10.120"
2025/02/20 16:33:20 [error] 29#29: *5 open() "/hls/cameron/playlist.m3u8" failed (2: No such file or directory), client: 192.168.10.104, server: localhost, request: "GET /hls/cameron/playlist.m3u8 HTTP/1.1", host: "192.168.10.120"
2025/02/20 16:33:20 [error] 29#29: *5 open() "/hls/cameron/playlist.m3u8" failed (2: No such file or directory), client: 192.168.10.104, server: localhost, request: "GET /hls/cameron/playlist.m3u8 HTTP/1.1", host: "192.168.10.120"
2025/02/20 16:33:21 [error] 29#29: *5 open() "/hls/cameron/playlist.m3u8" failed (2: No such file or directory), client: 192.168.10.104, server: localhost, request: "GET /hls/cameron/playlist.m3u8 HTTP/1.1", host: "192.168.10.120"
2025/02/20 16:33:22 [error] 29#29: *5 open() "/hls/LeGendarme/playlist.m3u8" failed (2: No such file or directory), client: 192.168.10.104, server: localhost, request: "GET /hls/LeGendarme/playlist.m3u8 HTTP/1.1", host: "192.168.10.120"
2025/02/20 16:33:22 [error] 29#29: *5 open() "/hls/LeGendarme/playlist.m3u8" failed (2: No such file or directory), client: 192.168.10.104, server: localhost, request: "GET /hls/LeGendarme/playlist.m3u8 HTTP/1.1", host: "192.168.10.120"
2025/02/20 16:33:23 [error] 29#29: *5 open() "/hls/LeGendarme/playlist.m3u8" failed (2: No such file or directory), client: 192.168.10.104, server: localhost, request: "GET /hls/LeGendarme/playlist.m3u8 HTTP/1.1", host: "192.168.10.120"
2025/02/20 16:33:24 [error] 29#29: *5 open() "/hls/loop/playlist.m3u8" failed (2: No such file or directory), client: 192.168.10.104, server: localhost, request: "GET /hls/loop/playlist.m3u8 HTTP/1.1", host: "192.168.10.120"
2025/02/20 16:33:24 [error] 29#29: *5 open() "/hls/loop/playlist.m3u8" failed (2: No such file or directory), client: 192.168.10.104, server: localhost, request: "GET /hls/loop/playlist.m3u8 HTTP/1.1", host: "192.168.10.120"
2025/02/20 16:33:25 [error] 29#29: *5 open() "/hls/loop/playlist.m3u8" failed (2: No such file or directory), client: 192.168.10.104, server: localhost, request: "GET /hls/loop/playlist.m3u8 HTTP/1.1", host: "192.168.10.120"
2025/02/20 16:33:27 [error] 29#29: *5 open() "/hls/loop/playlist.m3u8" failed (2: No such file or directory), client: 192.168.10.104, server: localhost, request: "GET /hls/loop/playlist.m3u8 HTTP/1.1", host: "192.168.10.120"
2025/02/20 16:33:27 [error] 29#29: *5 open() "/hls/loop/playlist.m3u8" failed (2: No such file or directory), client: 192.168.10.104, server: localhost, request: "GET /hls/loop/playlist.m3u8 HTTP/1.1", host: "192.168.10.120"
2025/02/20 16:33:27 [error] 29#29: *5 open() "/hls/loop/playlist.m3u8" failed (2: No such file or directory), client: 192.168.10.104, server: localhost, request: "GET /hls/loop/playlist.m3u8 HTTP/1.1", host: "192.168.10.120"
2025/02/20 16:33:27 [error] 29#29: *5 open() "/hls/defunes/playlist.m3u8" failed (2: No such file or directory), client: 192.168.10.104, server: localhost, request: "GET /hls/defunes/playlist.m3u8 HTTP/1.1", host: "192.168.10.120"
2025/02/20 16:33:27 [error] 29#29: *5 open() "/hls/defunes/playlist.m3u8" failed (2: No such file or directory), client: 192.168.10.104, server: localhost, request: "GET /hls/defunes/playlist.m3u8 HTTP/1.1", host: "192.168.10.120"
2025/02/20 16:33:28 [error] 29#29: *5 open() "/hls/cameron/playlist.m3u8" failed (2: No such file or directory), client: 192.168.10.104, server: localhost, request: "GET /hls/cameron/playlist.m3u8 HTTP/1.1", host: "192.168.10.120"
2025/02/20 16:33:28 [error] 29#29: *5 open() "/hls/cameron/playlist.m3u8" failed (2: No such file or directory), client: 192.168.10.104, server: localhost, request: "GET /hls/cameron/playlist.m3u8 HTTP/1.1", host: "192.168.10.120"
2025/02/20 16:33:29 [error] 29#29: *5 open() "/hls/LeGendarme/playlist.m3u8" failed (2: No such file or directory), client: 192.168.10.104, server: localhost, request: "GET /hls/LeGendarme/playlist.m3u8 HTTP/1.1", host: "192.168.10.120"
2025/02/20 16:33:29 [error] 29#29: *5 open() "/hls/LeGendarme/playlist.m3u8" failed (2: No such file or directory), client: 192.168.10.104, server: localhost, request: "GET /hls/LeGendarme/playlist.m3u8 HTTP/1.1", host: "192.168.10.120"
2025/02/20 16:33:30 [error] 29#29: *5 open() "/hls/LeGendarme/playlist.m3u8" failed (2: No such file or directory), client: 192.168.10.104, server: localhost, request: "GET /hls/LeGendarme/playlist.m3u8 HTTP/1.1", host: "192.168.10.120"
2025/02/20 16:33:31 [error] 29#29: *6 open() "/hls/playlist.m3u" failed (2: No such file or directory), client: 192.168.160.1, server: localhost, request: "GET /hls/playlist.m3u HTTP/1.1", host: "192.168.10.120"
2025/02/20 16:33:32 [error] 29#29: *5 open() "/hls/LeGendarme/playlist.m3u8" failed (2: No such file or directory), client: 192.168.10.104, server: localhost, request: "GET /hls/LeGendarme/playlist.m3u8 HTTP/1.1", host: "192.168.10.120"
