2025/02/19 02:32:12 [error] 22#22: *2 open() "/usr/share/nginx/html/stub_status" failed (2: No such file or directory), client: 192.168.240.1, server: localhost, request: "GET /stub_status HTTP/1.1", host: "192.168.240.2:80"
2025/02/19 02:32:12 [error] 22#22: *3 open() "/usr/share/nginx/html/basic_status" failed (2: No such file or directory), client: 192.168.240.1, server: localhost, request: "GET /basic_status HTTP/1.1", host: "192.168.240.2:80"
2025/02/19 02:32:12 [error] 22#22: *4 open() "/usr/share/nginx/html/nginx_status" failed (2: No such file or directory), client: 192.168.240.1, server: localhost, request: "GET /nginx_status HTTP/1.1", host: "192.168.240.2:80"
2025/02/19 02:32:12 [error] 22#22: *5 open() "/usr/share/nginx/html/status" failed (2: No such file or directory), client: 192.168.240.1, server: localhost, request: "GET /status HTTP/1.1", host: "192.168.240.2:80"
2025/02/19 02:33:32 [error] 21#21: *1 open() "/hls/playlist.m3u" failed (2: No such file or directory), client: 192.168.240.1, server: localhost, request: "GET /hls/playlist.m3u HTTP/1.1", host: "192.168.10.120"
2025/02/19 02:33:43 [error] 21#21: *2 open() "/usr/share/nginx/html/stub_status" failed (2: No such file or directory), client: 192.168.240.1, server: localhost, request: "GET /stub_status HTTP/1.1", host: "192.168.240.3:80"
2025/02/19 02:33:43 [error] 21#21: *3 open() "/usr/share/nginx/html/basic_status" failed (2: No such file or directory), client: 192.168.240.1, server: localhost, request: "GET /basic_status HTTP/1.1", host: "192.168.240.3:80"
2025/02/19 02:33:43 [error] 21#21: *4 open() "/usr/share/nginx/html/nginx_status" failed (2: No such file or directory), client: 192.168.240.1, server: localhost, request: "GET /nginx_status HTTP/1.1", host: "192.168.240.3:80"
2025/02/19 02:33:43 [error] 21#21: *5 open() "/usr/share/nginx/html/status" failed (2: No such file or directory), client: 192.168.240.1, server: localhost, request: "GET /status HTTP/1.1", host: "192.168.240.3:80"
2025/02/19 06:06:05 [error] 21#21: *29 open() "/hls/defunes/segment_20250219021561.ts" failed (2: No such file or directory), client: 192.168.10.85, server: localhost, request: "GET /hls/defunes/segment_20250219021561.ts HTTP/1.1", host: "192.168.10.120"
2025/02/19 06:06:05 [error] 21#21: *30 open() "/hls/defunes/playlist.m3u8" failed (2: No such file or directory), client: 192.168.10.85, server: localhost, request: "GET /hls/defunes/playlist.m3u8 HTTP/1.1", host: "192.168.10.120"
2025/02/19 06:48:05 [error] 21#21: *35 open() "/hls/defunes/playlist.m3u8" failed (2: No such file or directory), client: 192.168.10.85, server: localhost, request: "GET /hls/defunes/playlist.m3u8 HTTP/1.1", host: "192.168.10.120"
2025/02/19 06:48:06 [error] 21#21: *35 open() "/hls/defunes/playlist.m3u8" failed (2: No such file or directory), client: 192.168.10.85, server: localhost, request: "GET /hls/defunes/playlist.m3u8 HTTP/1.1", host: "192.168.10.120"
2025/02/19 06:48:07 [error] 21#21: *35 open() "/hls/defunes/playlist.m3u8" failed (2: No such file or directory), client: 192.168.10.85, server: localhost, request: "GET /hls/defunes/playlist.m3u8 HTTP/1.1", host: "192.168.10.120"
2025/02/19 07:33:40 [error] 21#21: *41 open() "/hls/defunes/playlist.m3u8" failed (2: No such file or directory), client: 192.168.10.104, server: localhost, request: "GET /hls/defunes/playlist.m3u8 HTTP/1.1", host: "192.168.10.120"
2025/02/19 07:33:40 [error] 21#21: *41 open() "/hls/defunes/playlist.m3u8" failed (2: No such file or directory), client: 192.168.10.104, server: localhost, request: "GET /hls/defunes/playlist.m3u8 HTTP/1.1", host: "192.168.10.120"
2025/02/19 07:33:41 [error] 21#21: *41 open() "/hls/defunes/playlist.m3u8" failed (2: No such file or directory), client: 192.168.10.104, server: localhost, request: "GET /hls/defunes/playlist.m3u8 HTTP/1.1", host: "192.168.10.120"
2025/02/19 07:33:43 [error] 21#21: *41 open() "/hls/defunes/playlist.m3u8" failed (2: No such file or directory), client: 192.168.10.104, server: localhost, request: "GET /hls/defunes/playlist.m3u8 HTTP/1.1", host: "192.168.10.120"
2025/02/19 07:33:43 [error] 21#21: *41 open() "/hls/defunes/playlist.m3u8" failed (2: No such file or directory), client: 192.168.10.104, server: localhost, request: "GET /hls/defunes/playlist.m3u8 HTTP/1.1", host: "192.168.10.120"
2025/02/19 07:33:43 [error] 21#21: *41 open() "/hls/defunes/playlist.m3u8" failed (2: No such file or directory), client: 192.168.10.104, server: localhost, request: "GET /hls/defunes/playlist.m3u8 HTTP/1.1", host: "192.168.10.120"
2025/02/19 07:33:44 [error] 21#21: *41 open() "/hls/defunes/playlist.m3u8" failed (2: No such file or directory), client: 192.168.10.104, server: localhost, request: "GET /hls/defunes/playlist.m3u8 HTTP/1.1", host: "192.168.10.120"
2025/02/19 07:33:46 [error] 21#21: *41 open() "/hls/defunes/playlist.m3u8" failed (2: No such file or directory), client: 192.168.10.104, server: localhost, request: "GET /hls/defunes/playlist.m3u8 HTTP/1.1", host: "192.168.10.120"
2025/02/19 07:33:47 [error] 21#21: *41 open() "/hls/defunes/playlist.m3u8" failed (2: No such file or directory), client: 192.168.10.104, server: localhost, request: "GET /hls/defunes/playlist.m3u8 HTTP/1.1", host: "192.168.10.120"
2025/02/19 07:33:47 [error] 21#21: *41 open() "/hls/defunes/playlist.m3u8" failed (2: No such file or directory), client: 192.168.10.104, server: localhost, request: "GET /hls/defunes/playlist.m3u8 HTTP/1.1", host: "192.168.10.120"
2025/02/19 07:33:48 [error] 21#21: *41 open() "/hls/defunes/playlist.m3u8" failed (2: No such file or directory), client: 192.168.10.104, server: localhost, request: "GET /hls/defunes/playlist.m3u8 HTTP/1.1", host: "192.168.10.120"
2025/02/19 07:33:50 [error] 21#21: *41 open() "/hls/defunes/playlist.m3u8" failed (2: No such file or directory), client: 192.168.10.104, server: localhost, request: "GET /hls/defunes/playlist.m3u8 HTTP/1.1", host: "192.168.10.120"
2025/02/19 07:33:51 [error] 21#21: *41 open() "/hls/defunes/playlist.m3u8" failed (2: No such file or directory), client: 192.168.10.104, server: localhost, request: "GET /hls/defunes/playlist.m3u8 HTTP/1.1", host: "192.168.10.120"
2025/02/19 07:33:51 [error] 21#21: *41 open() "/hls/defunes/playlist.m3u8" failed (2: No such file or directory), client: 192.168.10.104, server: localhost, request: "GET /hls/defunes/playlist.m3u8 HTTP/1.1", host: "192.168.10.120"
2025/02/19 07:33:52 [error] 21#21: *41 open() "/hls/defunes/playlist.m3u8" failed (2: No such file or directory), client: 192.168.10.104, server: localhost, request: "GET /hls/defunes/playlist.m3u8 HTTP/1.1", host: "192.168.10.120"
2025/02/19 07:33:54 [error] 21#21: *41 open() "/hls/defunes/playlist.m3u8" failed (2: No such file or directory), client: 192.168.10.104, server: localhost, request: "GET /hls/defunes/playlist.m3u8 HTTP/1.1", host: "192.168.10.120"
2025/02/19 07:33:55 [error] 21#21: *41 open() "/hls/defunes/playlist.m3u8" failed (2: No such file or directory), client: 192.168.10.104, server: localhost, request: "GET /hls/defunes/playlist.m3u8 HTTP/1.1", host: "192.168.10.120"
2025/02/19 07:33:55 [error] 21#21: *41 open() "/hls/defunes/playlist.m3u8" failed (2: No such file or directory), client: 192.168.10.104, server: localhost, request: "GET /hls/defunes/playlist.m3u8 HTTP/1.1", host: "192.168.10.120"
2025/02/19 07:33:57 [error] 21#21: *41 open() "/hls/defunes/playlist.m3u8" failed (2: No such file or directory), client: 192.168.10.104, server: localhost, request: "GET /hls/defunes/playlist.m3u8 HTTP/1.1", host: "192.168.10.120"
2025/02/19 07:33:59 [error] 21#21: *41 open() "/hls/defunes/playlist.m3u8" failed (2: No such file or directory), client: 192.168.10.104, server: localhost, request: "GET /hls/defunes/playlist.m3u8 HTTP/1.1", host: "192.168.10.120"
2025/02/19 07:34:00 [error] 21#21: *41 open() "/hls/defunes/playlist.m3u8" failed (2: No such file or directory), client: 192.168.10.104, server: localhost, request: "GET /hls/defunes/playlist.m3u8 HTTP/1.1", host: "192.168.10.120"
2025/02/19 07:34:00 [error] 21#21: *41 open() "/hls/defunes/playlist.m3u8" failed (2: No such file or directory), client: 192.168.10.104, server: localhost, request: "GET /hls/defunes/playlist.m3u8 HTTP/1.1", host: "192.168.10.120"
2025/02/19 07:34:01 [error] 21#21: *41 open() "/hls/defunes/playlist.m3u8" failed (2: No such file or directory), client: 192.168.10.104, server: localhost, request: "GET /hls/defunes/playlist.m3u8 HTTP/1.1", host: "192.168.10.120"
2025/02/19 07:34:03 [error] 21#21: *41 open() "/hls/defunes/playlist.m3u8" failed (2: No such file or directory), client: 192.168.10.104, server: localhost, request: "GET /hls/defunes/playlist.m3u8 HTTP/1.1", host: "192.168.10.120"
2025/02/19 07:34:04 [error] 21#21: *41 open() "/hls/defunes/playlist.m3u8" failed (2: No such file or directory), client: 192.168.10.104, server: localhost, request: "GET /hls/defunes/playlist.m3u8 HTTP/1.1", host: "192.168.10.120"
2025/02/19 07:34:04 [error] 21#21: *41 open() "/hls/defunes/playlist.m3u8" failed (2: No such file or directory), client: 192.168.10.104, server: localhost, request: "GET /hls/defunes/playlist.m3u8 HTTP/1.1", host: "192.168.10.120"
2025/02/19 07:34:05 [error] 21#21: *41 open() "/hls/defunes/playlist.m3u8" failed (2: No such file or directory), client: 192.168.10.104, server: localhost, request: "GET /hls/defunes/playlist.m3u8 HTTP/1.1", host: "192.168.10.120"
2025/02/19 07:34:07 [error] 21#21: *41 open() "/hls/defunes/playlist.m3u8" failed (2: No such file or directory), client: 192.168.10.104, server: localhost, request: "GET /hls/defunes/playlist.m3u8 HTTP/1.1", host: "192.168.10.120"
2025/02/19 08:06:20 [error] 30#30: *1 open() "/hls/loop/playlist.m3u8" failed (2: No such file or directory), client: 192.168.10.104, server: localhost, request: "GET /hls/loop/playlist.m3u8 HTTP/1.1", host: "192.168.10.120"
2025/02/19 08:06:20 [error] 30#30: *1 open() "/hls/loop/playlist.m3u8" failed (2: No such file or directory), client: 192.168.10.104, server: localhost, request: "GET /hls/loop/playlist.m3u8 HTTP/1.1", host: "192.168.10.120"
2025/02/19 08:06:21 [error] 30#30: *1 open() "/hls/loop/playlist.m3u8" failed (2: No such file or directory), client: 192.168.10.104, server: localhost, request: "GET /hls/loop/playlist.m3u8 HTTP/1.1", host: "192.168.10.120"
2025/02/19 08:06:24 [error] 30#30: *1 open() "/hls/loop/playlist.m3u8" failed (2: No such file or directory), client: 192.168.10.104, server: localhost, request: "GET /hls/loop/playlist.m3u8 HTTP/1.1", host: "192.168.10.120"
2025/02/19 08:06:24 [error] 30#30: *1 open() "/hls/loop/playlist.m3u8" failed (2: No such file or directory), client: 192.168.10.104, server: localhost, request: "GET /hls/loop/playlist.m3u8 HTTP/1.1", host: "192.168.10.120"
2025/02/19 08:06:24 [error] 30#30: *1 open() "/hls/loop/playlist.m3u8" failed (2: No such file or directory), client: 192.168.10.104, server: localhost, request: "GET /hls/loop/playlist.m3u8 HTTP/1.1", host: "192.168.10.120"
2025/02/19 08:06:24 [error] 30#30: *1 open() "/hls/defunes/playlist.m3u8" failed (2: No such file or directory), client: 192.168.10.104, server: localhost, request: "GET /hls/defunes/playlist.m3u8 HTTP/1.1", host: "192.168.10.120"
2025/02/19 08:06:24 [error] 30#30: *1 open() "/hls/defunes/playlist.m3u8" failed (2: No such file or directory), client: 192.168.10.104, server: localhost, request: "GET /hls/defunes/playlist.m3u8 HTTP/1.1", host: "192.168.10.120"
2025/02/19 08:06:25 [error] 30#30: *1 open() "/hls/defunes/playlist.m3u8" failed (2: No such file or directory), client: 192.168.10.104, server: localhost, request: "GET /hls/defunes/playlist.m3u8 HTTP/1.1", host: "192.168.10.120"
2025/02/19 08:06:27 [error] 30#30: *1 open() "/hls/defunes/playlist.m3u8" failed (2: No such file or directory), client: 192.168.10.104, server: localhost, request: "GET /hls/defunes/playlist.m3u8 HTTP/1.1", host: "192.168.10.120"
2025/02/19 08:06:28 [error] 30#30: *1 open() "/hls/defunes/playlist.m3u8" failed (2: No such file or directory), client: 192.168.10.104, server: localhost, request: "GET /hls/defunes/playlist.m3u8 HTTP/1.1", host: "192.168.10.120"
2025/02/19 08:06:28 [error] 30#30: *1 open() "/hls/defunes/playlist.m3u8" failed (2: No such file or directory), client: 192.168.10.104, server: localhost, request: "GET /hls/defunes/playlist.m3u8 HTTP/1.1", host: "192.168.10.120"
2025/02/19 08:06:29 [error] 30#30: *1 open() "/hls/defunes/playlist.m3u8" failed (2: No such file or directory), client: 192.168.10.104, server: localhost, request: "GET /hls/defunes/playlist.m3u8 HTTP/1.1", host: "192.168.10.120"
2025/02/19 08:06:29 [error] 30#30: *1 open() "/hls/corniaud/playlist.m3u8" failed (2: No such file or directory), client: 192.168.10.104, server: localhost, request: "GET /hls/corniaud/playlist.m3u8 HTTP/1.1", host: "192.168.10.120"
2025/02/19 08:06:29 [error] 30#30: *1 open() "/hls/corniaud/playlist.m3u8" failed (2: No such file or directory), client: 192.168.10.104, server: localhost, request: "GET /hls/corniaud/playlist.m3u8 HTTP/1.1", host: "192.168.10.120"
2025/02/19 08:06:30 [error] 30#30: *1 open() "/hls/corniaud/playlist.m3u8" failed (2: No such file or directory), client: 192.168.10.104, server: localhost, request: "GET /hls/corniaud/playlist.m3u8 HTTP/1.1", host: "192.168.10.120"
2025/02/19 08:06:32 [error] 30#30: *1 open() "/hls/corniaud/playlist.m3u8" failed (2: No such file or directory), client: 192.168.10.104, server: localhost, request: "GET /hls/corniaud/playlist.m3u8 HTTP/1.1", host: "192.168.10.120"
2025/02/19 08:06:32 [error] 30#30: *1 open() "/hls/corniaud/playlist.m3u8" failed (2: No such file or directory), client: 192.168.10.104, server: localhost, request: "GET /hls/corniaud/playlist.m3u8 HTTP/1.1", host: "192.168.10.120"
2025/02/19 08:06:32 [error] 30#30: *1 open() "/hls/corniaud/playlist.m3u8" failed (2: No such file or directory), client: 192.168.10.104, server: localhost, request: "GET /hls/corniaud/playlist.m3u8 HTTP/1.1", host: "192.168.10.120"
2025/02/19 08:06:33 [error] 30#30: *1 open() "/hls/corniaud/playlist.m3u8" failed (2: No such file or directory), client: 192.168.10.104, server: localhost, request: "GET /hls/corniaud/playlist.m3u8 HTTP/1.1", host: "192.168.10.120"
2025/02/19 08:06:35 [error] 30#30: *1 open() "/hls/cameron/playlist.m3u8" failed (2: No such file or directory), client: 192.168.10.104, server: localhost, request: "GET /hls/cameron/playlist.m3u8 HTTP/1.1", host: "192.168.10.120"
2025/02/19 08:06:35 [error] 30#30: *1 open() "/hls/cameron/playlist.m3u8" failed (2: No such file or directory), client: 192.168.10.104, server: localhost, request: "GET /hls/cameron/playlist.m3u8 HTTP/1.1", host: "192.168.10.120"
2025/02/19 08:06:36 [error] 30#30: *1 open() "/hls/cameron/playlist.m3u8" failed (2: No such file or directory), client: 192.168.10.104, server: localhost, request: "GET /hls/cameron/playlist.m3u8 HTTP/1.1", host: "192.168.10.120"
2025/02/19 08:06:37 [error] 30#30: *1 open() "/hls/loop/playlist.m3u8" failed (2: No such file or directory), client: 192.168.10.104, server: localhost, request: "GET /hls/loop/playlist.m3u8 HTTP/1.1", host: "192.168.10.120"
2025/02/19 08:06:37 [error] 30#30: *1 open() "/hls/loop/playlist.m3u8" failed (2: No such file or directory), client: 192.168.10.104, server: localhost, request: "GET /hls/loop/playlist.m3u8 HTTP/1.1", host: "192.168.10.120"
2025/02/19 08:06:38 [error] 30#30: *1 open() "/hls/loop/playlist.m3u8" failed (2: No such file or directory), client: 192.168.10.104, server: localhost, request: "GET /hls/loop/playlist.m3u8 HTTP/1.1", host: "192.168.10.120"
2025/02/19 08:06:40 [error] 30#30: *1 open() "/hls/loop/playlist.m3u8" failed (2: No such file or directory), client: 192.168.10.104, server: localhost, request: "GET /hls/loop/playlist.m3u8 HTTP/1.1", host: "192.168.10.120"
2025/02/19 08:06:40 [error] 30#30: *1 open() "/hls/loop/playlist.m3u8" failed (2: No such file or directory), client: 192.168.10.104, server: localhost, request: "GET /hls/loop/playlist.m3u8 HTTP/1.1", host: "192.168.10.120"
2025/02/19 08:06:40 [error] 30#30: *1 open() "/hls/loop/playlist.m3u8" failed (2: No such file or directory), client: 192.168.10.104, server: localhost, request: "GET /hls/loop/playlist.m3u8 HTTP/1.1", host: "192.168.10.120"
2025/02/19 08:06:41 [error] 30#30: *2 open() "/usr/share/nginx/html/stub_status" failed (2: No such file or directory), client: 172.21.0.1, server: localhost, request: "GET /stub_status HTTP/1.1", host: "172.21.0.3:80"
2025/02/19 08:06:41 [error] 30#30: *3 open() "/usr/share/nginx/html/basic_status" failed (2: No such file or directory), client: 172.21.0.1, server: localhost, request: "GET /basic_status HTTP/1.1", host: "172.21.0.3:80"
2025/02/19 08:06:41 [error] 30#30: *4 open() "/usr/share/nginx/html/nginx_status" failed (2: No such file or directory), client: 172.21.0.1, server: localhost, request: "GET /nginx_status HTTP/1.1", host: "172.21.0.3:80"
2025/02/19 08:06:41 [error] 30#30: *5 open() "/usr/share/nginx/html/status" failed (2: No such file or directory), client: 172.21.0.1, server: localhost, request: "GET /status HTTP/1.1", host: "172.21.0.3:80"
2025/02/19 08:06:41 [error] 30#30: *1 open() "/hls/loop/playlist.m3u8" failed (2: No such file or directory), client: 192.168.10.104, server: localhost, request: "GET /hls/loop/playlist.m3u8 HTTP/1.1", host: "192.168.10.120"
2025/02/19 08:06:43 [error] 30#30: *1 open() "/hls/loop/playlist.m3u8" failed (2: No such file or directory), client: 192.168.10.104, server: localhost, request: "GET /hls/loop/playlist.m3u8 HTTP/1.1", host: "192.168.10.120"
2025/02/19 08:06:44 [error] 30#30: *1 open() "/hls/loop/playlist.m3u8" failed (2: No such file or directory), client: 192.168.10.104, server: localhost, request: "GET /hls/loop/playlist.m3u8 HTTP/1.1", host: "192.168.10.120"
2025/02/19 08:06:44 [error] 30#30: *1 open() "/hls/loop/playlist.m3u8" failed (2: No such file or directory), client: 192.168.10.104, server: localhost, request: "GET /hls/loop/playlist.m3u8 HTTP/1.1", host: "192.168.10.120"
2025/02/19 08:06:45 [error] 30#30: *1 open() "/hls/loop/playlist.m3u8" failed (2: No such file or directory), client: 192.168.10.104, server: localhost, request: "GET /hls/loop/playlist.m3u8 HTTP/1.1", host: "192.168.10.120"
2025/02/19 08:06:48 [error] 30#30: *1 open() "/hls/loop/playlist.m3u8" failed (2: No such file or directory), client: 192.168.10.104, server: localhost, request: "GET /hls/loop/playlist.m3u8 HTTP/1.1", host: "192.168.10.120"
2025/02/19 08:06:49 [error] 30#30: *1 open() "/hls/loop/playlist.m3u8" failed (2: No such file or directory), client: 192.168.10.104, server: localhost, request: "GET /hls/loop/playlist.m3u8 HTTP/1.1", host: "192.168.10.120"
2025/02/19 08:06:49 [error] 30#30: *1 open() "/hls/loop/playlist.m3u8" failed (2: No such file or directory), client: 192.168.10.104, server: localhost, request: "GET /hls/loop/playlist.m3u8 HTTP/1.1", host: "192.168.10.120"
2025/02/19 08:06:50 [error] 30#30: *1 open() "/hls/loop/playlist.m3u8" failed (2: No such file or directory), client: 192.168.10.104, server: localhost, request: "GET /hls/loop/playlist.m3u8 HTTP/1.1", host: "192.168.10.120"
2025/02/19 08:06:52 [error] 30#30: *1 open() "/hls/loop/playlist.m3u8" failed (2: No such file or directory), client: 192.168.10.104, server: localhost, request: "GET /hls/loop/playlist.m3u8 HTTP/1.1", host: "192.168.10.120"
2025/02/19 08:06:53 [error] 30#30: *1 open() "/hls/loop/playlist.m3u8" failed (2: No such file or directory), client: 192.168.10.104, server: localhost, request: "GET /hls/loop/playlist.m3u8 HTTP/1.1", host: "192.168.10.120"
2025/02/19 08:06:53 [error] 30#30: *1 open() "/hls/loop/playlist.m3u8" failed (2: No such file or directory), client: 192.168.10.104, server: localhost, request: "GET /hls/loop/playlist.m3u8 HTTP/1.1", host: "192.168.10.120"
2025/02/19 08:06:54 [error] 30#30: *1 open() "/hls/loop/playlist.m3u8" failed (2: No such file or directory), client: 192.168.10.104, server: localhost, request: "GET /hls/loop/playlist.m3u8 HTTP/1.1", host: "192.168.10.120"
2025/02/19 08:06:56 [error] 30#30: *1 open() "/hls/loop/playlist.m3u8" failed (2: No such file or directory), client: 192.168.10.104, server: localhost, request: "GET /hls/loop/playlist.m3u8 HTTP/1.1", host: "192.168.10.120"
2025/02/19 08:06:57 [error] 30#30: *1 open() "/hls/loop/playlist.m3u8" failed (2: No such file or directory), client: 192.168.10.104, server: localhost, request: "GET /hls/loop/playlist.m3u8 HTTP/1.1", host: "192.168.10.120"
2025/02/19 08:06:57 [error] 30#30: *1 open() "/hls/loop/playlist.m3u8" failed (2: No such file or directory), client: 192.168.10.104, server: localhost, request: "GET /hls/loop/playlist.m3u8 HTTP/1.1", host: "192.168.10.120"
2025/02/19 08:06:58 [error] 30#30: *1 open() "/hls/loop/playlist.m3u8" failed (2: No such file or directory), client: 192.168.10.104, server: localhost, request: "GET /hls/loop/playlist.m3u8 HTTP/1.1", host: "192.168.10.120"
2025/02/19 08:07:00 [error] 30#30: *1 open() "/hls/loop/playlist.m3u8" failed (2: No such file or directory), client: 192.168.10.104, server: localhost, request: "GET /hls/loop/playlist.m3u8 HTTP/1.1", host: "192.168.10.120"
2025/02/19 08:07:01 [error] 30#30: *1 open() "/hls/loop/playlist.m3u8" failed (2: No such file or directory), client: 192.168.10.104, server: localhost, request: "GET /hls/loop/playlist.m3u8 HTTP/1.1", host: "192.168.10.120"
2025/02/19 08:07:01 [error] 30#30: *1 open() "/hls/loop/playlist.m3u8" failed (2: No such file or directory), client: 192.168.10.104, server: localhost, request: "GET /hls/loop/playlist.m3u8 HTTP/1.1", host: "192.168.10.120"
2025/02/19 08:07:02 [error] 30#30: *1 open() "/hls/loop/playlist.m3u8" failed (2: No such file or directory), client: 192.168.10.104, server: localhost, request: "GET /hls/loop/playlist.m3u8 HTTP/1.1", host: "192.168.10.120"
2025/02/19 08:07:05 [error] 30#30: *1 open() "/hls/loop/playlist.m3u8" failed (2: No such file or directory), client: 192.168.10.104, server: localhost, request: "GET /hls/loop/playlist.m3u8 HTTP/1.1", host: "192.168.10.120"
2025/02/19 08:09:41 [error] 29#29: *1 open() "/usr/share/nginx/html/stub_status" failed (2: No such file or directory), client: 172.25.0.1, server: localhost, request: "GET /stub_status HTTP/1.1", host: "172.25.0.3:80"
2025/02/19 08:09:41 [error] 29#29: *2 open() "/usr/share/nginx/html/basic_status" failed (2: No such file or directory), client: 172.25.0.1, server: localhost, request: "GET /basic_status HTTP/1.1", host: "172.25.0.3:80"
2025/02/19 08:09:41 [error] 29#29: *3 open() "/usr/share/nginx/html/nginx_status" failed (2: No such file or directory), client: 172.25.0.1, server: localhost, request: "GET /nginx_status HTTP/1.1", host: "172.25.0.3:80"
2025/02/19 08:09:41 [error] 29#29: *4 open() "/usr/share/nginx/html/status" failed (2: No such file or directory), client: 172.25.0.1, server: localhost, request: "GET /status HTTP/1.1", host: "172.25.0.3:80"
2025/02/19 08:11:41 [error] 30#30: *1 open() "/usr/share/nginx/html/stub_status" failed (2: No such file or directory), client: 172.26.0.1, server: localhost, request: "GET /stub_status HTTP/1.1", host: "172.26.0.3:80"
2025/02/19 08:11:41 [error] 30#30: *2 open() "/usr/share/nginx/html/basic_status" failed (2: No such file or directory), client: 172.26.0.1, server: localhost, request: "GET /basic_status HTTP/1.1", host: "172.26.0.3:80"
2025/02/19 08:11:41 [error] 30#30: *3 open() "/usr/share/nginx/html/nginx_status" failed (2: No such file or directory), client: 172.26.0.1, server: localhost, request: "GET /nginx_status HTTP/1.1", host: "172.26.0.3:80"
2025/02/19 08:11:41 [error] 30#30: *4 open() "/usr/share/nginx/html/status" failed (2: No such file or directory), client: 172.26.0.1, server: localhost, request: "GET /status HTTP/1.1", host: "172.26.0.3:80"
2025/02/19 08:14:41 [error] 31#31: *1 open() "/usr/share/nginx/html/stub_status" failed (2: No such file or directory), client: 172.27.0.1, server: localhost, request: "GET /stub_status HTTP/1.1", host: "172.27.0.3:80"
2025/02/19 08:14:41 [error] 31#31: *2 open() "/usr/share/nginx/html/basic_status" failed (2: No such file or directory), client: 172.27.0.1, server: localhost, request: "GET /basic_status HTTP/1.1", host: "172.27.0.3:80"
2025/02/19 08:14:41 [error] 31#31: *3 open() "/usr/share/nginx/html/nginx_status" failed (2: No such file or directory), client: 172.27.0.1, server: localhost, request: "GET /nginx_status HTTP/1.1", host: "172.27.0.3:80"
2025/02/19 08:14:41 [error] 31#31: *4 open() "/usr/share/nginx/html/status" failed (2: No such file or directory), client: 172.27.0.1, server: localhost, request: "GET /status HTTP/1.1", host: "172.27.0.3:80"
2025/02/19 08:16:41 [error] 29#29: *1 open() "/usr/share/nginx/html/stub_status" failed (2: No such file or directory), client: 172.28.0.1, server: localhost, request: "GET /stub_status HTTP/1.1", host: "172.28.0.3:80"
2025/02/19 08:16:41 [error] 29#29: *2 open() "/usr/share/nginx/html/basic_status" failed (2: No such file or directory), client: 172.28.0.1, server: localhost, request: "GET /basic_status HTTP/1.1", host: "172.28.0.3:80"
2025/02/19 08:16:41 [error] 29#29: *3 open() "/usr/share/nginx/html/nginx_status" failed (2: No such file or directory), client: 172.28.0.1, server: localhost, request: "GET /nginx_status HTTP/1.1", host: "172.28.0.3:80"
2025/02/19 08:16:41 [error] 29#29: *4 open() "/usr/share/nginx/html/status" failed (2: No such file or directory), client: 172.28.0.1, server: localhost, request: "GET /status HTTP/1.1", host: "172.28.0.3:80"
2025/02/19 08:17:18 [error] 30#30: *1 open() "/hls/cameron/playlist.m3u8" failed (2: No such file or directory), client: 192.168.10.104, server: localhost, request: "GET /hls/cameron/playlist.m3u8 HTTP/1.1", host: "192.168.10.120"
2025/02/19 08:17:18 [error] 30#30: *1 open() "/hls/cameron/playlist.m3u8" failed (2: No such file or directory), client: 192.168.10.104, server: localhost, request: "GET /hls/cameron/playlist.m3u8 HTTP/1.1", host: "192.168.10.120"
2025/02/19 08:17:22 [error] 30#30: *1 open() "/hls/loop/playlist.m3u8" failed (2: No such file or directory), client: 192.168.10.104, server: localhost, request: "GET /hls/loop/playlist.m3u8 HTTP/1.1", host: "192.168.10.120"
2025/02/19 08:17:22 [error] 30#30: *1 open() "/hls/loop/playlist.m3u8" failed (2: No such file or directory), client: 192.168.10.104, server: localhost, request: "GET /hls/loop/playlist.m3u8 HTTP/1.1", host: "192.168.10.120"
2025/02/19 08:17:23 [error] 30#30: *1 open() "/hls/defunes/playlist.m3u8" failed (2: No such file or directory), client: 192.168.10.104, server: localhost, request: "GET /hls/defunes/playlist.m3u8 HTTP/1.1", host: "192.168.10.120"
2025/02/19 08:17:23 [error] 30#30: *1 open() "/hls/defunes/playlist.m3u8" failed (2: No such file or directory), client: 192.168.10.104, server: localhost, request: "GET /hls/defunes/playlist.m3u8 HTTP/1.1", host: "192.168.10.120"
2025/02/19 08:17:24 [error] 30#30: *1 open() "/hls/defunes/playlist.m3u8" failed (2: No such file or directory), client: 192.168.10.104, server: localhost, request: "GET /hls/defunes/playlist.m3u8 HTTP/1.1", host: "192.168.10.120"
2025/02/19 08:17:41 [error] 30#30: *3 open() "/usr/share/nginx/html/stub_status" failed (2: No such file or directory), client: 172.29.0.1, server: localhost, request: "GET /stub_status HTTP/1.1", host: "172.29.0.3:80"
2025/02/19 08:17:41 [error] 30#30: *4 open() "/usr/share/nginx/html/basic_status" failed (2: No such file or directory), client: 172.29.0.1, server: localhost, request: "GET /basic_status HTTP/1.1", host: "172.29.0.3:80"
2025/02/19 08:17:41 [error] 30#30: *5 open() "/usr/share/nginx/html/nginx_status" failed (2: No such file or directory), client: 172.29.0.1, server: localhost, request: "GET /nginx_status HTTP/1.1", host: "172.29.0.3:80"
2025/02/19 08:17:41 [error] 30#30: *6 open() "/usr/share/nginx/html/status" failed (2: No such file or directory), client: 172.29.0.1, server: localhost, request: "GET /status HTTP/1.1", host: "172.29.0.3:80"
2025/02/19 08:19:45 [error] 30#30: *1 open() "/hls/corniaud/playlist.m3u8" failed (2: No such file or directory), client: 192.168.10.104, server: localhost, request: "GET /hls/corniaud/playlist.m3u8 HTTP/1.1", host: "192.168.10.120"
2025/02/19 08:19:45 [error] 30#30: *1 open() "/hls/corniaud/playlist.m3u8" failed (2: No such file or directory), client: 192.168.10.104, server: localhost, request: "GET /hls/corniaud/playlist.m3u8 HTTP/1.1", host: "192.168.10.120"
2025/02/19 08:19:46 [error] 30#30: *1 open() "/hls/corniaud/playlist.m3u8" failed (2: No such file or directory), client: 192.168.10.104, server: localhost, request: "GET /hls/corniaud/playlist.m3u8 HTTP/1.1", host: "192.168.10.120"
2025/02/19 08:19:48 [error] 30#30: *1 open() "/hls/defunes/playlist.m3u8" failed (2: No such file or directory), client: 192.168.10.104, server: localhost, request: "GET /hls/defunes/playlist.m3u8 HTTP/1.1", host: "192.168.10.120"
2025/02/19 08:19:48 [error] 30#30: *1 open() "/hls/defunes/playlist.m3u8" failed (2: No such file or directory), client: 192.168.10.104, server: localhost, request: "GET /hls/defunes/playlist.m3u8 HTTP/1.1", host: "192.168.10.120"
2025/02/19 08:19:49 [error] 30#30: *1 open() "/hls/defunes/playlist.m3u8" failed (2: No such file or directory), client: 192.168.10.104, server: localhost, request: "GET /hls/defunes/playlist.m3u8 HTTP/1.1", host: "192.168.10.120"
2025/02/19 08:19:51 [error] 30#30: *1 open() "/hls/defunes/playlist.m3u8" failed (2: No such file or directory), client: 192.168.10.104, server: localhost, request: "GET /hls/defunes/playlist.m3u8 HTTP/1.1", host: "192.168.10.120"
2025/02/19 08:19:51 [error] 30#30: *1 open() "/hls/defunes/playlist.m3u8" failed (2: No such file or directory), client: 192.168.10.104, server: localhost, request: "GET /hls/defunes/playlist.m3u8 HTTP/1.1", host: "192.168.10.120"
2025/02/19 08:19:51 [error] 30#30: *1 open() "/hls/defunes/playlist.m3u8" failed (2: No such file or directory), client: 192.168.10.104, server: localhost, request: "GET /hls/defunes/playlist.m3u8 HTTP/1.1", host: "192.168.10.120"
2025/02/19 08:19:52 [error] 30#30: *1 open() "/hls/defunes/playlist.m3u8" failed (2: No such file or directory), client: 192.168.10.104, server: localhost, request: "GET /hls/defunes/playlist.m3u8 HTTP/1.1", host: "192.168.10.120"
2025/02/19 08:19:54 [error] 30#30: *1 open() "/hls/defunes/playlist.m3u8" failed (2: No such file or directory), client: 192.168.10.104, server: localhost, request: "GET /hls/defunes/playlist.m3u8 HTTP/1.1", host: "192.168.10.120"
2025/02/19 08:19:55 [error] 30#30: *1 open() "/hls/defunes/playlist.m3u8" failed (2: No such file or directory), client: 192.168.10.104, server: localhost, request: "GET /hls/defunes/playlist.m3u8 HTTP/1.1", host: "192.168.10.120"
2025/02/19 08:19:55 [error] 30#30: *1 open() "/hls/defunes/playlist.m3u8" failed (2: No such file or directory), client: 192.168.10.104, server: localhost, request: "GET /hls/defunes/playlist.m3u8 HTTP/1.1", host: "192.168.10.120"
2025/02/19 08:19:56 [error] 30#30: *1 open() "/hls/defunes/playlist.m3u8" failed (2: No such file or directory), client: 192.168.10.104, server: localhost, request: "GET /hls/defunes/playlist.m3u8 HTTP/1.1", host: "192.168.10.120"
2025/02/19 08:19:58 [error] 30#30: *1 open() "/hls/defunes/playlist.m3u8" failed (2: No such file or directory), client: 192.168.10.104, server: localhost, request: "GET /hls/defunes/playlist.m3u8 HTTP/1.1", host: "192.168.10.120"
2025/02/19 08:19:59 [error] 30#30: *1 open() "/hls/defunes/playlist.m3u8" failed (2: No such file or directory), client: 192.168.10.104, server: localhost, request: "GET /hls/defunes/playlist.m3u8 HTTP/1.1", host: "192.168.10.120"
2025/02/19 08:19:59 [error] 30#30: *1 open() "/hls/defunes/playlist.m3u8" failed (2: No such file or directory), client: 192.168.10.104, server: localhost, request: "GET /hls/defunes/playlist.m3u8 HTTP/1.1", host: "192.168.10.120"
2025/02/19 08:20:00 [error] 30#30: *1 open() "/hls/defunes/playlist.m3u8" failed (2: No such file or directory), client: 192.168.10.104, server: localhost, request: "GET /hls/defunes/playlist.m3u8 HTTP/1.1", host: "192.168.10.120"
2025/02/19 08:20:02 [error] 30#30: *1 open() "/hls/defunes/playlist.m3u8" failed (2: No such file or directory), client: 192.168.10.104, server: localhost, request: "GET /hls/defunes/playlist.m3u8 HTTP/1.1", host: "192.168.10.120"
2025/02/19 08:20:03 [error] 30#30: *1 open() "/hls/defunes/playlist.m3u8" failed (2: No such file or directory), client: 192.168.10.104, server: localhost, request: "GET /hls/defunes/playlist.m3u8 HTTP/1.1", host: "192.168.10.120"
2025/02/19 08:20:03 [error] 30#30: *1 open() "/hls/defunes/playlist.m3u8" failed (2: No such file or directory), client: 192.168.10.104, server: localhost, request: "GET /hls/defunes/playlist.m3u8 HTTP/1.1", host: "192.168.10.120"
2025/02/19 08:20:05 [error] 30#30: *1 open() "/hls/defunes/playlist.m3u8" failed (2: No such file or directory), client: 192.168.10.104, server: localhost, request: "GET /hls/defunes/playlist.m3u8 HTTP/1.1", host: "192.168.10.120"
2025/02/19 08:20:07 [error] 30#30: *1 open() "/hls/defunes/playlist.m3u8" failed (2: No such file or directory), client: 192.168.10.104, server: localhost, request: "GET /hls/defunes/playlist.m3u8 HTTP/1.1", host: "192.168.10.120"
2025/02/19 08:20:24 [error] 30#30: *1 open() "/hls/defunes/playlist.m3u8" failed (2: No such file or directory), client: 192.168.10.104, server: localhost, request: "GET /hls/defunes/playlist.m3u8 HTTP/1.1", host: "192.168.10.120"
2025/02/19 08:20:28 [error] 30#30: *1 open() "/hls/defunes/playlist.m3u8" failed (2: No such file or directory), client: 192.168.10.104, server: localhost, request: "GET /hls/defunes/playlist.m3u8 HTTP/1.1", host: "192.168.10.120"
2025/02/19 08:20:41 [error] 30#30: *2 open() "/usr/share/nginx/html/stub_status" failed (2: No such file or directory), client: 172.31.0.1, server: localhost, request: "GET /stub_status HTTP/1.1", host: "172.31.0.3:80"
2025/02/19 08:20:41 [error] 30#30: *3 open() "/usr/share/nginx/html/basic_status" failed (2: No such file or directory), client: 172.31.0.1, server: localhost, request: "GET /basic_status HTTP/1.1", host: "172.31.0.3:80"
2025/02/19 08:20:41 [error] 30#30: *4 open() "/usr/share/nginx/html/nginx_status" failed (2: No such file or directory), client: 172.31.0.1, server: localhost, request: "GET /nginx_status HTTP/1.1", host: "172.31.0.3:80"
2025/02/19 08:20:41 [error] 30#30: *5 open() "/usr/share/nginx/html/status" failed (2: No such file or directory), client: 172.31.0.1, server: localhost, request: "GET /status HTTP/1.1", host: "172.31.0.3:80"
2025/02/19 08:20:47 [error] 30#30: *1 open() "/hls/loop/playlist.m3u8" failed (2: No such file or directory), client: 192.168.10.104, server: localhost, request: "GET /hls/loop/playlist.m3u8 HTTP/1.1", host: "192.168.10.120"
2025/02/19 08:20:47 [error] 30#30: *1 open() "/hls/loop/playlist.m3u8" failed (2: No such file or directory), client: 192.168.10.104, server: localhost, request: "GET /hls/loop/playlist.m3u8 HTTP/1.1", host: "192.168.10.120"
2025/02/19 08:20:48 [error] 30#30: *1 open() "/hls/loop/playlist.m3u8" failed (2: No such file or directory), client: 192.168.10.104, server: localhost, request: "GET /hls/loop/playlist.m3u8 HTTP/1.1", host: "192.168.10.120"
2025/02/19 08:21:25 [error] 30#30: *1 open() "/hls/corniaud/playlist.m3u8" failed (2: No such file or directory), client: 192.168.10.104, server: localhost, request: "GET /hls/corniaud/playlist.m3u8 HTTP/1.1", host: "192.168.10.120"
2025/02/19 08:21:25 [error] 30#30: *1 open() "/hls/corniaud/playlist.m3u8" failed (2: No such file or directory), client: 192.168.10.104, server: localhost, request: "GET /hls/corniaud/playlist.m3u8 HTTP/1.1", host: "192.168.10.120"
2025/02/19 08:21:26 [error] 30#30: *1 open() "/hls/corniaud/playlist.m3u8" failed (2: No such file or directory), client: 192.168.10.104, server: localhost, request: "GET /hls/corniaud/playlist.m3u8 HTTP/1.1", host: "192.168.10.120"
2025/02/19 08:21:34 [error] 30#30: *1 open() "/hls/cameron/playlist.m3u8" failed (2: No such file or directory), client: 192.168.10.104, server: localhost, request: "GET /hls/cameron/playlist.m3u8 HTTP/1.1", host: "192.168.10.120"
2025/02/19 08:21:34 [error] 30#30: *1 open() "/hls/cameron/playlist.m3u8" failed (2: No such file or directory), client: 192.168.10.104, server: localhost, request: "GET /hls/cameron/playlist.m3u8 HTTP/1.1", host: "192.168.10.120"
2025/02/19 08:21:35 [error] 30#30: *1 open() "/hls/cameron/playlist.m3u8" failed (2: No such file or directory), client: 192.168.10.104, server: localhost, request: "GET /hls/cameron/playlist.m3u8 HTTP/1.1", host: "192.168.10.120"
2025/02/19 08:21:36 [error] 30#30: *1 open() "/hls/corniaud/playlist.m3u8" failed (2: No such file or directory), client: 192.168.10.104, server: localhost, request: "GET /hls/corniaud/playlist.m3u8 HTTP/1.1", host: "192.168.10.120"
2025/02/19 08:21:36 [error] 30#30: *1 open() "/hls/corniaud/playlist.m3u8" failed (2: No such file or directory), client: 192.168.10.104, server: localhost, request: "GET /hls/corniaud/playlist.m3u8 HTTP/1.1", host: "192.168.10.120"
2025/02/19 08:21:37 [error] 30#30: *1 open() "/hls/corniaud/playlist.m3u8" failed (2: No such file or directory), client: 192.168.10.104, server: localhost, request: "GET /hls/corniaud/playlist.m3u8 HTTP/1.1", host: "192.168.10.120"
2025/02/19 08:21:39 [error] 30#30: *1 open() "/hls/corniaud/playlist.m3u8" failed (2: No such file or directory), client: 192.168.10.104, server: localhost, request: "GET /hls/corniaud/playlist.m3u8 HTTP/1.1", host: "192.168.10.120"
2025/02/19 08:21:40 [error] 30#30: *1 open() "/hls/corniaud/playlist.m3u8" failed (2: No such file or directory), client: 192.168.10.104, server: localhost, request: "GET /hls/corniaud/playlist.m3u8 HTTP/1.1", host: "192.168.10.120"
2025/02/19 08:21:40 [error] 30#30: *1 open() "/hls/corniaud/playlist.m3u8" failed (2: No such file or directory), client: 192.168.10.104, server: localhost, request: "GET /hls/corniaud/playlist.m3u8 HTTP/1.1", host: "192.168.10.120"
2025/02/19 08:21:41 [error] 30#30: *1 open() "/hls/corniaud/playlist.m3u8" failed (2: No such file or directory), client: 192.168.10.104, server: localhost, request: "GET /hls/corniaud/playlist.m3u8 HTTP/1.1", host: "192.168.10.120"
2025/02/19 08:21:43 [error] 30#30: *1 open() "/hls/corniaud/playlist.m3u8" failed (2: No such file or directory), client: 192.168.10.104, server: localhost, request: "GET /hls/corniaud/playlist.m3u8 HTTP/1.1", host: "192.168.10.120"
2025/02/19 08:21:44 [error] 30#30: *1 open() "/hls/corniaud/playlist.m3u8" failed (2: No such file or directory), client: 192.168.10.104, server: localhost, request: "GET /hls/corniaud/playlist.m3u8 HTTP/1.1", host: "192.168.10.120"
2025/02/19 08:21:44 [error] 30#30: *1 open() "/hls/corniaud/playlist.m3u8" failed (2: No such file or directory), client: 192.168.10.104, server: localhost, request: "GET /hls/corniaud/playlist.m3u8 HTTP/1.1", host: "192.168.10.120"
2025/02/19 08:22:39 [error] 30#30: *1 open() "/hls/corniaud/playlist.m3u8" failed (2: No such file or directory), client: 192.168.10.104, server: localhost, request: "GET /hls/corniaud/playlist.m3u8 HTTP/1.1", host: "192.168.10.120"
2025/02/19 08:22:39 [error] 30#30: *1 open() "/hls/corniaud/playlist.m3u8" failed (2: No such file or directory), client: 192.168.10.104, server: localhost, request: "GET /hls/corniaud/playlist.m3u8 HTTP/1.1", host: "192.168.10.120"
2025/02/19 08:22:40 [error] 30#30: *1 open() "/hls/corniaud/playlist.m3u8" failed (2: No such file or directory), client: 192.168.10.104, server: localhost, request: "GET /hls/corniaud/playlist.m3u8 HTTP/1.1", host: "192.168.10.120"
2025/02/19 08:22:42 [error] 30#30: *1 open() "/hls/corniaud/playlist.m3u8" failed (2: No such file or directory), client: 192.168.10.104, server: localhost, request: "GET /hls/corniaud/playlist.m3u8 HTTP/1.1", host: "192.168.10.120"
2025/02/19 08:22:42 [error] 30#30: *1 open() "/hls/corniaud/playlist.m3u8" failed (2: No such file or directory), client: 192.168.10.104, server: localhost, request: "GET /hls/corniaud/playlist.m3u8 HTTP/1.1", host: "192.168.10.120"
2025/02/19 08:22:42 [error] 30#30: *1 open() "/hls/corniaud/playlist.m3u8" failed (2: No such file or directory), client: 192.168.10.104, server: localhost, request: "GET /hls/corniaud/playlist.m3u8 HTTP/1.1", host: "192.168.10.120"
2025/02/19 08:22:43 [error] 30#30: *1 open() "/hls/corniaud/playlist.m3u8" failed (2: No such file or directory), client: 192.168.10.104, server: localhost, request: "GET /hls/corniaud/playlist.m3u8 HTTP/1.1", host: "192.168.10.120"
2025/02/19 08:22:45 [error] 30#30: *1 open() "/hls/corniaud/playlist.m3u8" failed (2: No such file or directory), client: 192.168.10.104, server: localhost, request: "GET /hls/corniaud/playlist.m3u8 HTTP/1.1", host: "192.168.10.120"
2025/02/19 08:22:47 [error] 30#30: *1 open() "/hls/corniaud/playlist.m3u8" failed (2: No such file or directory), client: 192.168.10.104, server: localhost, request: "GET /hls/corniaud/playlist.m3u8 HTTP/1.1", host: "192.168.10.120"
2025/02/19 08:22:47 [error] 30#30: *1 open() "/hls/corniaud/playlist.m3u8" failed (2: No such file or directory), client: 192.168.10.104, server: localhost, request: "GET /hls/corniaud/playlist.m3u8 HTTP/1.1", host: "192.168.10.120"
2025/02/19 08:22:48 [error] 30#30: *1 open() "/hls/corniaud/playlist.m3u8" failed (2: No such file or directory), client: 192.168.10.104, server: localhost, request: "GET /hls/corniaud/playlist.m3u8 HTTP/1.1", host: "192.168.10.120"
2025/02/19 08:22:49 [error] 30#30: *6 open() "/hls/corniaud/playlist.m3u8" failed (2: No such file or directory), client: 192.168.10.104, server: localhost, request: "GET /hls/corniaud/playlist.m3u8 HTTP/1.1", host: "192.168.10.120"
2025/02/19 08:22:49 [error] 30#30: *6 open() "/hls/corniaud/playlist.m3u8" failed (2: No such file or directory), client: 192.168.10.104, server: localhost, request: "GET /hls/corniaud/playlist.m3u8 HTTP/1.1", host: "192.168.10.120"
2025/02/19 08:22:50 [error] 30#30: *6 open() "/hls/corniaud/playlist.m3u8" failed (2: No such file or directory), client: 192.168.10.104, server: localhost, request: "GET /hls/corniaud/playlist.m3u8 HTTP/1.1", host: "192.168.10.120"
2025/02/19 08:22:52 [error] 30#30: *6 open() "/hls/corniaud/playlist.m3u8" failed (2: No such file or directory), client: 192.168.10.104, server: localhost, request: "GET /hls/corniaud/playlist.m3u8 HTTP/1.1", host: "192.168.10.120"
2025/02/19 08:22:52 [error] 30#30: *6 open() "/hls/corniaud/playlist.m3u8" failed (2: No such file or directory), client: 192.168.10.104, server: localhost, request: "GET /hls/corniaud/playlist.m3u8 HTTP/1.1", host: "192.168.10.120"
2025/02/19 08:22:52 [error] 30#30: *6 open() "/hls/corniaud/playlist.m3u8" failed (2: No such file or directory), client: 192.168.10.104, server: localhost, request: "GET /hls/corniaud/playlist.m3u8 HTTP/1.1", host: "192.168.10.120"
2025/02/19 08:22:53 [error] 30#30: *6 open() "/hls/corniaud/playlist.m3u8" failed (2: No such file or directory), client: 192.168.10.104, server: localhost, request: "GET /hls/corniaud/playlist.m3u8 HTTP/1.1", host: "192.168.10.120"
2025/02/19 08:22:55 [error] 30#30: *6 open() "/hls/corniaud/playlist.m3u8" failed (2: No such file or directory), client: 192.168.10.104, server: localhost, request: "GET /hls/corniaud/playlist.m3u8 HTTP/1.1", host: "192.168.10.120"
2025/02/19 08:22:56 [error] 30#30: *6 open() "/hls/corniaud/playlist.m3u8" failed (2: No such file or directory), client: 192.168.10.104, server: localhost, request: "GET /hls/corniaud/playlist.m3u8 HTTP/1.1", host: "192.168.10.120"
2025/02/19 08:22:57 [error] 30#30: *6 open() "/hls/corniaud/playlist.m3u8" failed (2: No such file or directory), client: 192.168.10.104, server: localhost, request: "GET /hls/corniaud/playlist.m3u8 HTTP/1.1", host: "192.168.10.120"
2025/02/19 08:23:39 [error] 30#30: *6 open() "/hls/corniaud/playlist.m3u8" failed (2: No such file or directory), client: 192.168.10.104, server: localhost, request: "GET /hls/corniaud/playlist.m3u8 HTTP/1.1", host: "192.168.10.120"
2025/02/19 08:23:39 [error] 30#30: *6 open() "/hls/corniaud/playlist.m3u8" failed (2: No such file or directory), client: 192.168.10.104, server: localhost, request: "GET /hls/corniaud/playlist.m3u8 HTTP/1.1", host: "192.168.10.120"
2025/02/19 08:23:40 [error] 30#30: *6 open() "/hls/corniaud/playlist.m3u8" failed (2: No such file or directory), client: 192.168.10.104, server: localhost, request: "GET /hls/corniaud/playlist.m3u8 HTTP/1.1", host: "192.168.10.120"
2025/02/19 08:25:52 [error] 30#30: *6 open() "/hls/corniaud/playlist.m3u8" failed (2: No such file or directory), client: 192.168.10.104, server: localhost, request: "GET /hls/corniaud/playlist.m3u8 HTTP/1.1", host: "192.168.10.120"
2025/02/19 08:25:52 [error] 30#30: *6 open() "/hls/corniaud/playlist.m3u8" failed (2: No such file or directory), client: 192.168.10.104, server: localhost, request: "GET /hls/corniaud/playlist.m3u8 HTTP/1.1", host: "192.168.10.120"
2025/02/19 08:25:53 [error] 30#30: *6 open() "/hls/corniaud/playlist.m3u8" failed (2: No such file or directory), client: 192.168.10.104, server: localhost, request: "GET /hls/corniaud/playlist.m3u8 HTTP/1.1", host: "192.168.10.120"
2025/02/19 08:27:44 [error] 30#30: *6 open() "/hls/corniaud/playlist.m3u8" failed (2: No such file or directory), client: 192.168.10.104, server: localhost, request: "GET /hls/corniaud/playlist.m3u8 HTTP/1.1", host: "192.168.10.120"
2025/02/19 08:27:44 [error] 30#30: *6 open() "/hls/corniaud/playlist.m3u8" failed (2: No such file or directory), client: 192.168.10.104, server: localhost, request: "GET /hls/corniaud/playlist.m3u8 HTTP/1.1", host: "192.168.10.120"
2025/02/19 08:27:45 [error] 30#30: *6 open() "/hls/corniaud/playlist.m3u8" failed (2: No such file or directory), client: 192.168.10.104, server: localhost, request: "GET /hls/corniaud/playlist.m3u8 HTTP/1.1", host: "192.168.10.120"
2025/02/19 08:28:56 [error] 30#30: *6 open() "/hls/loop/segment_20250219082145.ts" failed (2: No such file or directory), client: 192.168.10.104, server: localhost, request: "GET /hls/loop/segment_20250219082145.ts HTTP/1.1", host: "192.168.10.120"
2025/02/19 08:28:56 [error] 30#30: *6 open() "/hls/loop/segment_20250219082145.ts" failed (2: No such file or directory), client: 192.168.10.104, server: localhost, request: "GET /hls/loop/segment_20250219082145.ts HTTP/1.1", host: "192.168.10.120"
2025/02/19 08:29:06 [error] 30#30: *6 open() "/hls/corniaud/playlist.m3u8" failed (2: No such file or directory), client: 192.168.10.104, server: localhost, request: "GET /hls/corniaud/playlist.m3u8 HTTP/1.1", host: "192.168.10.120"
2025/02/19 08:29:06 [error] 30#30: *6 open() "/hls/corniaud/playlist.m3u8" failed (2: No such file or directory), client: 192.168.10.104, server: localhost, request: "GET /hls/corniaud/playlist.m3u8 HTTP/1.1", host: "192.168.10.120"
2025/02/19 08:29:08 [error] 30#30: *6 open() "/hls/corniaud/playlist.m3u8" failed (2: No such file or directory), client: 192.168.10.104, server: localhost, request: "GET /hls/corniaud/playlist.m3u8 HTTP/1.1", host: "192.168.10.120"
2025/02/19 08:29:10 [error] 30#30: *6 open() "/hls/corniaud/playlist.m3u8" failed (2: No such file or directory), client: 192.168.10.104, server: localhost, request: "GET /hls/corniaud/playlist.m3u8 HTTP/1.1", host: "192.168.10.120"
2025/02/19 08:29:10 [error] 30#30: *6 open() "/hls/corniaud/playlist.m3u8" failed (2: No such file or directory), client: 192.168.10.104, server: localhost, request: "GET /hls/corniaud/playlist.m3u8 HTTP/1.1", host: "192.168.10.120"
2025/02/19 08:29:10 [error] 30#30: *6 open() "/hls/corniaud/playlist.m3u8" failed (2: No such file or directory), client: 192.168.10.104, server: localhost, request: "GET /hls/corniaud/playlist.m3u8 HTTP/1.1", host: "192.168.10.120"
2025/02/19 08:31:50 [error] 30#30: *11 open() "/hls/defunes/segment_20250219082348.ts" failed (2: No such file or directory), client: 192.168.10.104, server: localhost, request: "GET /hls/defunes/segment_20250219082348.ts HTTP/1.1", host: "192.168.10.120"
2025/02/19 08:31:50 [error] 30#30: *11 open() "/hls/defunes/segment_20250219082348.ts" failed (2: No such file or directory), client: 192.168.10.104, server: localhost, request: "GET /hls/defunes/segment_20250219082348.ts HTTP/1.1", host: "192.168.10.120"
2025/02/19 08:31:52 [error] 30#30: *11 open() "/hls/defunes/segment_20250219082348.ts" failed (2: No such file or directory), client: 192.168.10.104, server: localhost, request: "GET /hls/defunes/segment_20250219082348.ts HTTP/1.1", host: "192.168.10.120"
2025/02/19 08:31:54 [error] 30#30: *11 open() "/hls/defunes/segment_20250219082348.ts" failed (2: No such file or directory), client: 192.168.10.104, server: localhost, request: "GET /hls/defunes/segment_20250219082348.ts HTTP/1.1", host: "192.168.10.120"
2025/02/19 08:31:57 [error] 30#30: *11 open() "/hls/defunes/segment_20250219082348.ts" failed (2: No such file or directory), client: 192.168.10.104, server: localhost, request: "GET /hls/defunes/segment_20250219082348.ts HTTP/1.1", host: "192.168.10.120"
2025/02/19 08:32:01 [error] 30#30: *11 open() "/hls/defunes/segment_20250219082348.ts" failed (2: No such file or directory), client: 192.168.10.104, server: localhost, request: "GET /hls/defunes/segment_20250219082348.ts HTTP/1.1", host: "192.168.10.120"
2025/02/19 08:32:06 [error] 30#30: *11 open() "/hls/defunes/segment_20250219082348.ts" failed (2: No such file or directory), client: 192.168.10.104, server: localhost, request: "GET /hls/defunes/segment_20250219082348.ts HTTP/1.1", host: "192.168.10.120"
