2025/02/19 01:03:08 [error] 29#29: *5 open() "/hls/loop/segment_20250219010312.ts" failed (2: No such file or directory), client: 192.168.10.85, server: localhost, request: "GET /hls/loop/segment_20250219010312.ts HTTP/1.1", host: "192.168.10.120"
2025/02/19 01:10:42 [error] 29#29: *6 open() "/hls/corniaud/playlist.m3u8" failed (2: No such file or directory), client: 192.168.10.85, server: localhost, request: "GET /hls/corniaud/playlist.m3u8 HTTP/1.1", host: "192.168.10.120"
2025/02/19 01:10:42 [error] 29#29: *6 open() "/hls/corniaud/playlist.m3u8" failed (2: No such file or directory), client: 192.168.10.85, server: localhost, request: "GET /hls/corniaud/playlist.m3u8 HTTP/1.1", host: "192.168.10.120"
2025/02/19 01:10:43 [error] 29#29: *6 open() "/hls/corniaud/playlist.m3u8" failed (2: No such file or directory), client: 192.168.10.85, server: localhost, request: "GET /hls/corniaud/playlist.m3u8 HTTP/1.1", host: "192.168.10.120"
2025/02/19 01:15:22 [error] 29#29: *6 open() "/hls/cameron/playlist.m3u8" failed (2: No such file or directory), client: 192.168.10.85, server: localhost, request: "GET /hls/cameron/playlist.m3u8 HTTP/1.1", host: "192.168.10.120"
2025/02/19 01:15:22 [error] 29#29: *6 open() "/hls/cameron/playlist.m3u8" failed (2: No such file or directory), client: 192.168.10.85, server: localhost, request: "GET /hls/cameron/playlist.m3u8 HTTP/1.1", host: "192.168.10.120"
2025/02/19 01:15:23 [error] 29#29: *6 open() "/hls/cameron/playlist.m3u8" failed (2: No such file or directory), client: 192.168.10.85, server: localhost, request: "GET /hls/cameron/playlist.m3u8 HTTP/1.1", host: "192.168.10.120"
2025/02/19 01:15:32 [error] 29#29: *6 open() "/hls/cameron/segment_20250219011587.ts" failed (2: No such file or directory), client: 192.168.10.85, server: localhost, request: "GET /hls/cameron/segment_20250219011587.ts HTTP/1.1", host: "192.168.10.120"
2025/02/19 01:15:32 [error] 29#29: *6 open() "/hls/cameron/segment_20250219011587.ts" failed (2: No such file or directory), client: 192.168.10.85, server: localhost, request: "GET /hls/cameron/segment_20250219011587.ts HTTP/1.1", host: "192.168.10.120"
2025/02/19 01:15:33 [error] 29#29: *6 open() "/hls/cameron/segment_20250219011587.ts" failed (2: No such file or directory), client: 192.168.10.85, server: localhost, request: "GET /hls/cameron/segment_20250219011587.ts HTTP/1.1", host: "192.168.10.120"
2025/02/19 01:15:35 [error] 29#29: *6 open() "/hls/cameron/segment_20250219011587.ts" failed (2: No such file or directory), client: 192.168.10.85, server: localhost, request: "GET /hls/cameron/segment_20250219011587.ts HTTP/1.1", host: "192.168.10.120"
2025/02/19 01:15:43 [error] 29#29: *6 open() "/hls/cameron/segment_20250219011587.ts" failed (2: No such file or directory), client: 192.168.10.85, server: localhost, request: "GET /hls/cameron/segment_20250219011587.ts HTTP/1.1", host: "192.168.10.120"
2025/02/19 01:17:55 [error] 30#30: *1 open() "/hls/defunes/playlist.m3u8" failed (2: No such file or directory), client: 192.168.10.85, server: localhost, request: "GET /hls/defunes/playlist.m3u8 HTTP/1.1", host: "192.168.10.120"
2025/02/19 01:17:55 [error] 30#30: *1 open() "/hls/defunes/playlist.m3u8" failed (2: No such file or directory), client: 192.168.10.85, server: localhost, request: "GET /hls/defunes/playlist.m3u8 HTTP/1.1", host: "192.168.10.120"
2025/02/19 01:18:00 [error] 30#30: *1 open() "/hls/defunes/segment_20250219011761.ts" failed (2: No such file or directory), client: 192.168.10.85, server: localhost, request: "GET /hls/defunes/segment_20250219011761.ts HTTP/1.1", host: "192.168.10.120"
2025/02/19 01:18:00 [error] 30#30: *1 open() "/hls/defunes/segment_20250219011761.ts" failed (2: No such file or directory), client: 192.168.10.85, server: localhost, request: "GET /hls/defunes/segment_20250219011761.ts HTTP/1.1", host: "192.168.10.120"
2025/02/19 01:18:01 [error] 30#30: *1 open() "/hls/defunes/segment_20250219011761.ts" failed (2: No such file or directory), client: 192.168.10.85, server: localhost, request: "GET /hls/defunes/segment_20250219011761.ts HTTP/1.1", host: "192.168.10.120"
2025/02/19 01:18:03 [error] 30#30: *1 open() "/hls/defunes/segment_20250219011761.ts" failed (2: No such file or directory), client: 192.168.10.85, server: localhost, request: "GET /hls/defunes/segment_20250219011761.ts HTTP/1.1", host: "192.168.10.120"
2025/02/19 01:18:04 [error] 30#30: *2 open() "/usr/share/nginx/html/stub_status" failed (2: No such file or directory), client: 192.168.112.1, server: localhost, request: "GET /stub_status HTTP/1.1", host: "192.168.112.3:80"
2025/02/19 01:18:04 [error] 30#30: *3 open() "/usr/share/nginx/html/basic_status" failed (2: No such file or directory), client: 192.168.112.1, server: localhost, request: "GET /basic_status HTTP/1.1", host: "192.168.112.3:80"
2025/02/19 01:18:04 [error] 30#30: *4 open() "/usr/share/nginx/html/nginx_status" failed (2: No such file or directory), client: 192.168.112.1, server: localhost, request: "GET /nginx_status HTTP/1.1", host: "192.168.112.3:80"
2025/02/19 01:18:04 [error] 30#30: *5 open() "/usr/share/nginx/html/status" failed (2: No such file or directory), client: 192.168.112.1, server: localhost, request: "GET /status HTTP/1.1", host: "192.168.112.3:80"
2025/02/19 01:18:06 [error] 30#30: *1 open() "/hls/defunes/segment_20250219011761.ts" failed (2: No such file or directory), client: 192.168.10.85, server: localhost, request: "GET /hls/defunes/segment_20250219011761.ts HTTP/1.1", host: "192.168.10.120"
2025/02/19 01:18:46 [error] 30#30: *1 open() "/hls/loop/playlist.m3u8" failed (2: No such file or directory), client: 192.168.10.85, server: localhost, request: "GET /hls/loop/playlist.m3u8 HTTP/1.1", host: "192.168.10.120"
2025/02/19 01:18:46 [error] 30#30: *1 open() "/hls/loop/playlist.m3u8" failed (2: No such file or directory), client: 192.168.10.85, server: localhost, request: "GET /hls/loop/playlist.m3u8 HTTP/1.1", host: "192.168.10.120"
2025/02/19 01:24:04 [error] 30#30: *1 open() "/usr/share/nginx/html/stub_status" failed (2: No such file or directory), client: 192.168.128.1, server: localhost, request: "GET /stub_status HTTP/1.1", host: "192.168.128.3:80"
2025/02/19 01:24:04 [error] 30#30: *2 open() "/usr/share/nginx/html/basic_status" failed (2: No such file or directory), client: 192.168.128.1, server: localhost, request: "GET /basic_status HTTP/1.1", host: "192.168.128.3:80"
2025/02/19 01:24:04 [error] 30#30: *3 open() "/usr/share/nginx/html/nginx_status" failed (2: No such file or directory), client: 192.168.128.1, server: localhost, request: "GET /nginx_status HTTP/1.1", host: "192.168.128.3:80"
2025/02/19 01:24:04 [error] 30#30: *4 open() "/usr/share/nginx/html/status" failed (2: No such file or directory), client: 192.168.128.1, server: localhost, request: "GET /status HTTP/1.1", host: "192.168.128.3:80"
2025/02/19 01:24:05 [error] 30#30: *5 open() "/hls/defunes/playlist.m3u8" failed (2: No such file or directory), client: 192.168.10.85, server: localhost, request: "GET /hls/defunes/playlist.m3u8 HTTP/1.1", host: "192.168.10.120"
2025/02/19 01:24:05 [error] 30#30: *5 open() "/hls/defunes/playlist.m3u8" failed (2: No such file or directory), client: 192.168.10.85, server: localhost, request: "GET /hls/defunes/playlist.m3u8 HTTP/1.1", host: "192.168.10.120"
2025/02/19 01:28:15 [error] 30#30: *1 open() "/hls/defunes/playlist.m3u8" failed (2: No such file or directory), client: 192.168.10.85, server: localhost, request: "GET /hls/defunes/playlist.m3u8 HTTP/1.1", host: "192.168.10.120"
2025/02/19 01:29:15 [error] 30#30: *1 open() "/hls/defunes/playlist.m3u8" failed (2: No such file or directory), client: 192.168.10.85, server: localhost, request: "GET /hls/defunes/playlist.m3u8 HTTP/1.1", host: "192.168.10.120"
2025/02/19 01:29:24 [error] 30#30: *1 open() "/hls/loop/playlist.m3u8" failed (2: No such file or directory), client: 192.168.10.85, server: localhost, request: "GET /hls/loop/playlist.m3u8 HTTP/1.1", host: "192.168.10.120"
2025/02/19 01:29:24 [error] 30#30: *1 open() "/hls/loop/playlist.m3u8" failed (2: No such file or directory), client: 192.168.10.85, server: localhost, request: "GET /hls/loop/playlist.m3u8 HTTP/1.1", host: "192.168.10.120"
2025/02/19 01:29:25 [error] 30#30: *1 open() "/hls/loop/playlist.m3u8" failed (2: No such file or directory), client: 192.168.10.85, server: localhost, request: "GET /hls/loop/playlist.m3u8 HTTP/1.1", host: "192.168.10.120"
2025/02/19 01:30:04 [error] 30#30: *3 open() "/usr/share/nginx/html/stub_status" failed (2: No such file or directory), client: 192.168.160.1, server: localhost, request: "GET /stub_status HTTP/1.1", host: "192.168.160.3:80"
2025/02/19 01:30:04 [error] 30#30: *4 open() "/usr/share/nginx/html/basic_status" failed (2: No such file or directory), client: 192.168.160.1, server: localhost, request: "GET /basic_status HTTP/1.1", host: "192.168.160.3:80"
2025/02/19 01:30:04 [error] 30#30: *5 open() "/usr/share/nginx/html/nginx_status" failed (2: No such file or directory), client: 192.168.160.1, server: localhost, request: "GET /nginx_status HTTP/1.1", host: "192.168.160.3:80"
2025/02/19 01:30:04 [error] 30#30: *6 open() "/usr/share/nginx/html/status" failed (2: No such file or directory), client: 192.168.160.1, server: localhost, request: "GET /status HTTP/1.1", host: "192.168.160.3:80"
2025/02/19 01:32:44 [error] 31#31: *1 open() "/hls/loop/segment_20250219012990.ts" failed (2: No such file or directory), client: 192.168.10.85, server: localhost, request: "GET /hls/loop/segment_20250219012990.ts HTTP/1.1", host: "192.168.10.120"
2025/02/19 01:32:49 [error] 31#31: *1 open() "/hls/loop/segment_20250219012990.ts" failed (2: No such file or directory), client: 192.168.10.85, server: localhost, request: "GET /hls/loop/segment_20250219012990.ts HTTP/1.1", host: "192.168.10.120"
2025/02/19 01:32:54 [error] 31#31: *1 open() "/hls/loop/segment_20250219012990.ts" failed (2: No such file or directory), client: 192.168.10.85, server: localhost, request: "GET /hls/loop/segment_20250219012990.ts HTTP/1.1", host: "192.168.10.120"
2025/02/19 01:32:55 [error] 31#31: *1 open() "/hls/defunes/playlist.m3u8" failed (2: No such file or directory), client: 192.168.10.85, server: localhost, request: "GET /hls/defunes/playlist.m3u8 HTTP/1.1", host: "192.168.10.120"
2025/02/19 01:32:55 [error] 31#31: *1 open() "/hls/defunes/playlist.m3u8" failed (2: No such file or directory), client: 192.168.10.85, server: localhost, request: "GET /hls/defunes/playlist.m3u8 HTTP/1.1", host: "192.168.10.120"
2025/02/19 01:32:58 [error] 31#31: *1 open() "/hls/defunes/segment_20250219013260.ts" failed (2: No such file or directory), client: 192.168.10.85, server: localhost, request: "GET /hls/defunes/segment_20250219013260.ts HTTP/1.1", host: "192.168.10.120"
2025/02/19 01:32:58 [error] 31#31: *1 open() "/hls/defunes/segment_20250219013260.ts" failed (2: No such file or directory), client: 192.168.10.85, server: localhost, request: "GET /hls/defunes/segment_20250219013260.ts HTTP/1.1", host: "192.168.10.120"
2025/02/19 01:32:59 [error] 31#31: *1 open() "/hls/defunes/segment_20250219013260.ts" failed (2: No such file or directory), client: 192.168.10.85, server: localhost, request: "GET /hls/defunes/segment_20250219013260.ts HTTP/1.1", host: "192.168.10.120"
2025/02/19 01:33:01 [error] 31#31: *1 open() "/hls/defunes/segment_20250219013260.ts" failed (2: No such file or directory), client: 192.168.10.85, server: localhost, request: "GET /hls/defunes/segment_20250219013260.ts HTTP/1.1", host: "192.168.10.120"
2025/02/19 01:33:04 [error] 31#31: *1 open() "/hls/defunes/segment_20250219013260.ts" failed (2: No such file or directory), client: 192.168.10.85, server: localhost, request: "GET /hls/defunes/segment_20250219013260.ts HTTP/1.1", host: "192.168.10.120"
2025/02/19 01:33:04 [error] 31#31: *2 open() "/usr/share/nginx/html/stub_status" failed (2: No such file or directory), client: 192.168.176.1, server: localhost, request: "GET /stub_status HTTP/1.1", host: "192.168.176.3:80"
2025/02/19 01:33:04 [error] 31#31: *3 open() "/usr/share/nginx/html/basic_status" failed (2: No such file or directory), client: 192.168.176.1, server: localhost, request: "GET /basic_status HTTP/1.1", host: "192.168.176.3:80"
2025/02/19 01:33:04 [error] 31#31: *4 open() "/usr/share/nginx/html/nginx_status" failed (2: No such file or directory), client: 192.168.176.1, server: localhost, request: "GET /nginx_status HTTP/1.1", host: "192.168.176.3:80"
2025/02/19 01:33:04 [error] 31#31: *5 open() "/usr/share/nginx/html/status" failed (2: No such file or directory), client: 192.168.176.1, server: localhost, request: "GET /status HTTP/1.1", host: "192.168.176.3:80"
2025/02/19 01:38:04 [error] 31#31: *2 open() "/usr/share/nginx/html/stub_status" failed (2: No such file or directory), client: 192.168.192.1, server: localhost, request: "GET /stub_status HTTP/1.1", host: "192.168.192.3:80"
2025/02/19 01:38:04 [error] 31#31: *3 open() "/usr/share/nginx/html/basic_status" failed (2: No such file or directory), client: 192.168.192.1, server: localhost, request: "GET /basic_status HTTP/1.1", host: "192.168.192.3:80"
2025/02/19 01:38:04 [error] 31#31: *4 open() "/usr/share/nginx/html/nginx_status" failed (2: No such file or directory), client: 192.168.192.1, server: localhost, request: "GET /nginx_status HTTP/1.1", host: "192.168.192.3:80"
2025/02/19 01:38:04 [error] 31#31: *5 open() "/usr/share/nginx/html/status" failed (2: No such file or directory), client: 192.168.192.1, server: localhost, request: "GET /status HTTP/1.1", host: "192.168.192.3:80"
2025/02/19 01:38:13 [error] 31#31: *1 open() "/hls/defunes/playlist.m3u8" failed (2: No such file or directory), client: 192.168.10.85, server: localhost, request: "GET /hls/defunes/playlist.m3u8 HTTP/1.1", host: "192.168.10.120"
2025/02/19 01:38:13 [error] 31#31: *1 open() "/hls/defunes/playlist.m3u8" failed (2: No such file or directory), client: 192.168.10.85, server: localhost, request: "GET /hls/defunes/playlist.m3u8 HTTP/1.1", host: "192.168.10.120"
2025/02/19 01:38:47 [error] 30#30: *1 open() "/hls/loop/playlist.m3u8" failed (2: No such file or directory), client: 192.168.10.85, server: localhost, request: "GET /hls/loop/playlist.m3u8 HTTP/1.1", host: "192.168.10.120"
2025/02/19 01:38:47 [error] 30#30: *1 open() "/hls/loop/playlist.m3u8" failed (2: No such file or directory), client: 192.168.10.85, server: localhost, request: "GET /hls/loop/playlist.m3u8 HTTP/1.1", host: "192.168.10.120"
2025/02/19 01:39:02 [error] 30#30: *1 open() "/hls/defunes/playlist.m3u8" failed (2: No such file or directory), client: 192.168.10.85, server: localhost, request: "GET /hls/defunes/playlist.m3u8 HTTP/1.1", host: "192.168.10.120"
2025/02/19 01:39:02 [error] 30#30: *1 open() "/hls/defunes/playlist.m3u8" failed (2: No such file or directory), client: 192.168.10.85, server: localhost, request: "GET /hls/defunes/playlist.m3u8 HTTP/1.1", host: "192.168.10.120"
2025/02/19 01:39:04 [error] 30#30: *3 open() "/usr/share/nginx/html/stub_status" failed (2: No such file or directory), client: 192.168.208.1, server: localhost, request: "GET /stub_status HTTP/1.1", host: "192.168.208.3:80"
2025/02/19 01:39:04 [error] 30#30: *4 open() "/usr/share/nginx/html/basic_status" failed (2: No such file or directory), client: 192.168.208.1, server: localhost, request: "GET /basic_status HTTP/1.1", host: "192.168.208.3:80"
2025/02/19 01:39:04 [error] 30#30: *5 open() "/usr/share/nginx/html/nginx_status" failed (2: No such file or directory), client: 192.168.208.1, server: localhost, request: "GET /nginx_status HTTP/1.1", host: "192.168.208.3:80"
2025/02/19 01:39:04 [error] 30#30: *6 open() "/usr/share/nginx/html/status" failed (2: No such file or directory), client: 192.168.208.1, server: localhost, request: "GET /status HTTP/1.1", host: "192.168.208.3:80"
2025/02/19 01:39:05 [error] 30#30: *1 open() "/hls/defunes/segment_20250219013904.ts" failed (2: No such file or directory), client: 192.168.10.85, server: localhost, request: "GET /hls/defunes/segment_20250219013904.ts HTTP/1.1", host: "192.168.10.120"
2025/02/19 01:39:05 [error] 30#30: *1 open() "/hls/defunes/segment_20250219013904.ts" failed (2: No such file or directory), client: 192.168.10.85, server: localhost, request: "GET /hls/defunes/segment_20250219013904.ts HTTP/1.1", host: "192.168.10.120"
2025/02/19 01:39:06 [error] 30#30: *1 open() "/hls/defunes/segment_20250219013904.ts" failed (2: No such file or directory), client: 192.168.10.85, server: localhost, request: "GET /hls/defunes/segment_20250219013904.ts HTTP/1.1", host: "192.168.10.120"
2025/02/19 01:39:08 [error] 30#30: *1 open() "/hls/defunes/segment_20250219013904.ts" failed (2: No such file or directory), client: 192.168.10.85, server: localhost, request: "GET /hls/defunes/segment_20250219013904.ts HTTP/1.1", host: "192.168.10.120"
2025/02/19 01:39:12 [error] 30#30: *1 open() "/hls/defunes/segment_20250219013904.ts" failed (2: No such file or directory), client: 192.168.10.85, server: localhost, request: "GET /hls/defunes/segment_20250219013904.ts HTTP/1.1", host: "192.168.10.120"
2025/02/19 01:39:16 [error] 30#30: *1 open() "/hls/defunes/segment_20250219013904.ts" failed (2: No such file or directory), client: 192.168.10.85, server: localhost, request: "GET /hls/defunes/segment_20250219013904.ts HTTP/1.1", host: "192.168.10.120"
2025/02/19 01:39:21 [error] 30#30: *1 open() "/hls/defunes/segment_20250219013904.ts" failed (2: No such file or directory), client: 192.168.10.85, server: localhost, request: "GET /hls/defunes/segment_20250219013904.ts HTTP/1.1", host: "192.168.10.120"
2025/02/19 01:39:26 [error] 30#30: *1 open() "/hls/defunes/segment_20250219013904.ts" failed (2: No such file or directory), client: 192.168.10.85, server: localhost, request: "GET /hls/defunes/segment_20250219013904.ts HTTP/1.1", host: "192.168.10.120"
2025/02/19 01:39:31 [error] 30#30: *1 open() "/hls/defunes/segment_20250219013904.ts" failed (2: No such file or directory), client: 192.168.10.85, server: localhost, request: "GET /hls/defunes/segment_20250219013904.ts HTTP/1.1", host: "192.168.10.120"
2025/02/19 01:39:36 [error] 30#30: *1 open() "/hls/defunes/segment_20250219013904.ts" failed (2: No such file or directory), client: 192.168.10.85, server: localhost, request: "GET /hls/defunes/segment_20250219013904.ts HTTP/1.1", host: "192.168.10.120"
2025/02/19 01:39:41 [error] 30#30: *1 open() "/hls/defunes/segment_20250219013904.ts" failed (2: No such file or directory), client: 192.168.10.85, server: localhost, request: "GET /hls/defunes/segment_20250219013904.ts HTTP/1.1", host: "192.168.10.120"
2025/02/19 01:39:46 [error] 30#30: *1 open() "/hls/defunes/segment_20250219013904.ts" failed (2: No such file or directory), client: 192.168.10.85, server: localhost, request: "GET /hls/defunes/segment_20250219013904.ts HTTP/1.1", host: "192.168.10.120"
2025/02/19 01:39:51 [error] 30#30: *1 open() "/hls/defunes/segment_20250219013904.ts" failed (2: No such file or directory), client: 192.168.10.85, server: localhost, request: "GET /hls/defunes/segment_20250219013904.ts HTTP/1.1", host: "192.168.10.120"
2025/02/19 01:39:56 [error] 30#30: *1 open() "/hls/defunes/segment_20250219013904.ts" failed (2: No such file or directory), client: 192.168.10.85, server: localhost, request: "GET /hls/defunes/segment_20250219013904.ts HTTP/1.1", host: "192.168.10.120"
2025/02/19 01:40:01 [error] 30#30: *1 open() "/hls/defunes/segment_20250219013904.ts" failed (2: No such file or directory), client: 192.168.10.85, server: localhost, request: "GET /hls/defunes/segment_20250219013904.ts HTTP/1.1", host: "192.168.10.120"
2025/02/19 01:40:06 [error] 30#30: *1 open() "/hls/defunes/segment_20250219013904.ts" failed (2: No such file or directory), client: 192.168.10.85, server: localhost, request: "GET /hls/defunes/segment_20250219013904.ts HTTP/1.1", host: "192.168.10.120"
2025/02/19 01:40:11 [error] 30#30: *1 open() "/hls/defunes/segment_20250219013904.ts" failed (2: No such file or directory), client: 192.168.10.85, server: localhost, request: "GET /hls/defunes/segment_20250219013904.ts HTTP/1.1", host: "192.168.10.120"
2025/02/19 01:40:16 [error] 30#30: *1 open() "/hls/defunes/segment_20250219013904.ts" failed (2: No such file or directory), client: 192.168.10.85, server: localhost, request: "GET /hls/defunes/segment_20250219013904.ts HTTP/1.1", host: "192.168.10.120"
2025/02/19 01:40:21 [error] 30#30: *1 open() "/hls/defunes/segment_20250219013904.ts" failed (2: No such file or directory), client: 192.168.10.85, server: localhost, request: "GET /hls/defunes/segment_20250219013904.ts HTTP/1.1", host: "192.168.10.120"
2025/02/19 01:40:26 [error] 30#30: *1 open() "/hls/defunes/segment_20250219013904.ts" failed (2: No such file or directory), client: 192.168.10.85, server: localhost, request: "GET /hls/defunes/segment_20250219013904.ts HTTP/1.1", host: "192.168.10.120"
2025/02/19 01:40:31 [error] 30#30: *1 open() "/hls/defunes/segment_20250219013904.ts" failed (2: No such file or directory), client: 192.168.10.85, server: localhost, request: "GET /hls/defunes/segment_20250219013904.ts HTTP/1.1", host: "192.168.10.120"
2025/02/19 01:40:37 [error] 30#30: *1 open() "/hls/defunes/segment_20250219013904.ts" failed (2: No such file or directory), client: 192.168.10.85, server: localhost, request: "GET /hls/defunes/segment_20250219013904.ts HTTP/1.1", host: "192.168.10.120"
2025/02/19 01:40:42 [error] 30#30: *1 open() "/hls/defunes/segment_20250219013904.ts" failed (2: No such file or directory), client: 192.168.10.85, server: localhost, request: "GET /hls/defunes/segment_20250219013904.ts HTTP/1.1", host: "192.168.10.120"
2025/02/19 01:40:47 [error] 30#30: *1 open() "/hls/defunes/segment_20250219013904.ts" failed (2: No such file or directory), client: 192.168.10.85, server: localhost, request: "GET /hls/defunes/segment_20250219013904.ts HTTP/1.1", host: "192.168.10.120"
2025/02/19 01:40:52 [error] 30#30: *1 open() "/hls/defunes/segment_20250219013904.ts" failed (2: No such file or directory), client: 192.168.10.85, server: localhost, request: "GET /hls/defunes/segment_20250219013904.ts HTTP/1.1", host: "192.168.10.120"
2025/02/19 01:40:57 [error] 30#30: *1 open() "/hls/defunes/segment_20250219013904.ts" failed (2: No such file or directory), client: 192.168.10.85, server: localhost, request: "GET /hls/defunes/segment_20250219013904.ts HTTP/1.1", host: "192.168.10.120"
2025/02/19 01:41:02 [error] 30#30: *1 open() "/hls/defunes/segment_20250219013904.ts" failed (2: No such file or directory), client: 192.168.10.85, server: localhost, request: "GET /hls/defunes/segment_20250219013904.ts HTTP/1.1", host: "192.168.10.120"
2025/02/19 01:41:07 [error] 30#30: *1 open() "/hls/defunes/segment_20250219013904.ts" failed (2: No such file or directory), client: 192.168.10.85, server: localhost, request: "GET /hls/defunes/segment_20250219013904.ts HTTP/1.1", host: "192.168.10.120"
2025/02/19 01:41:13 [error] 30#30: *1 open() "/hls/defunes/segment_20250219013904.ts" failed (2: No such file or directory), client: 192.168.10.85, server: localhost, request: "GET /hls/defunes/segment_20250219013904.ts HTTP/1.1", host: "192.168.10.120"
2025/02/19 01:41:18 [error] 30#30: *1 open() "/hls/defunes/segment_20250219013904.ts" failed (2: No such file or directory), client: 192.168.10.85, server: localhost, request: "GET /hls/defunes/segment_20250219013904.ts HTTP/1.1", host: "192.168.10.120"
2025/02/19 01:41:25 [error] 30#30: *1 open() "/hls/defunes/segment_20250219013904.ts" failed (2: No such file or directory), client: 192.168.10.85, server: localhost, request: "GET /hls/defunes/segment_20250219013904.ts HTTP/1.1", host: "192.168.10.120"
2025/02/19 01:41:30 [error] 30#30: *1 open() "/hls/defunes/segment_20250219013904.ts" failed (2: No such file or directory), client: 192.168.10.85, server: localhost, request: "GET /hls/defunes/segment_20250219013904.ts HTTP/1.1", host: "192.168.10.120"
2025/02/19 01:41:36 [error] 30#30: *1 open() "/hls/defunes/segment_20250219013904.ts" failed (2: No such file or directory), client: 192.168.10.85, server: localhost, request: "GET /hls/defunes/segment_20250219013904.ts HTTP/1.1", host: "192.168.10.120"
2025/02/19 01:41:41 [error] 30#30: *1 open() "/hls/defunes/segment_20250219013904.ts" failed (2: No such file or directory), client: 192.168.10.85, server: localhost, request: "GET /hls/defunes/segment_20250219013904.ts HTTP/1.1", host: "192.168.10.120"
2025/02/19 01:41:48 [error] 30#30: *7 open() "/hls/defunes/segment_20250219013904.ts" failed (2: No such file or directory), client: 192.168.10.85, server: localhost, request: "GET /hls/defunes/segment_20250219013904.ts HTTP/1.1", host: "192.168.10.120"
2025/02/19 01:41:53 [error] 30#30: *1 open() "/hls/defunes/segment_20250219013904.ts" failed (2: No such file or directory), client: 192.168.10.85, server: localhost, request: "GET /hls/defunes/segment_20250219013904.ts HTTP/1.1", host: "192.168.10.120"
2025/02/19 01:41:59 [error] 30#30: *7 open() "/hls/defunes/segment_20250219013904.ts" failed (2: No such file or directory), client: 192.168.10.85, server: localhost, request: "GET /hls/defunes/segment_20250219013904.ts HTTP/1.1", host: "192.168.10.120"
2025/02/19 01:42:04 [error] 30#30: *1 open() "/hls/defunes/segment_20250219013904.ts" failed (2: No such file or directory), client: 192.168.10.85, server: localhost, request: "GET /hls/defunes/segment_20250219013904.ts HTTP/1.1", host: "192.168.10.120"
2025/02/19 01:42:09 [error] 30#30: *1 open() "/hls/defunes/segment_20250219013904.ts" failed (2: No such file or directory), client: 192.168.10.85, server: localhost, request: "GET /hls/defunes/segment_20250219013904.ts HTTP/1.1", host: "192.168.10.120"
2025/02/19 01:42:14 [error] 30#30: *1 open() "/hls/defunes/segment_20250219013904.ts" failed (2: No such file or directory), client: 192.168.10.85, server: localhost, request: "GET /hls/defunes/segment_20250219013904.ts HTTP/1.1", host: "192.168.10.120"
2025/02/19 01:42:20 [error] 30#30: *1 open() "/hls/defunes/segment_20250219013904.ts" failed (2: No such file or directory), client: 192.168.10.85, server: localhost, request: "GET /hls/defunes/segment_20250219013904.ts HTTP/1.1", host: "192.168.10.120"
2025/02/19 01:42:25 [error] 30#30: *1 open() "/hls/defunes/segment_20250219013904.ts" failed (2: No such file or directory), client: 192.168.10.85, server: localhost, request: "GET /hls/defunes/segment_20250219013904.ts HTTP/1.1", host: "192.168.10.120"
2025/02/19 01:42:30 [error] 30#30: *1 open() "/hls/defunes/segment_20250219013904.ts" failed (2: No such file or directory), client: 192.168.10.85, server: localhost, request: "GET /hls/defunes/segment_20250219013904.ts HTTP/1.1", host: "192.168.10.120"
2025/02/19 01:42:35 [error] 30#30: *1 open() "/hls/defunes/segment_20250219013904.ts" failed (2: No such file or directory), client: 192.168.10.85, server: localhost, request: "GET /hls/defunes/segment_20250219013904.ts HTTP/1.1", host: "192.168.10.120"
2025/02/19 01:42:40 [error] 30#30: *1 open() "/hls/defunes/segment_20250219013904.ts" failed (2: No such file or directory), client: 192.168.10.85, server: localhost, request: "GET /hls/defunes/segment_20250219013904.ts HTTP/1.1", host: "192.168.10.120"
2025/02/19 01:54:58 [error] 30#30: *10 open() "/hls/defunes/segment_20250219013904.ts" failed (2: No such file or directory), client: 192.168.10.85, server: localhost, request: "GET /hls/defunes/segment_20250219013904.ts HTTP/1.1", host: "192.168.10.120"
2025/02/19 01:59:53 [error] 29#29: *1 open() "/hls/defunes/playlist.m3u8" failed (2: No such file or directory), client: 192.168.10.85, server: localhost, request: "GET /hls/defunes/playlist.m3u8 HTTP/1.1", host: "192.168.10.120"
2025/02/19 01:59:53 [error] 29#29: *1 open() "/hls/defunes/playlist.m3u8" failed (2: No such file or directory), client: 192.168.10.85, server: localhost, request: "GET /hls/defunes/playlist.m3u8 HTTP/1.1", host: "192.168.10.120"
2025/02/19 01:59:56 [error] 29#29: *1 open() "/hls/defunes/segment_20250219015957.ts" failed (2: No such file or directory), client: 192.168.10.85, server: localhost, request: "GET /hls/defunes/segment_20250219015957.ts HTTP/1.1", host: "192.168.10.120"
2025/02/19 01:59:56 [error] 29#29: *1 open() "/hls/defunes/segment_20250219015957.ts" failed (2: No such file or directory), client: 192.168.10.85, server: localhost, request: "GET /hls/defunes/segment_20250219015957.ts HTTP/1.1", host: "192.168.10.120"
2025/02/19 01:59:57 [error] 29#29: *1 open() "/hls/defunes/segment_20250219015957.ts" failed (2: No such file or directory), client: 192.168.10.85, server: localhost, request: "GET /hls/defunes/segment_20250219015957.ts HTTP/1.1", host: "192.168.10.120"
2025/02/19 01:59:59 [error] 29#29: *1 open() "/hls/defunes/segment_20250219015957.ts" failed (2: No such file or directory), client: 192.168.10.85, server: localhost, request: "GET /hls/defunes/segment_20250219015957.ts HTTP/1.1", host: "192.168.10.120"
2025/02/19 02:00:02 [error] 29#29: *1 open() "/hls/defunes/segment_20250219015957.ts" failed (2: No such file or directory), client: 192.168.10.85, server: localhost, request: "GET /hls/defunes/segment_20250219015957.ts HTTP/1.1", host: "192.168.10.120"
2025/02/19 02:00:04 [error] 29#29: *2 open() "/usr/share/nginx/html/stub_status" failed (2: No such file or directory), client: 192.168.224.1, server: localhost, request: "GET /stub_status HTTP/1.1", host: "192.168.224.3:80"
2025/02/19 02:00:04 [error] 29#29: *3 open() "/usr/share/nginx/html/basic_status" failed (2: No such file or directory), client: 192.168.224.1, server: localhost, request: "GET /basic_status HTTP/1.1", host: "192.168.224.3:80"
2025/02/19 02:00:04 [error] 29#29: *4 open() "/usr/share/nginx/html/nginx_status" failed (2: No such file or directory), client: 192.168.224.1, server: localhost, request: "GET /nginx_status HTTP/1.1", host: "192.168.224.3:80"
2025/02/19 02:00:04 [error] 29#29: *5 open() "/usr/share/nginx/html/status" failed (2: No such file or directory), client: 192.168.224.1, server: localhost, request: "GET /status HTTP/1.1", host: "192.168.224.3:80"
2025/02/19 02:01:12 [error] 29#29: *1 open() "/hls/loop/playlist.m3u8" failed (2: No such file or directory), client: 192.168.10.85, server: localhost, request: "GET /hls/loop/playlist.m3u8 HTTP/1.1", host: "192.168.10.120"
2025/02/19 02:01:12 [error] 29#29: *1 open() "/hls/loop/playlist.m3u8" failed (2: No such file or directory), client: 192.168.10.85, server: localhost, request: "GET /hls/loop/playlist.m3u8 HTTP/1.1", host: "192.168.10.120"
2025/02/19 02:01:13 [error] 29#29: *1 open() "/hls/loop/playlist.m3u8" failed (2: No such file or directory), client: 192.168.10.85, server: localhost, request: "GET /hls/loop/playlist.m3u8 HTTP/1.1", host: "192.168.10.120"
2025/02/19 02:03:57 [error] 29#29: *1 open() "/hls/defunes/segment_20250219016017.ts" failed (2: No such file or directory), client: 192.168.10.85, server: localhost, request: "GET /hls/defunes/segment_20250219016017.ts HTTP/1.1", host: "192.168.10.120"
2025/02/19 02:03:57 [error] 29#29: *1 open() "/hls/defunes/segment_20250219016017.ts" failed (2: No such file or directory), client: 192.168.10.85, server: localhost, request: "GET /hls/defunes/segment_20250219016017.ts HTTP/1.1", host: "192.168.10.120"
2025/02/19 02:03:58 [error] 29#29: *1 open() "/hls/defunes/segment_20250219016017.ts" failed (2: No such file or directory), client: 192.168.10.85, server: localhost, request: "GET /hls/defunes/segment_20250219016017.ts HTTP/1.1", host: "192.168.10.120"
2025/02/19 02:04:00 [error] 29#29: *1 open() "/hls/defunes/segment_20250219016017.ts" failed (2: No such file or directory), client: 192.168.10.85, server: localhost, request: "GET /hls/defunes/segment_20250219016017.ts HTTP/1.1", host: "192.168.10.120"
2025/02/19 02:04:03 [error] 29#29: *1 open() "/hls/defunes/segment_20250219016017.ts" failed (2: No such file or directory), client: 192.168.10.85, server: localhost, request: "GET /hls/defunes/segment_20250219016017.ts HTTP/1.1", host: "192.168.10.120"
2025/02/19 02:04:09 [error] 29#29: *1 open() "/hls/corniaud/playlist.m3u8" failed (2: No such file or directory), client: 192.168.10.85, server: localhost, request: "GET /hls/corniaud/playlist.m3u8 HTTP/1.1", host: "192.168.10.120"
2025/02/19 02:04:09 [error] 29#29: *1 open() "/hls/corniaud/playlist.m3u8" failed (2: No such file or directory), client: 192.168.10.85, server: localhost, request: "GET /hls/corniaud/playlist.m3u8 HTTP/1.1", host: "192.168.10.120"
2025/02/19 02:15:52 [error] 30#30: *1 open() "/hls/defunes/playlist.m3u8" failed (2: No such file or directory), client: 192.168.10.85, server: localhost, request: "GET /hls/defunes/playlist.m3u8 HTTP/1.1", host: "192.168.10.120"
2025/02/19 02:15:52 [error] 30#30: *1 open() "/hls/defunes/playlist.m3u8" failed (2: No such file or directory), client: 192.168.10.85, server: localhost, request: "GET /hls/defunes/playlist.m3u8 HTTP/1.1", host: "192.168.10.120"
2025/02/19 02:15:55 [error] 30#30: *1 open() "/hls/defunes/segment_20250219021561.ts" failed (2: No such file or directory), client: 192.168.10.85, server: localhost, request: "GET /hls/defunes/segment_20250219021561.ts HTTP/1.1", host: "192.168.10.120"
2025/02/19 02:15:55 [error] 30#30: *1 open() "/hls/defunes/segment_20250219021561.ts" failed (2: No such file or directory), client: 192.168.10.85, server: localhost, request: "GET /hls/defunes/segment_20250219021561.ts HTTP/1.1", host: "192.168.10.120"
2025/02/19 02:15:56 [error] 30#30: *1 open() "/hls/defunes/segment_20250219021561.ts" failed (2: No such file or directory), client: 192.168.10.85, server: localhost, request: "GET /hls/defunes/segment_20250219021561.ts HTTP/1.1", host: "192.168.10.120"
2025/02/19 02:15:58 [error] 30#30: *1 open() "/hls/defunes/segment_20250219021561.ts" failed (2: No such file or directory), client: 192.168.10.85, server: localhost, request: "GET /hls/defunes/segment_20250219021561.ts HTTP/1.1", host: "192.168.10.120"
2025/02/19 02:16:01 [error] 30#30: *1 open() "/hls/defunes/segment_20250219021561.ts" failed (2: No such file or directory), client: 192.168.10.85, server: localhost, request: "GET /hls/defunes/segment_20250219021561.ts HTTP/1.1", host: "192.168.10.120"
2025/02/19 02:16:04 [error] 30#30: *3 open() "/usr/share/nginx/html/stub_status" failed (2: No such file or directory), client: 192.168.240.1, server: localhost, request: "GET /stub_status HTTP/1.1", host: "192.168.240.3:80"
2025/02/19 02:16:04 [error] 30#30: *4 open() "/usr/share/nginx/html/basic_status" failed (2: No such file or directory), client: 192.168.240.1, server: localhost, request: "GET /basic_status HTTP/1.1", host: "192.168.240.3:80"
2025/02/19 02:16:04 [error] 30#30: *5 open() "/usr/share/nginx/html/nginx_status" failed (2: No such file or directory), client: 192.168.240.1, server: localhost, request: "GET /nginx_status HTTP/1.1", host: "192.168.240.3:80"
2025/02/19 02:16:04 [error] 30#30: *6 open() "/usr/share/nginx/html/status" failed (2: No such file or directory), client: 192.168.240.1, server: localhost, request: "GET /status HTTP/1.1", host: "192.168.240.3:80"
2025/02/19 02:16:05 [error] 30#30: *1 open() "/hls/defunes/segment_20250219021561.ts" failed (2: No such file or directory), client: 192.168.10.85, server: localhost, request: "GET /hls/defunes/segment_20250219021561.ts HTTP/1.1", host: "192.168.10.120"
2025/02/19 02:16:10 [error] 30#30: *1 open() "/hls/defunes/segment_20250219021561.ts" failed (2: No such file or directory), client: 192.168.10.85, server: localhost, request: "GET /hls/defunes/segment_20250219021561.ts HTTP/1.1", host: "192.168.10.120"
2025/02/19 02:16:15 [error] 30#30: *1 open() "/hls/defunes/segment_20250219021561.ts" failed (2: No such file or directory), client: 192.168.10.85, server: localhost, request: "GET /hls/defunes/segment_20250219021561.ts HTTP/1.1", host: "192.168.10.120"
2025/02/19 02:16:20 [error] 30#30: *1 open() "/hls/defunes/segment_20250219021561.ts" failed (2: No such file or directory), client: 192.168.10.85, server: localhost, request: "GET /hls/defunes/segment_20250219021561.ts HTTP/1.1", host: "192.168.10.120"
2025/02/19 02:16:25 [error] 30#30: *1 open() "/hls/defunes/segment_20250219021561.ts" failed (2: No such file or directory), client: 192.168.10.85, server: localhost, request: "GET /hls/defunes/segment_20250219021561.ts HTTP/1.1", host: "192.168.10.120"
2025/02/19 02:16:30 [error] 30#30: *1 open() "/hls/defunes/segment_20250219021561.ts" failed (2: No such file or directory), client: 192.168.10.85, server: localhost, request: "GET /hls/defunes/segment_20250219021561.ts HTTP/1.1", host: "192.168.10.120"
2025/02/19 02:16:35 [error] 30#30: *1 open() "/hls/defunes/segment_20250219021561.ts" failed (2: No such file or directory), client: 192.168.10.85, server: localhost, request: "GET /hls/defunes/segment_20250219021561.ts HTTP/1.1", host: "192.168.10.120"
2025/02/19 02:16:40 [error] 30#30: *1 open() "/hls/defunes/segment_20250219021561.ts" failed (2: No such file or directory), client: 192.168.10.85, server: localhost, request: "GET /hls/defunes/segment_20250219021561.ts HTTP/1.1", host: "192.168.10.120"
2025/02/19 02:16:46 [error] 30#30: *1 open() "/hls/defunes/segment_20250219021561.ts" failed (2: No such file or directory), client: 192.168.10.85, server: localhost, request: "GET /hls/defunes/segment_20250219021561.ts HTTP/1.1", host: "192.168.10.120"
2025/02/19 02:16:51 [error] 30#30: *1 open() "/hls/defunes/segment_20250219021561.ts" failed (2: No such file or directory), client: 192.168.10.85, server: localhost, request: "GET /hls/defunes/segment_20250219021561.ts HTTP/1.1", host: "192.168.10.120"
2025/02/19 02:16:56 [error] 30#30: *1 open() "/hls/defunes/segment_20250219021561.ts" failed (2: No such file or directory), client: 192.168.10.85, server: localhost, request: "GET /hls/defunes/segment_20250219021561.ts HTTP/1.1", host: "192.168.10.120"
2025/02/19 02:17:01 [error] 30#30: *1 open() "/hls/defunes/segment_20250219021561.ts" failed (2: No such file or directory), client: 192.168.10.85, server: localhost, request: "GET /hls/defunes/segment_20250219021561.ts HTTP/1.1", host: "192.168.10.120"
2025/02/19 02:17:06 [error] 30#30: *1 open() "/hls/defunes/segment_20250219021561.ts" failed (2: No such file or directory), client: 192.168.10.85, server: localhost, request: "GET /hls/defunes/segment_20250219021561.ts HTTP/1.1", host: "192.168.10.120"
2025/02/19 02:17:11 [error] 30#30: *1 open() "/hls/defunes/segment_20250219021561.ts" failed (2: No such file or directory), client: 192.168.10.85, server: localhost, request: "GET /hls/defunes/segment_20250219021561.ts HTTP/1.1", host: "192.168.10.120"
2025/02/19 02:17:16 [error] 30#30: *1 open() "/hls/defunes/segment_20250219021561.ts" failed (2: No such file or directory), client: 192.168.10.85, server: localhost, request: "GET /hls/defunes/segment_20250219021561.ts HTTP/1.1", host: "192.168.10.120"
2025/02/19 02:17:21 [error] 30#30: *1 open() "/hls/defunes/segment_20250219021561.ts" failed (2: No such file or directory), client: 192.168.10.85, server: localhost, request: "GET /hls/defunes/segment_20250219021561.ts HTTP/1.1", host: "192.168.10.120"
2025/02/19 02:17:26 [error] 30#30: *1 open() "/hls/defunes/segment_20250219021561.ts" failed (2: No such file or directory), client: 192.168.10.85, server: localhost, request: "GET /hls/defunes/segment_20250219021561.ts HTTP/1.1", host: "192.168.10.120"
2025/02/19 02:17:31 [error] 30#30: *1 open() "/hls/defunes/segment_20250219021561.ts" failed (2: No such file or directory), client: 192.168.10.85, server: localhost, request: "GET /hls/defunes/segment_20250219021561.ts HTTP/1.1", host: "192.168.10.120"
2025/02/19 02:17:36 [error] 30#30: *1 open() "/hls/defunes/segment_20250219021561.ts" failed (2: No such file or directory), client: 192.168.10.85, server: localhost, request: "GET /hls/defunes/segment_20250219021561.ts HTTP/1.1", host: "192.168.10.120"
2025/02/19 02:17:41 [error] 30#30: *1 open() "/hls/defunes/segment_20250219021561.ts" failed (2: No such file or directory), client: 192.168.10.85, server: localhost, request: "GET /hls/defunes/segment_20250219021561.ts HTTP/1.1", host: "192.168.10.120"
2025/02/19 02:17:46 [error] 30#30: *1 open() "/hls/defunes/segment_20250219021561.ts" failed (2: No such file or directory), client: 192.168.10.85, server: localhost, request: "GET /hls/defunes/segment_20250219021561.ts HTTP/1.1", host: "192.168.10.120"
2025/02/19 02:17:51 [error] 30#30: *1 open() "/hls/defunes/segment_20250219021561.ts" failed (2: No such file or directory), client: 192.168.10.85, server: localhost, request: "GET /hls/defunes/segment_20250219021561.ts HTTP/1.1", host: "192.168.10.120"
2025/02/19 02:17:57 [error] 30#30: *1 open() "/hls/defunes/segment_20250219021561.ts" failed (2: No such file or directory), client: 192.168.10.85, server: localhost, request: "GET /hls/defunes/segment_20250219021561.ts HTTP/1.1", host: "192.168.10.120"
2025/02/19 02:18:02 [error] 30#30: *1 open() "/hls/defunes/segment_20250219021561.ts" failed (2: No such file or directory), client: 192.168.10.85, server: localhost, request: "GET /hls/defunes/segment_20250219021561.ts HTTP/1.1", host: "192.168.10.120"
2025/02/19 02:18:07 [error] 30#30: *1 open() "/hls/defunes/segment_20250219021561.ts" failed (2: No such file or directory), client: 192.168.10.85, server: localhost, request: "GET /hls/defunes/segment_20250219021561.ts HTTP/1.1", host: "192.168.10.120"
2025/02/19 02:18:12 [error] 30#30: *1 open() "/hls/defunes/segment_20250219021561.ts" failed (2: No such file or directory), client: 192.168.10.85, server: localhost, request: "GET /hls/defunes/segment_20250219021561.ts HTTP/1.1", host: "192.168.10.120"
2025/02/19 02:18:17 [error] 30#30: *1 open() "/hls/defunes/segment_20250219021561.ts" failed (2: No such file or directory), client: 192.168.10.85, server: localhost, request: "GET /hls/defunes/segment_20250219021561.ts HTTP/1.1", host: "192.168.10.120"
2025/02/19 02:18:22 [error] 30#30: *1 open() "/hls/defunes/segment_20250219021561.ts" failed (2: No such file or directory), client: 192.168.10.85, server: localhost, request: "GET /hls/defunes/segment_20250219021561.ts HTTP/1.1", host: "192.168.10.120"
2025/02/19 02:18:27 [error] 30#30: *1 open() "/hls/defunes/segment_20250219021561.ts" failed (2: No such file or directory), client: 192.168.10.85, server: localhost, request: "GET /hls/defunes/segment_20250219021561.ts HTTP/1.1", host: "192.168.10.120"
2025/02/19 02:18:32 [error] 30#30: *1 open() "/hls/defunes/segment_20250219021561.ts" failed (2: No such file or directory), client: 192.168.10.85, server: localhost, request: "GET /hls/defunes/segment_20250219021561.ts HTTP/1.1", host: "192.168.10.120"
2025/02/19 02:18:37 [error] 30#30: *1 open() "/hls/defunes/segment_20250219021561.ts" failed (2: No such file or directory), client: 192.168.10.85, server: localhost, request: "GET /hls/defunes/segment_20250219021561.ts HTTP/1.1", host: "192.168.10.120"
2025/02/19 02:18:42 [error] 30#30: *1 open() "/hls/defunes/segment_20250219021561.ts" failed (2: No such file or directory), client: 192.168.10.85, server: localhost, request: "GET /hls/defunes/segment_20250219021561.ts HTTP/1.1", host: "192.168.10.120"
2025/02/19 02:18:47 [error] 30#30: *1 open() "/hls/defunes/segment_20250219021561.ts" failed (2: No such file or directory), client: 192.168.10.85, server: localhost, request: "GET /hls/defunes/segment_20250219021561.ts HTTP/1.1", host: "192.168.10.120"
2025/02/19 02:18:52 [error] 30#30: *1 open() "/hls/defunes/segment_20250219021561.ts" failed (2: No such file or directory), client: 192.168.10.85, server: localhost, request: "GET /hls/defunes/segment_20250219021561.ts HTTP/1.1", host: "192.168.10.120"
2025/02/19 02:18:57 [error] 30#30: *1 open() "/hls/defunes/segment_20250219021561.ts" failed (2: No such file or directory), client: 192.168.10.85, server: localhost, request: "GET /hls/defunes/segment_20250219021561.ts HTTP/1.1", host: "192.168.10.120"
2025/02/19 02:19:02 [error] 30#30: *1 open() "/hls/defunes/segment_20250219021561.ts" failed (2: No such file or directory), client: 192.168.10.85, server: localhost, request: "GET /hls/defunes/segment_20250219021561.ts HTTP/1.1", host: "192.168.10.120"
2025/02/19 02:19:07 [error] 30#30: *1 open() "/hls/defunes/segment_20250219021561.ts" failed (2: No such file or directory), client: 192.168.10.85, server: localhost, request: "GET /hls/defunes/segment_20250219021561.ts HTTP/1.1", host: "192.168.10.120"
2025/02/19 02:19:12 [error] 30#30: *1 open() "/hls/defunes/segment_20250219021561.ts" failed (2: No such file or directory), client: 192.168.10.85, server: localhost, request: "GET /hls/defunes/segment_20250219021561.ts HTTP/1.1", host: "192.168.10.120"
2025/02/19 02:19:17 [error] 30#30: *1 open() "/hls/defunes/segment_20250219021561.ts" failed (2: No such file or directory), client: 192.168.10.85, server: localhost, request: "GET /hls/defunes/segment_20250219021561.ts HTTP/1.1", host: "192.168.10.120"
2025/02/19 02:19:22 [error] 30#30: *1 open() "/hls/defunes/segment_20250219021561.ts" failed (2: No such file or directory), client: 192.168.10.85, server: localhost, request: "GET /hls/defunes/segment_20250219021561.ts HTTP/1.1", host: "192.168.10.120"
2025/02/19 02:19:27 [error] 30#30: *1 open() "/hls/defunes/segment_20250219021561.ts" failed (2: No such file or directory), client: 192.168.10.85, server: localhost, request: "GET /hls/defunes/segment_20250219021561.ts HTTP/1.1", host: "192.168.10.120"
2025/02/19 02:19:32 [error] 30#30: *1 open() "/hls/defunes/segment_20250219021561.ts" failed (2: No such file or directory), client: 192.168.10.85, server: localhost, request: "GET /hls/defunes/segment_20250219021561.ts HTTP/1.1", host: "192.168.10.120"
2025/02/19 02:19:38 [error] 30#30: *1 open() "/hls/defunes/segment_20250219021561.ts" failed (2: No such file or directory), client: 192.168.10.85, server: localhost, request: "GET /hls/defunes/segment_20250219021561.ts HTTP/1.1", host: "192.168.10.120"
2025/02/19 02:19:43 [error] 30#30: *1 open() "/hls/defunes/segment_20250219021561.ts" failed (2: No such file or directory), client: 192.168.10.85, server: localhost, request: "GET /hls/defunes/segment_20250219021561.ts HTTP/1.1", host: "192.168.10.120"
2025/02/19 02:19:49 [error] 30#30: *1 open() "/hls/defunes/segment_20250219021561.ts" failed (2: No such file or directory), client: 192.168.10.85, server: localhost, request: "GET /hls/defunes/segment_20250219021561.ts HTTP/1.1", host: "192.168.10.120"
2025/02/19 02:19:54 [error] 30#30: *1 open() "/hls/defunes/segment_20250219021561.ts" failed (2: No such file or directory), client: 192.168.10.85, server: localhost, request: "GET /hls/defunes/segment_20250219021561.ts HTTP/1.1", host: "192.168.10.120"
2025/02/19 02:20:01 [error] 30#30: *1 open() "/hls/defunes/segment_20250219021561.ts" failed (2: No such file or directory), client: 192.168.10.85, server: localhost, request: "GET /hls/defunes/segment_20250219021561.ts HTTP/1.1", host: "192.168.10.120"
2025/02/19 02:20:06 [error] 30#30: *1 open() "/hls/defunes/segment_20250219021561.ts" failed (2: No such file or directory), client: 192.168.10.85, server: localhost, request: "GET /hls/defunes/segment_20250219021561.ts HTTP/1.1", host: "192.168.10.120"
2025/02/19 02:20:14 [error] 30#30: *1 open() "/hls/defunes/segment_20250219021561.ts" failed (2: No such file or directory), client: 192.168.10.85, server: localhost, request: "GET /hls/defunes/segment_20250219021561.ts HTTP/1.1", host: "192.168.10.120"
2025/02/19 02:20:19 [error] 30#30: *1 open() "/hls/defunes/segment_20250219021561.ts" failed (2: No such file or directory), client: 192.168.10.85, server: localhost, request: "GET /hls/defunes/segment_20250219021561.ts HTTP/1.1", host: "192.168.10.120"
2025/02/19 02:20:25 [error] 30#30: *1 open() "/hls/defunes/segment_20250219021561.ts" failed (2: No such file or directory), client: 192.168.10.85, server: localhost, request: "GET /hls/defunes/segment_20250219021561.ts HTTP/1.1", host: "192.168.10.120"
2025/02/19 02:20:30 [error] 30#30: *1 open() "/hls/defunes/segment_20250219021561.ts" failed (2: No such file or directory), client: 192.168.10.85, server: localhost, request: "GET /hls/defunes/segment_20250219021561.ts HTTP/1.1", host: "192.168.10.120"
2025/02/19 02:20:37 [error] 30#30: *1 open() "/hls/defunes/segment_20250219021561.ts" failed (2: No such file or directory), client: 192.168.10.85, server: localhost, request: "GET /hls/defunes/segment_20250219021561.ts HTTP/1.1", host: "192.168.10.120"
2025/02/19 02:20:43 [error] 30#30: *1 open() "/hls/defunes/segment_20250219021561.ts" failed (2: No such file or directory), client: 192.168.10.85, server: localhost, request: "GET /hls/defunes/segment_20250219021561.ts HTTP/1.1", host: "192.168.10.120"
2025/02/19 02:20:48 [error] 30#30: *1 open() "/hls/defunes/segment_20250219021561.ts" failed (2: No such file or directory), client: 192.168.10.85, server: localhost, request: "GET /hls/defunes/segment_20250219021561.ts HTTP/1.1", host: "192.168.10.120"
2025/02/19 02:20:53 [error] 30#30: *1 open() "/hls/defunes/segment_20250219021561.ts" failed (2: No such file or directory), client: 192.168.10.85, server: localhost, request: "GET /hls/defunes/segment_20250219021561.ts HTTP/1.1", host: "192.168.10.120"
2025/02/19 02:20:58 [error] 30#30: *1 open() "/hls/defunes/segment_20250219021561.ts" failed (2: No such file or directory), client: 192.168.10.85, server: localhost, request: "GET /hls/defunes/segment_20250219021561.ts HTTP/1.1", host: "192.168.10.120"
2025/02/19 02:31:57 [error] 22#22: *1 open() "/hls/playlist.m3u" failed (2: No such file or directory), client: 192.168.240.1, server: localhost, request: "GET /hls/playlist.m3u HTTP/1.1", host: "192.168.10.120"
