2025/02/18 22:54:04 [error] 29#29: *1 open() "/usr/share/nginx/html/stub_status" failed (2: No such file or directory), client: 172.25.0.1, server: localhost, request: "GET /stub_status HTTP/1.1", host: "172.25.0.3:80"
2025/02/18 22:54:04 [error] 29#29: *2 open() "/usr/share/nginx/html/basic_status" failed (2: No such file or directory), client: 172.25.0.1, server: localhost, request: "GET /basic_status HTTP/1.1", host: "172.25.0.3:80"
2025/02/18 22:54:04 [error] 29#29: *3 open() "/usr/share/nginx/html/nginx_status" failed (2: No such file or directory), client: 172.25.0.1, server: localhost, request: "GET /nginx_status HTTP/1.1", host: "172.25.0.3:80"
2025/02/18 22:54:04 [error] 29#29: *4 open() "/usr/share/nginx/html/status" failed (2: No such file or directory), client: 172.25.0.1, server: localhost, request: "GET /status HTTP/1.1", host: "172.25.0.3:80"
2025/02/18 23:02:04 [error] 30#30: *1 open() "/usr/share/nginx/html/stub_status" failed (2: No such file or directory), client: 172.27.0.1, server: localhost, request: "GET /stub_status HTTP/1.1", host: "172.27.0.3:80"
2025/02/18 23:02:04 [error] 30#30: *2 open() "/usr/share/nginx/html/basic_status" failed (2: No such file or directory), client: 172.27.0.1, server: localhost, request: "GET /basic_status HTTP/1.1", host: "172.27.0.3:80"
2025/02/18 23:02:04 [error] 30#30: *3 open() "/usr/share/nginx/html/nginx_status" failed (2: No such file or directory), client: 172.27.0.1, server: localhost, request: "GET /nginx_status HTTP/1.1", host: "172.27.0.3:80"
2025/02/18 23:02:04 [error] 30#30: *4 open() "/usr/share/nginx/html/status" failed (2: No such file or directory), client: 172.27.0.1, server: localhost, request: "GET /status HTTP/1.1", host: "172.27.0.3:80"
2025/02/18 23:08:04 [error] 30#30: *1 open() "/usr/share/nginx/html/stub_status" failed (2: No such file or directory), client: 172.29.0.1, server: localhost, request: "GET /stub_status HTTP/1.1", host: "172.29.0.3:80"
2025/02/18 23:08:04 [error] 30#30: *2 open() "/usr/share/nginx/html/basic_status" failed (2: No such file or directory), client: 172.29.0.1, server: localhost, request: "GET /basic_status HTTP/1.1", host: "172.29.0.3:80"
2025/02/18 23:08:04 [error] 30#30: *3 open() "/usr/share/nginx/html/nginx_status" failed (2: No such file or directory), client: 172.29.0.1, server: localhost, request: "GET /nginx_status HTTP/1.1", host: "172.29.0.3:80"
2025/02/18 23:08:04 [error] 30#30: *4 open() "/usr/share/nginx/html/status" failed (2: No such file or directory), client: 172.29.0.1, server: localhost, request: "GET /status HTTP/1.1", host: "172.29.0.3:80"
2025/02/18 23:09:04 [error] 30#30: *1 open() "/usr/share/nginx/html/stub_status" failed (2: No such file or directory), client: 172.30.0.1, server: localhost, request: "GET /stub_status HTTP/1.1", host: "172.30.0.3:80"
2025/02/18 23:09:04 [error] 30#30: *2 open() "/usr/share/nginx/html/basic_status" failed (2: No such file or directory), client: 172.30.0.1, server: localhost, request: "GET /basic_status HTTP/1.1", host: "172.30.0.3:80"
2025/02/18 23:09:04 [error] 30#30: *3 open() "/usr/share/nginx/html/nginx_status" failed (2: No such file or directory), client: 172.30.0.1, server: localhost, request: "GET /nginx_status HTTP/1.1", host: "172.30.0.3:80"
2025/02/18 23:09:04 [error] 30#30: *4 open() "/usr/share/nginx/html/status" failed (2: No such file or directory), client: 172.30.0.1, server: localhost, request: "GET /status HTTP/1.1", host: "172.30.0.3:80"
2025/02/18 23:14:04 [error] 30#30: *1 open() "/usr/share/nginx/html/stub_status" failed (2: No such file or directory), client: 192.168.16.1, server: localhost, request: "GET /stub_status HTTP/1.1", host: "192.168.16.3:80"
2025/02/18 23:14:04 [error] 30#30: *2 open() "/usr/share/nginx/html/basic_status" failed (2: No such file or directory), client: 192.168.16.1, server: localhost, request: "GET /basic_status HTTP/1.1", host: "192.168.16.3:80"
2025/02/18 23:14:04 [error] 30#30: *3 open() "/usr/share/nginx/html/nginx_status" failed (2: No such file or directory), client: 192.168.16.1, server: localhost, request: "GET /nginx_status HTTP/1.1", host: "192.168.16.3:80"
2025/02/18 23:14:04 [error] 30#30: *4 open() "/usr/share/nginx/html/status" failed (2: No such file or directory), client: 192.168.16.1, server: localhost, request: "GET /status HTTP/1.1", host: "192.168.16.3:80"
2025/02/18 23:18:04 [error] 30#30: *1 open() "/usr/share/nginx/html/stub_status" failed (2: No such file or directory), client: 192.168.32.1, server: localhost, request: "GET /stub_status HTTP/1.1", host: "192.168.32.3:80"
2025/02/18 23:18:04 [error] 30#30: *2 open() "/usr/share/nginx/html/basic_status" failed (2: No such file or directory), client: 192.168.32.1, server: localhost, request: "GET /basic_status HTTP/1.1", host: "192.168.32.3:80"
2025/02/18 23:18:04 [error] 30#30: *3 open() "/usr/share/nginx/html/nginx_status" failed (2: No such file or directory), client: 192.168.32.1, server: localhost, request: "GET /nginx_status HTTP/1.1", host: "192.168.32.3:80"
2025/02/18 23:18:04 [error] 30#30: *4 open() "/usr/share/nginx/html/status" failed (2: No such file or directory), client: 192.168.32.1, server: localhost, request: "GET /status HTTP/1.1", host: "192.168.32.3:80"
2025/02/18 23:19:04 [error] 29#29: *1 open() "/usr/share/nginx/html/stub_status" failed (2: No such file or directory), client: 192.168.48.1, server: localhost, request: "GET /stub_status HTTP/1.1", host: "192.168.48.3:80"
2025/02/18 23:19:04 [error] 29#29: *2 open() "/usr/share/nginx/html/basic_status" failed (2: No such file or directory), client: 192.168.48.1, server: localhost, request: "GET /basic_status HTTP/1.1", host: "192.168.48.3:80"
2025/02/18 23:19:04 [error] 29#29: *3 open() "/usr/share/nginx/html/nginx_status" failed (2: No such file or directory), client: 192.168.48.1, server: localhost, request: "GET /nginx_status HTTP/1.1", host: "192.168.48.3:80"
2025/02/18 23:19:04 [error] 29#29: *4 open() "/usr/share/nginx/html/status" failed (2: No such file or directory), client: 192.168.48.1, server: localhost, request: "GET /status HTTP/1.1", host: "192.168.48.3:80"
2025/02/18 23:21:04 [error] 29#29: *1 open() "/usr/share/nginx/html/stub_status" failed (2: No such file or directory), client: 192.168.64.1, server: localhost, request: "GET /stub_status HTTP/1.1", host: "192.168.64.3:80"
2025/02/18 23:21:04 [error] 29#29: *2 open() "/usr/share/nginx/html/basic_status" failed (2: No such file or directory), client: 192.168.64.1, server: localhost, request: "GET /basic_status HTTP/1.1", host: "192.168.64.3:80"
2025/02/18 23:21:04 [error] 29#29: *3 open() "/usr/share/nginx/html/nginx_status" failed (2: No such file or directory), client: 192.168.64.1, server: localhost, request: "GET /nginx_status HTTP/1.1", host: "192.168.64.3:80"
2025/02/18 23:21:04 [error] 29#29: *4 open() "/usr/share/nginx/html/status" failed (2: No such file or directory), client: 192.168.64.1, server: localhost, request: "GET /status HTTP/1.1", host: "192.168.64.3:80"
2025/02/18 23:22:04 [error] 30#30: *1 open() "/usr/share/nginx/html/stub_status" failed (2: No such file or directory), client: 192.168.96.1, server: localhost, request: "GET /stub_status HTTP/1.1", host: "192.168.96.3:80"
2025/02/18 23:22:04 [error] 30#30: *2 open() "/usr/share/nginx/html/basic_status" failed (2: No such file or directory), client: 192.168.96.1, server: localhost, request: "GET /basic_status HTTP/1.1", host: "192.168.96.3:80"
2025/02/18 23:22:04 [error] 30#30: *3 open() "/usr/share/nginx/html/nginx_status" failed (2: No such file or directory), client: 192.168.96.1, server: localhost, request: "GET /nginx_status HTTP/1.1", host: "192.168.96.3:80"
2025/02/18 23:22:04 [error] 30#30: *4 open() "/usr/share/nginx/html/status" failed (2: No such file or directory), client: 192.168.96.1, server: localhost, request: "GET /status HTTP/1.1", host: "192.168.96.3:80"
2025/02/18 23:24:04 [error] 30#30: *1 open() "/usr/share/nginx/html/stub_status" failed (2: No such file or directory), client: 192.168.112.1, server: localhost, request: "GET /stub_status HTTP/1.1", host: "192.168.112.3:80"
2025/02/18 23:24:04 [error] 30#30: *2 open() "/usr/share/nginx/html/basic_status" failed (2: No such file or directory), client: 192.168.112.1, server: localhost, request: "GET /basic_status HTTP/1.1", host: "192.168.112.3:80"
2025/02/18 23:24:04 [error] 30#30: *3 open() "/usr/share/nginx/html/nginx_status" failed (2: No such file or directory), client: 192.168.112.1, server: localhost, request: "GET /nginx_status HTTP/1.1", host: "192.168.112.3:80"
2025/02/18 23:24:04 [error] 30#30: *4 open() "/usr/share/nginx/html/status" failed (2: No such file or directory), client: 192.168.112.1, server: localhost, request: "GET /status HTTP/1.1", host: "192.168.112.3:80"
2025/02/18 23:24:34 [error] 30#30: *5 open() "/hls/defunes/playlist.m3u8" failed (2: No such file or directory), client: 192.168.10.85, server: localhost, request: "GET /hls/defunes/playlist.m3u8 HTTP/1.1", host: "192.168.10.120"
2025/02/18 23:24:34 [error] 30#30: *5 open() "/hls/defunes/playlist.m3u8" failed (2: No such file or directory), client: 192.168.10.85, server: localhost, request: "GET /hls/defunes/playlist.m3u8 HTTP/1.1", host: "192.168.10.120"
2025/02/18 23:24:39 [error] 30#30: *5 open() "/hls/defunes/playlist.m3u8" failed (2: No such file or directory), client: 192.168.10.85, server: localhost, request: "GET /hls/defunes/playlist.m3u8 HTTP/1.1", host: "192.168.10.120"
2025/02/18 23:24:41 [error] 30#30: *5 open() "/hls/defunes/playlist.m3u8" failed (2: No such file or directory), client: 192.168.10.85, server: localhost, request: "GET /hls/defunes/playlist.m3u8 HTTP/1.1", host: "192.168.10.120"
2025/02/18 23:24:43 [error] 30#30: *5 open() "/hls/loop/playlist.m3u8" failed (2: No such file or directory), client: 192.168.10.85, server: localhost, request: "GET /hls/loop/playlist.m3u8 HTTP/1.1", host: "192.168.10.120"
2025/02/18 23:24:43 [error] 30#30: *5 open() "/hls/loop/playlist.m3u8" failed (2: No such file or directory), client: 192.168.10.85, server: localhost, request: "GET /hls/loop/playlist.m3u8 HTTP/1.1", host: "192.168.10.120"
2025/02/18 23:24:44 [error] 30#30: *5 open() "/hls/loop/playlist.m3u8" failed (2: No such file or directory), client: 192.168.10.85, server: localhost, request: "GET /hls/loop/playlist.m3u8 HTTP/1.1", host: "192.168.10.120"
2025/02/18 23:24:46 [error] 30#30: *5 open() "/hls/loop/playlist.m3u8" failed (2: No such file or directory), client: 192.168.10.85, server: localhost, request: "GET /hls/loop/playlist.m3u8 HTTP/1.1", host: "192.168.10.120"
2025/02/18 23:24:49 [error] 30#30: *5 open() "/hls/defunes/playlist.m3u8" failed (2: No such file or directory), client: 192.168.10.85, server: localhost, request: "GET /hls/defunes/playlist.m3u8 HTTP/1.1", host: "192.168.10.120"
2025/02/18 23:24:49 [error] 30#30: *5 open() "/hls/defunes/playlist.m3u8" failed (2: No such file or directory), client: 192.168.10.85, server: localhost, request: "GET /hls/defunes/playlist.m3u8 HTTP/1.1", host: "192.168.10.120"
2025/02/18 23:24:50 [error] 30#30: *5 open() "/hls/defunes/playlist.m3u8" failed (2: No such file or directory), client: 192.168.10.85, server: localhost, request: "GET /hls/defunes/playlist.m3u8 HTTP/1.1", host: "192.168.10.120"
2025/02/18 23:24:53 [error] 30#30: *5 open() "/hls/defunes/playlist.m3u8" failed (2: No such file or directory), client: 192.168.10.85, server: localhost, request: "GET /hls/defunes/playlist.m3u8 HTTP/1.1", host: "192.168.10.120"
2025/02/18 23:31:04 [error] 30#30: *1 open() "/usr/share/nginx/html/stub_status" failed (2: No such file or directory), client: 192.168.128.1, server: localhost, request: "GET /stub_status HTTP/1.1", host: "192.168.128.3:80"
2025/02/18 23:31:04 [error] 30#30: *2 open() "/usr/share/nginx/html/basic_status" failed (2: No such file or directory), client: 192.168.128.1, server: localhost, request: "GET /basic_status HTTP/1.1", host: "192.168.128.3:80"
2025/02/18 23:31:04 [error] 30#30: *3 open() "/usr/share/nginx/html/nginx_status" failed (2: No such file or directory), client: 192.168.128.1, server: localhost, request: "GET /nginx_status HTTP/1.1", host: "192.168.128.3:80"
2025/02/18 23:31:04 [error] 30#30: *4 open() "/usr/share/nginx/html/status" failed (2: No such file or directory), client: 192.168.128.1, server: localhost, request: "GET /status HTTP/1.1", host: "192.168.128.3:80"
2025/02/18 23:34:04 [error] 30#30: *1 open() "/usr/share/nginx/html/stub_status" failed (2: No such file or directory), client: 192.168.144.1, server: localhost, request: "GET /stub_status HTTP/1.1", host: "192.168.144.3:80"
2025/02/18 23:34:04 [error] 30#30: *2 open() "/usr/share/nginx/html/basic_status" failed (2: No such file or directory), client: 192.168.144.1, server: localhost, request: "GET /basic_status HTTP/1.1", host: "192.168.144.3:80"
2025/02/18 23:34:04 [error] 30#30: *3 open() "/usr/share/nginx/html/nginx_status" failed (2: No such file or directory), client: 192.168.144.1, server: localhost, request: "GET /nginx_status HTTP/1.1", host: "192.168.144.3:80"
2025/02/18 23:34:04 [error] 30#30: *4 open() "/usr/share/nginx/html/status" failed (2: No such file or directory), client: 192.168.144.1, server: localhost, request: "GET /status HTTP/1.1", host: "192.168.144.3:80"
2025/02/18 23:34:21 [error] 30#30: *1 open() "/hls/loop/playlist.m3u8" failed (2: No such file or directory), client: 192.168.10.85, server: localhost, request: "GET /hls/loop/playlist.m3u8 HTTP/1.1", host: "192.168.10.120"
2025/02/18 23:34:21 [error] 30#30: *1 open() "/hls/loop/playlist.m3u8" failed (2: No such file or directory), client: 192.168.10.85, server: localhost, request: "GET /hls/loop/playlist.m3u8 HTTP/1.1", host: "192.168.10.120"
2025/02/18 23:34:22 [error] 30#30: *1 open() "/hls/defunes/playlist.m3u8" failed (2: No such file or directory), client: 192.168.10.85, server: localhost, request: "GET /hls/defunes/playlist.m3u8 HTTP/1.1", host: "192.168.10.120"
2025/02/18 23:34:22 [error] 30#30: *1 open() "/hls/defunes/playlist.m3u8" failed (2: No such file or directory), client: 192.168.10.85, server: localhost, request: "GET /hls/defunes/playlist.m3u8 HTTP/1.1", host: "192.168.10.120"
2025/02/18 23:34:23 [error] 30#30: *1 open() "/hls/defunes/playlist.m3u8" failed (2: No such file or directory), client: 192.168.10.85, server: localhost, request: "GET /hls/defunes/playlist.m3u8 HTTP/1.1", host: "192.168.10.120"
2025/02/18 23:34:25 [error] 30#30: *1 open() "/hls/defunes/playlist.m3u8" failed (2: No such file or directory), client: 192.168.10.85, server: localhost, request: "GET /hls/defunes/playlist.m3u8 HTTP/1.1", host: "192.168.10.120"
2025/02/18 23:35:04 [error] 30#30: *2 open() "/usr/share/nginx/html/stub_status" failed (2: No such file or directory), client: 192.168.160.1, server: localhost, request: "GET /stub_status HTTP/1.1", host: "192.168.160.3:80"
2025/02/18 23:35:04 [error] 30#30: *3 open() "/usr/share/nginx/html/basic_status" failed (2: No such file or directory), client: 192.168.160.1, server: localhost, request: "GET /basic_status HTTP/1.1", host: "192.168.160.3:80"
2025/02/18 23:35:04 [error] 30#30: *4 open() "/usr/share/nginx/html/nginx_status" failed (2: No such file or directory), client: 192.168.160.1, server: localhost, request: "GET /nginx_status HTTP/1.1", host: "192.168.160.3:80"
2025/02/18 23:35:04 [error] 30#30: *5 open() "/usr/share/nginx/html/status" failed (2: No such file or directory), client: 192.168.160.1, server: localhost, request: "GET /status HTTP/1.1", host: "192.168.160.3:80"
2025/02/18 23:37:04 [error] 30#30: *2 open() "/usr/share/nginx/html/stub_status" failed (2: No such file or directory), client: 192.168.176.1, server: localhost, request: "GET /stub_status HTTP/1.1", host: "192.168.176.3:80"
2025/02/18 23:37:04 [error] 30#30: *3 open() "/usr/share/nginx/html/basic_status" failed (2: No such file or directory), client: 192.168.176.1, server: localhost, request: "GET /basic_status HTTP/1.1", host: "192.168.176.3:80"
2025/02/18 23:37:04 [error] 30#30: *4 open() "/usr/share/nginx/html/nginx_status" failed (2: No such file or directory), client: 192.168.176.1, server: localhost, request: "GET /nginx_status HTTP/1.1", host: "192.168.176.3:80"
2025/02/18 23:37:04 [error] 30#30: *5 open() "/usr/share/nginx/html/status" failed (2: No such file or directory), client: 192.168.176.1, server: localhost, request: "GET /status HTTP/1.1", host: "192.168.176.3:80"
2025/02/18 23:38:04 [error] 29#29: *1 open() "/usr/share/nginx/html/stub_status" failed (2: No such file or directory), client: 192.168.192.1, server: localhost, request: "GET /stub_status HTTP/1.1", host: "192.168.192.3:80"
2025/02/18 23:38:04 [error] 29#29: *2 open() "/usr/share/nginx/html/basic_status" failed (2: No such file or directory), client: 192.168.192.1, server: localhost, request: "GET /basic_status HTTP/1.1", host: "192.168.192.3:80"
2025/02/18 23:38:04 [error] 29#29: *3 open() "/usr/share/nginx/html/nginx_status" failed (2: No such file or directory), client: 192.168.192.1, server: localhost, request: "GET /nginx_status HTTP/1.1", host: "192.168.192.3:80"
2025/02/18 23:38:04 [error] 29#29: *4 open() "/usr/share/nginx/html/status" failed (2: No such file or directory), client: 192.168.192.1, server: localhost, request: "GET /status HTTP/1.1", host: "192.168.192.3:80"
2025/02/18 23:40:04 [error] 29#29: *1 open() "/usr/share/nginx/html/stub_status" failed (2: No such file or directory), client: 192.168.208.1, server: localhost, request: "GET /stub_status HTTP/1.1", host: "192.168.208.3:80"
2025/02/18 23:40:04 [error] 29#29: *2 open() "/usr/share/nginx/html/basic_status" failed (2: No such file or directory), client: 192.168.208.1, server: localhost, request: "GET /basic_status HTTP/1.1", host: "192.168.208.3:80"
2025/02/18 23:40:04 [error] 29#29: *3 open() "/usr/share/nginx/html/nginx_status" failed (2: No such file or directory), client: 192.168.208.1, server: localhost, request: "GET /nginx_status HTTP/1.1", host: "192.168.208.3:80"
2025/02/18 23:40:04 [error] 29#29: *4 open() "/usr/share/nginx/html/status" failed (2: No such file or directory), client: 192.168.208.1, server: localhost, request: "GET /status HTTP/1.1", host: "192.168.208.3:80"
2025/02/18 23:41:04 [error] 31#31: *1 open() "/usr/share/nginx/html/stub_status" failed (2: No such file or directory), client: 192.168.224.1, server: localhost, request: "GET /stub_status HTTP/1.1", host: "192.168.224.3:80"
2025/02/18 23:41:04 [error] 31#31: *2 open() "/usr/share/nginx/html/basic_status" failed (2: No such file or directory), client: 192.168.224.1, server: localhost, request: "GET /basic_status HTTP/1.1", host: "192.168.224.3:80"
2025/02/18 23:41:04 [error] 31#31: *3 open() "/usr/share/nginx/html/nginx_status" failed (2: No such file or directory), client: 192.168.224.1, server: localhost, request: "GET /nginx_status HTTP/1.1", host: "192.168.224.3:80"
2025/02/18 23:41:04 [error] 31#31: *4 open() "/usr/share/nginx/html/status" failed (2: No such file or directory), client: 192.168.224.1, server: localhost, request: "GET /status HTTP/1.1", host: "192.168.224.3:80"
2025/02/18 23:43:04 [error] 29#29: *1 open() "/usr/share/nginx/html/stub_status" failed (2: No such file or directory), client: 172.21.0.1, server: localhost, request: "GET /stub_status HTTP/1.1", host: "172.21.0.3:80"
2025/02/18 23:43:04 [error] 29#29: *2 open() "/usr/share/nginx/html/basic_status" failed (2: No such file or directory), client: 172.21.0.1, server: localhost, request: "GET /basic_status HTTP/1.1", host: "172.21.0.3:80"
2025/02/18 23:43:04 [error] 29#29: *3 open() "/usr/share/nginx/html/nginx_status" failed (2: No such file or directory), client: 172.21.0.1, server: localhost, request: "GET /nginx_status HTTP/1.1", host: "172.21.0.3:80"
2025/02/18 23:43:04 [error] 29#29: *4 open() "/usr/share/nginx/html/status" failed (2: No such file or directory), client: 172.21.0.1, server: localhost, request: "GET /status HTTP/1.1", host: "172.21.0.3:80"
2025/02/18 23:43:20 [error] 29#29: *5 open() "/hls/defunes/playlist.m3u8" failed (2: No such file or directory), client: 192.168.10.85, server: localhost, request: "GET /hls/defunes/playlist.m3u8 HTTP/1.1", host: "192.168.10.120"
2025/02/18 23:43:20 [error] 29#29: *5 open() "/hls/defunes/playlist.m3u8" failed (2: No such file or directory), client: 192.168.10.85, server: localhost, request: "GET /hls/defunes/playlist.m3u8 HTTP/1.1", host: "192.168.10.120"
2025/02/18 23:43:21 [error] 29#29: *5 open() "/hls/defunes/playlist.m3u8" failed (2: No such file or directory), client: 192.168.10.85, server: localhost, request: "GET /hls/defunes/playlist.m3u8 HTTP/1.1", host: "192.168.10.120"
2025/02/18 23:43:23 [error] 29#29: *5 open() "/hls/defunes/playlist.m3u8" failed (2: No such file or directory), client: 192.168.10.85, server: localhost, request: "GET /hls/defunes/playlist.m3u8 HTTP/1.1", host: "192.168.10.120"
2025/02/18 23:46:51 [error] 30#30: *1 open() "/hls/loop/playlist.m3u8" failed (2: No such file or directory), client: 192.168.10.85, server: localhost, request: "GET /hls/loop/playlist.m3u8 HTTP/1.1", host: "192.168.10.120"
2025/02/18 23:46:51 [error] 30#30: *1 open() "/hls/loop/playlist.m3u8" failed (2: No such file or directory), client: 192.168.10.85, server: localhost, request: "GET /hls/loop/playlist.m3u8 HTTP/1.1", host: "192.168.10.120"
2025/02/18 23:46:52 [error] 30#30: *1 open() "/hls/loop/playlist.m3u8" failed (2: No such file or directory), client: 192.168.10.85, server: localhost, request: "GET /hls/loop/playlist.m3u8 HTTP/1.1", host: "192.168.10.120"
2025/02/18 23:46:54 [error] 30#30: *1 open() "/hls/loop/playlist.m3u8" failed (2: No such file or directory), client: 192.168.10.85, server: localhost, request: "GET /hls/loop/playlist.m3u8 HTTP/1.1", host: "192.168.10.120"
2025/02/18 23:47:04 [error] 30#30: *3 open() "/usr/share/nginx/html/stub_status" failed (2: No such file or directory), client: 172.25.0.1, server: localhost, request: "GET /stub_status HTTP/1.1", host: "172.25.0.3:80"
2025/02/18 23:47:04 [error] 30#30: *4 open() "/usr/share/nginx/html/basic_status" failed (2: No such file or directory), client: 172.25.0.1, server: localhost, request: "GET /basic_status HTTP/1.1", host: "172.25.0.3:80"
2025/02/18 23:47:04 [error] 30#30: *5 open() "/usr/share/nginx/html/nginx_status" failed (2: No such file or directory), client: 172.25.0.1, server: localhost, request: "GET /nginx_status HTTP/1.1", host: "172.25.0.3:80"
2025/02/18 23:47:04 [error] 30#30: *6 open() "/usr/share/nginx/html/status" failed (2: No such file or directory), client: 172.25.0.1, server: localhost, request: "GET /status HTTP/1.1", host: "172.25.0.3:80"
2025/02/18 23:51:18 [error] 30#30: *1 open() "/hls/defunes/playlist.m3u8" failed (2: No such file or directory), client: 192.168.10.85, server: localhost, request: "GET /hls/defunes/playlist.m3u8 HTTP/1.1", host: "192.168.10.120"
2025/02/18 23:51:18 [error] 30#30: *1 open() "/hls/defunes/playlist.m3u8" failed (2: No such file or directory), client: 192.168.10.85, server: localhost, request: "GET /hls/defunes/playlist.m3u8 HTTP/1.1", host: "192.168.10.120"
2025/02/18 23:51:19 [error] 30#30: *1 open() "/hls/defunes/playlist.m3u8" failed (2: No such file or directory), client: 192.168.10.85, server: localhost, request: "GET /hls/defunes/playlist.m3u8 HTTP/1.1", host: "192.168.10.120"
2025/02/18 23:51:22 [error] 30#30: *1 open() "/hls/defunes/playlist.m3u8" failed (2: No such file or directory), client: 192.168.10.85, server: localhost, request: "GET /hls/defunes/playlist.m3u8 HTTP/1.1", host: "192.168.10.120"
2025/02/18 23:51:27 [error] 30#30: *1 open() "/hls/defunes/playlist.m3u8" failed (2: No such file or directory), client: 192.168.10.85, server: localhost, request: "GET /hls/defunes/playlist.m3u8 HTTP/1.1", host: "192.168.10.120"
2025/02/18 23:51:27 [error] 30#30: *1 open() "/hls/defunes/playlist.m3u8" failed (2: No such file or directory), client: 192.168.10.85, server: localhost, request: "GET /hls/defunes/playlist.m3u8 HTTP/1.1", host: "192.168.10.120"
2025/02/18 23:51:28 [error] 30#30: *1 open() "/hls/defunes/playlist.m3u8" failed (2: No such file or directory), client: 192.168.10.85, server: localhost, request: "GET /hls/defunes/playlist.m3u8 HTTP/1.1", host: "192.168.10.120"
2025/02/18 23:51:30 [error] 30#30: *1 open() "/hls/defunes/playlist.m3u8" failed (2: No such file or directory), client: 192.168.10.85, server: localhost, request: "GET /hls/defunes/playlist.m3u8 HTTP/1.1", host: "192.168.10.120"
2025/02/18 23:51:44 [error] 30#30: *1 open() "/hls/defunes/playlist.m3u8" failed (2: No such file or directory), client: 192.168.10.85, server: localhost, request: "GET /hls/defunes/playlist.m3u8 HTTP/1.1", host: "192.168.10.120"
2025/02/18 23:51:44 [error] 30#30: *1 open() "/hls/defunes/playlist.m3u8" failed (2: No such file or directory), client: 192.168.10.85, server: localhost, request: "GET /hls/defunes/playlist.m3u8 HTTP/1.1", host: "192.168.10.120"
2025/02/18 23:51:45 [error] 30#30: *1 open() "/hls/defunes/playlist.m3u8" failed (2: No such file or directory), client: 192.168.10.85, server: localhost, request: "GET /hls/defunes/playlist.m3u8 HTTP/1.1", host: "192.168.10.120"
2025/02/18 23:51:47 [error] 30#30: *1 open() "/hls/defunes/playlist.m3u8" failed (2: No such file or directory), client: 192.168.10.85, server: localhost, request: "GET /hls/defunes/playlist.m3u8 HTTP/1.1", host: "192.168.10.120"
2025/02/18 23:51:48 [error] 30#30: *1 open() "/hls/loop/playlist.m3u8" failed (2: No such file or directory), client: 192.168.10.85, server: localhost, request: "GET /hls/loop/playlist.m3u8 HTTP/1.1", host: "192.168.10.120"
2025/02/18 23:51:48 [error] 30#30: *1 open() "/hls/loop/playlist.m3u8" failed (2: No such file or directory), client: 192.168.10.85, server: localhost, request: "GET /hls/loop/playlist.m3u8 HTTP/1.1", host: "192.168.10.120"
2025/02/18 23:51:49 [error] 30#30: *1 open() "/hls/loop/playlist.m3u8" failed (2: No such file or directory), client: 192.168.10.85, server: localhost, request: "GET /hls/loop/playlist.m3u8 HTTP/1.1", host: "192.168.10.120"
2025/02/18 23:51:51 [error] 30#30: *1 open() "/hls/loop/playlist.m3u8" failed (2: No such file or directory), client: 192.168.10.85, server: localhost, request: "GET /hls/loop/playlist.m3u8 HTTP/1.1", host: "192.168.10.120"
2025/02/18 23:52:04 [error] 30#30: *2 open() "/usr/share/nginx/html/stub_status" failed (2: No such file or directory), client: 172.26.0.1, server: localhost, request: "GET /stub_status HTTP/1.1", host: "172.26.0.3:80"
2025/02/18 23:52:04 [error] 30#30: *3 open() "/usr/share/nginx/html/basic_status" failed (2: No such file or directory), client: 172.26.0.1, server: localhost, request: "GET /basic_status HTTP/1.1", host: "172.26.0.3:80"
2025/02/18 23:52:04 [error] 30#30: *4 open() "/usr/share/nginx/html/nginx_status" failed (2: No such file or directory), client: 172.26.0.1, server: localhost, request: "GET /nginx_status HTTP/1.1", host: "172.26.0.3:80"
2025/02/18 23:52:04 [error] 30#30: *5 open() "/usr/share/nginx/html/status" failed (2: No such file or directory), client: 172.26.0.1, server: localhost, request: "GET /status HTTP/1.1", host: "172.26.0.3:80"
2025/02/18 23:54:35 [error] 29#29: *1 open() "/hls/defunes/playlist.m3u8" failed (2: No such file or directory), client: 192.168.10.85, server: localhost, request: "GET /hls/defunes/playlist.m3u8 HTTP/1.1", host: "192.168.10.120"
2025/02/18 23:54:35 [error] 29#29: *1 open() "/hls/defunes/playlist.m3u8" failed (2: No such file or directory), client: 192.168.10.85, server: localhost, request: "GET /hls/defunes/playlist.m3u8 HTTP/1.1", host: "192.168.10.120"
2025/02/18 23:54:39 [error] 29#29: *2 open() "/hls/corniaud/playlist.m3u8" failed (2: No such file or directory), client: 192.168.10.85, server: localhost, request: "GET /hls/corniaud/playlist.m3u8 HTTP/1.1", host: "192.168.10.120"
2025/02/18 23:54:39 [error] 29#29: *2 open() "/hls/corniaud/playlist.m3u8" failed (2: No such file or directory), client: 192.168.10.85, server: localhost, request: "GET /hls/corniaud/playlist.m3u8 HTTP/1.1", host: "192.168.10.120"
2025/02/18 23:54:40 [error] 29#29: *2 open() "/hls/corniaud/playlist.m3u8" failed (2: No such file or directory), client: 192.168.10.85, server: localhost, request: "GET /hls/corniaud/playlist.m3u8 HTTP/1.1", host: "192.168.10.120"
2025/02/18 23:54:42 [error] 29#29: *2 open() "/hls/corniaud/playlist.m3u8" failed (2: No such file or directory), client: 192.168.10.85, server: localhost, request: "GET /hls/corniaud/playlist.m3u8 HTTP/1.1", host: "192.168.10.120"
2025/02/18 23:55:04 [error] 29#29: *4 open() "/usr/share/nginx/html/stub_status" failed (2: No such file or directory), client: 172.27.0.1, server: localhost, request: "GET /stub_status HTTP/1.1", host: "172.27.0.3:80"
2025/02/18 23:55:04 [error] 29#29: *5 open() "/usr/share/nginx/html/basic_status" failed (2: No such file or directory), client: 172.27.0.1, server: localhost, request: "GET /basic_status HTTP/1.1", host: "172.27.0.3:80"
2025/02/18 23:55:04 [error] 29#29: *6 open() "/usr/share/nginx/html/nginx_status" failed (2: No such file or directory), client: 172.27.0.1, server: localhost, request: "GET /nginx_status HTTP/1.1", host: "172.27.0.3:80"
2025/02/18 23:55:04 [error] 29#29: *7 open() "/usr/share/nginx/html/status" failed (2: No such file or directory), client: 172.27.0.1, server: localhost, request: "GET /status HTTP/1.1", host: "172.27.0.3:80"
2025/02/19 00:10:04 [error] 29#29: *1 open() "/usr/share/nginx/html/stub_status" failed (2: No such file or directory), client: 172.28.0.1, server: localhost, request: "GET /stub_status HTTP/1.1", host: "172.28.0.3:80"
2025/02/19 00:10:04 [error] 29#29: *2 open() "/usr/share/nginx/html/basic_status" failed (2: No such file or directory), client: 172.28.0.1, server: localhost, request: "GET /basic_status HTTP/1.1", host: "172.28.0.3:80"
2025/02/19 00:10:04 [error] 29#29: *3 open() "/usr/share/nginx/html/nginx_status" failed (2: No such file or directory), client: 172.28.0.1, server: localhost, request: "GET /nginx_status HTTP/1.1", host: "172.28.0.3:80"
2025/02/19 00:10:04 [error] 29#29: *4 open() "/usr/share/nginx/html/status" failed (2: No such file or directory), client: 172.28.0.1, server: localhost, request: "GET /status HTTP/1.1", host: "172.28.0.3:80"
2025/02/19 00:11:32 [error] 30#30: *1 open() "/hls/defunes/playlist.m3u8" failed (2: No such file or directory), client: 192.168.10.85, server: localhost, request: "GET /hls/defunes/playlist.m3u8 HTTP/1.1", host: "192.168.10.120"
2025/02/19 00:11:32 [error] 30#30: *1 open() "/hls/defunes/playlist.m3u8" failed (2: No such file or directory), client: 192.168.10.85, server: localhost, request: "GET /hls/defunes/playlist.m3u8 HTTP/1.1", host: "192.168.10.120"
2025/02/19 00:11:52 [error] 30#30: *1 open() "/hls/loop/playlist.m3u8" failed (2: No such file or directory), client: 192.168.10.85, server: localhost, request: "GET /hls/loop/playlist.m3u8 HTTP/1.1", host: "192.168.10.120"
2025/02/19 00:11:52 [error] 30#30: *1 open() "/hls/loop/playlist.m3u8" failed (2: No such file or directory), client: 192.168.10.85, server: localhost, request: "GET /hls/loop/playlist.m3u8 HTTP/1.1", host: "192.168.10.120"
2025/02/19 00:12:04 [error] 30#30: *3 open() "/usr/share/nginx/html/stub_status" failed (2: No such file or directory), client: 172.29.0.1, server: localhost, request: "GET /stub_status HTTP/1.1", host: "172.29.0.3:80"
2025/02/19 00:12:04 [error] 30#30: *4 open() "/usr/share/nginx/html/basic_status" failed (2: No such file or directory), client: 172.29.0.1, server: localhost, request: "GET /basic_status HTTP/1.1", host: "172.29.0.3:80"
2025/02/19 00:12:04 [error] 30#30: *5 open() "/usr/share/nginx/html/nginx_status" failed (2: No such file or directory), client: 172.29.0.1, server: localhost, request: "GET /nginx_status HTTP/1.1", host: "172.29.0.3:80"
2025/02/19 00:12:04 [error] 30#30: *6 open() "/usr/share/nginx/html/status" failed (2: No such file or directory), client: 172.29.0.1, server: localhost, request: "GET /status HTTP/1.1", host: "172.29.0.3:80"
2025/02/19 00:18:56 [error] 30#30: *1 open() "/hls/defunes/segment_20250219001220.ts" failed (2: No such file or directory), client: 192.168.10.85, server: localhost, request: "GET /hls/defunes/segment_20250219001220.ts HTTP/1.1", host: "192.168.10.120"
2025/02/19 00:19:02 [error] 30#30: *1 open() "/hls/defunes/segment_20250219001220.ts" failed (2: No such file or directory), client: 192.168.10.85, server: localhost, request: "GET /hls/defunes/segment_20250219001220.ts HTTP/1.1", host: "192.168.10.120"
2025/02/19 00:19:04 [error] 30#30: *2 open() "/usr/share/nginx/html/stub_status" failed (2: No such file or directory), client: 172.30.0.1, server: localhost, request: "GET /stub_status HTTP/1.1", host: "172.30.0.3:80"
2025/02/19 00:19:04 [error] 30#30: *3 open() "/usr/share/nginx/html/basic_status" failed (2: No such file or directory), client: 172.30.0.1, server: localhost, request: "GET /basic_status HTTP/1.1", host: "172.30.0.3:80"
2025/02/19 00:19:04 [error] 30#30: *4 open() "/usr/share/nginx/html/nginx_status" failed (2: No such file or directory), client: 172.30.0.1, server: localhost, request: "GET /nginx_status HTTP/1.1", host: "172.30.0.3:80"
2025/02/19 00:19:04 [error] 30#30: *5 open() "/usr/share/nginx/html/status" failed (2: No such file or directory), client: 172.30.0.1, server: localhost, request: "GET /status HTTP/1.1", host: "172.30.0.3:80"
2025/02/19 00:19:07 [error] 30#30: *1 open() "/hls/defunes/segment_20250219001220.ts" failed (2: No such file or directory), client: 192.168.10.85, server: localhost, request: "GET /hls/defunes/segment_20250219001220.ts HTTP/1.1", host: "192.168.10.120"
2025/02/19 00:19:12 [error] 30#30: *1 open() "/hls/defunes/segment_20250219001220.ts" failed (2: No such file or directory), client: 192.168.10.85, server: localhost, request: "GET /hls/defunes/segment_20250219001220.ts HTTP/1.1", host: "192.168.10.120"
2025/02/19 00:19:17 [error] 30#30: *1 open() "/hls/defunes/segment_20250219001220.ts" failed (2: No such file or directory), client: 192.168.10.85, server: localhost, request: "GET /hls/defunes/segment_20250219001220.ts HTTP/1.1", host: "192.168.10.120"
2025/02/19 00:19:21 [error] 30#30: *1 open() "/hls/loop/playlist.m3u8" failed (2: No such file or directory), client: 192.168.10.85, server: localhost, request: "GET /hls/loop/playlist.m3u8 HTTP/1.1", host: "192.168.10.120"
2025/02/19 00:19:21 [error] 30#30: *1 open() "/hls/loop/playlist.m3u8" failed (2: No such file or directory), client: 192.168.10.85, server: localhost, request: "GET /hls/loop/playlist.m3u8 HTTP/1.1", host: "192.168.10.120"
2025/02/19 00:25:36 [error] 30#30: *1 open() "/hls/loop/playlist.m3u8" failed (2: No such file or directory), client: 192.168.10.85, server: localhost, request: "GET /hls/loop/playlist.m3u8 HTTP/1.1", host: "192.168.10.120"
2025/02/19 00:25:36 [error] 30#30: *1 open() "/hls/loop/playlist.m3u8" failed (2: No such file or directory), client: 192.168.10.85, server: localhost, request: "GET /hls/loop/playlist.m3u8 HTTP/1.1", host: "192.168.10.120"
2025/02/19 00:25:37 [error] 30#30: *1 open() "/hls/loop/playlist.m3u8" failed (2: No such file or directory), client: 192.168.10.85, server: localhost, request: "GET /hls/loop/playlist.m3u8 HTTP/1.1", host: "192.168.10.120"
2025/02/19 00:25:39 [error] 30#30: *1 open() "/hls/loop/playlist.m3u8" failed (2: No such file or directory), client: 192.168.10.85, server: localhost, request: "GET /hls/loop/playlist.m3u8 HTTP/1.1", host: "192.168.10.120"
2025/02/19 00:26:04 [error] 30#30: *2 open() "/usr/share/nginx/html/stub_status" failed (2: No such file or directory), client: 172.31.0.1, server: localhost, request: "GET /stub_status HTTP/1.1", host: "172.31.0.3:80"
2025/02/19 00:26:04 [error] 30#30: *3 open() "/usr/share/nginx/html/basic_status" failed (2: No such file or directory), client: 172.31.0.1, server: localhost, request: "GET /basic_status HTTP/1.1", host: "172.31.0.3:80"
2025/02/19 00:26:04 [error] 30#30: *4 open() "/usr/share/nginx/html/nginx_status" failed (2: No such file or directory), client: 172.31.0.1, server: localhost, request: "GET /nginx_status HTTP/1.1", host: "172.31.0.3:80"
2025/02/19 00:26:04 [error] 30#30: *5 open() "/usr/share/nginx/html/status" failed (2: No such file or directory), client: 172.31.0.1, server: localhost, request: "GET /status HTTP/1.1", host: "172.31.0.3:80"
2025/02/19 00:28:04 [error] 30#30: *1 open() "/usr/share/nginx/html/stub_status" failed (2: No such file or directory), client: 192.168.16.1, server: localhost, request: "GET /stub_status HTTP/1.1", host: "192.168.16.3:80"
2025/02/19 00:28:04 [error] 30#30: *2 open() "/usr/share/nginx/html/basic_status" failed (2: No such file or directory), client: 192.168.16.1, server: localhost, request: "GET /basic_status HTTP/1.1", host: "192.168.16.3:80"
2025/02/19 00:28:04 [error] 30#30: *3 open() "/usr/share/nginx/html/nginx_status" failed (2: No such file or directory), client: 192.168.16.1, server: localhost, request: "GET /nginx_status HTTP/1.1", host: "192.168.16.3:80"
2025/02/19 00:28:04 [error] 30#30: *4 open() "/usr/share/nginx/html/status" failed (2: No such file or directory), client: 192.168.16.1, server: localhost, request: "GET /status HTTP/1.1", host: "192.168.16.3:80"
2025/02/19 00:29:04 [error] 29#29: *1 open() "/usr/share/nginx/html/stub_status" failed (2: No such file or directory), client: 192.168.32.1, server: localhost, request: "GET /stub_status HTTP/1.1", host: "192.168.32.3:80"
2025/02/19 00:29:04 [error] 29#29: *2 open() "/usr/share/nginx/html/basic_status" failed (2: No such file or directory), client: 192.168.32.1, server: localhost, request: "GET /basic_status HTTP/1.1", host: "192.168.32.3:80"
2025/02/19 00:29:04 [error] 29#29: *3 open() "/usr/share/nginx/html/nginx_status" failed (2: No such file or directory), client: 192.168.32.1, server: localhost, request: "GET /nginx_status HTTP/1.1", host: "192.168.32.3:80"
2025/02/19 00:29:04 [error] 29#29: *4 open() "/usr/share/nginx/html/status" failed (2: No such file or directory), client: 192.168.32.1, server: localhost, request: "GET /status HTTP/1.1", host: "192.168.32.3:80"
2025/02/19 00:30:30 [error] 30#30: *1 open() "/hls/loop/playlist.m3u8" failed (2: No such file or directory), client: 192.168.10.85, server: localhost, request: "GET /hls/loop/playlist.m3u8 HTTP/1.1", host: "192.168.10.120"
2025/02/19 00:30:31 [error] 30#30: *1 open() "/hls/loop/playlist.m3u8" failed (2: No such file or directory), client: 192.168.10.85, server: localhost, request: "GET /hls/loop/playlist.m3u8 HTTP/1.1", host: "192.168.10.120"
2025/02/19 00:30:32 [error] 30#30: *1 open() "/hls/loop/playlist.m3u8" failed (2: No such file or directory), client: 192.168.10.85, server: localhost, request: "GET /hls/loop/playlist.m3u8 HTTP/1.1", host: "192.168.10.120"
2025/02/19 00:30:34 [error] 30#30: *1 open() "/hls/loop/playlist.m3u8" failed (2: No such file or directory), client: 192.168.10.85, server: localhost, request: "GET /hls/loop/playlist.m3u8 HTTP/1.1", host: "192.168.10.120"
2025/02/19 00:30:35 [error] 30#30: *1 open() "/hls/defunes/playlist.m3u8" failed (2: No such file or directory), client: 192.168.10.85, server: localhost, request: "GET /hls/defunes/playlist.m3u8 HTTP/1.1", host: "192.168.10.120"
2025/02/19 00:30:35 [error] 30#30: *1 open() "/hls/defunes/playlist.m3u8" failed (2: No such file or directory), client: 192.168.10.85, server: localhost, request: "GET /hls/defunes/playlist.m3u8 HTTP/1.1", host: "192.168.10.120"
2025/02/19 00:30:36 [error] 30#30: *1 open() "/hls/defunes/playlist.m3u8" failed (2: No such file or directory), client: 192.168.10.85, server: localhost, request: "GET /hls/defunes/playlist.m3u8 HTTP/1.1", host: "192.168.10.120"
2025/02/19 00:30:38 [error] 30#30: *1 open() "/hls/defunes/playlist.m3u8" failed (2: No such file or directory), client: 192.168.10.85, server: localhost, request: "GET /hls/defunes/playlist.m3u8 HTTP/1.1", host: "192.168.10.120"
2025/02/19 00:31:04 [error] 30#30: *2 open() "/usr/share/nginx/html/stub_status" failed (2: No such file or directory), client: 192.168.48.1, server: localhost, request: "GET /stub_status HTTP/1.1", host: "192.168.48.3:80"
2025/02/19 00:31:04 [error] 30#30: *3 open() "/usr/share/nginx/html/basic_status" failed (2: No such file or directory), client: 192.168.48.1, server: localhost, request: "GET /basic_status HTTP/1.1", host: "192.168.48.3:80"
2025/02/19 00:31:04 [error] 30#30: *4 open() "/usr/share/nginx/html/nginx_status" failed (2: No such file or directory), client: 192.168.48.1, server: localhost, request: "GET /nginx_status HTTP/1.1", host: "192.168.48.3:80"
2025/02/19 00:31:04 [error] 30#30: *5 open() "/usr/share/nginx/html/status" failed (2: No such file or directory), client: 192.168.48.1, server: localhost, request: "GET /status HTTP/1.1", host: "192.168.48.3:80"
2025/02/19 00:34:53 [error] 30#30: *1 open() "/hls/corniaud/playlist.m3u8" failed (2: No such file or directory), client: 192.168.10.85, server: localhost, request: "GET /hls/corniaud/playlist.m3u8 HTTP/1.1", host: "192.168.10.120"
2025/02/19 00:34:53 [error] 30#30: *1 open() "/hls/corniaud/playlist.m3u8" failed (2: No such file or directory), client: 192.168.10.85, server: localhost, request: "GET /hls/corniaud/playlist.m3u8 HTTP/1.1", host: "192.168.10.120"
2025/02/19 00:34:54 [error] 30#30: *1 open() "/hls/corniaud/playlist.m3u8" failed (2: No such file or directory), client: 192.168.10.85, server: localhost, request: "GET /hls/corniaud/playlist.m3u8 HTTP/1.1", host: "192.168.10.120"
2025/02/19 00:34:57 [error] 30#30: *1 open() "/hls/corniaud/playlist.m3u8" failed (2: No such file or directory), client: 192.168.10.85, server: localhost, request: "GET /hls/corniaud/playlist.m3u8 HTTP/1.1", host: "192.168.10.120"
2025/02/19 00:34:58 [error] 30#30: *1 open() "/hls/cameron/playlist.m3u8" failed (2: No such file or directory), client: 192.168.10.85, server: localhost, request: "GET /hls/cameron/playlist.m3u8 HTTP/1.1", host: "192.168.10.120"
2025/02/19 00:34:58 [error] 30#30: *1 open() "/hls/cameron/playlist.m3u8" failed (2: No such file or directory), client: 192.168.10.85, server: localhost, request: "GET /hls/cameron/playlist.m3u8 HTTP/1.1", host: "192.168.10.120"
2025/02/19 00:35:01 [error] 30#30: *1 open() "/hls/cameron/segment_20250219003461.ts" failed (2: No such file or directory), client: 192.168.10.85, server: localhost, request: "GET /hls/cameron/segment_20250219003461.ts HTTP/1.1", host: "192.168.10.120"
2025/02/19 00:35:01 [error] 30#30: *1 open() "/hls/cameron/segment_20250219003461.ts" failed (2: No such file or directory), client: 192.168.10.85, server: localhost, request: "GET /hls/cameron/segment_20250219003461.ts HTTP/1.1", host: "192.168.10.120"
2025/02/19 00:35:02 [error] 30#30: *1 open() "/hls/cameron/segment_20250219003461.ts" failed (2: No such file or directory), client: 192.168.10.85, server: localhost, request: "GET /hls/cameron/segment_20250219003461.ts HTTP/1.1", host: "192.168.10.120"
2025/02/19 00:35:04 [error] 30#30: *1 open() "/hls/cameron/segment_20250219003461.ts" failed (2: No such file or directory), client: 192.168.10.85, server: localhost, request: "GET /hls/cameron/segment_20250219003461.ts HTTP/1.1", host: "192.168.10.120"
2025/02/19 00:35:04 [error] 30#30: *2 open() "/usr/share/nginx/html/stub_status" failed (2: No such file or directory), client: 192.168.64.1, server: localhost, request: "GET /stub_status HTTP/1.1", host: "192.168.64.3:80"
2025/02/19 00:35:04 [error] 30#30: *3 open() "/usr/share/nginx/html/basic_status" failed (2: No such file or directory), client: 192.168.64.1, server: localhost, request: "GET /basic_status HTTP/1.1", host: "192.168.64.3:80"
2025/02/19 00:35:04 [error] 30#30: *4 open() "/usr/share/nginx/html/nginx_status" failed (2: No such file or directory), client: 192.168.64.1, server: localhost, request: "GET /nginx_status HTTP/1.1", host: "192.168.64.3:80"
2025/02/19 00:35:04 [error] 30#30: *5 open() "/usr/share/nginx/html/status" failed (2: No such file or directory), client: 192.168.64.1, server: localhost, request: "GET /status HTTP/1.1", host: "192.168.64.3:80"
2025/02/19 00:35:07 [error] 30#30: *1 open() "/hls/cameron/segment_20250219003461.ts" failed (2: No such file or directory), client: 192.168.10.85, server: localhost, request: "GET /hls/cameron/segment_20250219003461.ts HTTP/1.1", host: "192.168.10.120"
2025/02/19 00:35:10 [error] 30#30: *1 open() "/hls/corniaud/playlist.m3u8" failed (2: No such file or directory), client: 192.168.10.85, server: localhost, request: "GET /hls/corniaud/playlist.m3u8 HTTP/1.1", host: "192.168.10.120"
2025/02/19 00:35:10 [error] 30#30: *1 open() "/hls/corniaud/playlist.m3u8" failed (2: No such file or directory), client: 192.168.10.85, server: localhost, request: "GET /hls/corniaud/playlist.m3u8 HTTP/1.1", host: "192.168.10.120"
2025/02/19 00:35:11 [error] 30#30: *1 open() "/hls/corniaud/playlist.m3u8" failed (2: No such file or directory), client: 192.168.10.85, server: localhost, request: "GET /hls/corniaud/playlist.m3u8 HTTP/1.1", host: "192.168.10.120"
2025/02/19 00:35:13 [error] 30#30: *1 open() "/hls/corniaud/playlist.m3u8" failed (2: No such file or directory), client: 192.168.10.85, server: localhost, request: "GET /hls/corniaud/playlist.m3u8 HTTP/1.1", host: "192.168.10.120"
2025/02/19 00:35:13 [error] 30#30: *1 open() "/hls/defunes/playlist.m3u8" failed (2: No such file or directory), client: 192.168.10.85, server: localhost, request: "GET /hls/defunes/playlist.m3u8 HTTP/1.1", host: "192.168.10.120"
2025/02/19 00:35:13 [error] 30#30: *1 open() "/hls/defunes/playlist.m3u8" failed (2: No such file or directory), client: 192.168.10.85, server: localhost, request: "GET /hls/defunes/playlist.m3u8 HTTP/1.1", host: "192.168.10.120"
2025/02/19 00:35:43 [error] 30#30: *1 open() "/hls/defunes/segment_20250219003748.ts" failed (2: No such file or directory), client: 192.168.10.85, server: localhost, request: "GET /hls/defunes/segment_20250219003748.ts HTTP/1.1", host: "192.168.10.120"
2025/02/19 00:35:43 [error] 30#30: *1 open() "/hls/defunes/segment_20250219003748.ts" failed (2: No such file or directory), client: 192.168.10.85, server: localhost, request: "GET /hls/defunes/segment_20250219003748.ts HTTP/1.1", host: "192.168.10.120"
2025/02/19 00:35:44 [error] 30#30: *1 open() "/hls/defunes/segment_20250219003748.ts" failed (2: No such file or directory), client: 192.168.10.85, server: localhost, request: "GET /hls/defunes/segment_20250219003748.ts HTTP/1.1", host: "192.168.10.120"
2025/02/19 00:35:46 [error] 30#30: *1 open() "/hls/defunes/segment_20250219003748.ts" failed (2: No such file or directory), client: 192.168.10.85, server: localhost, request: "GET /hls/defunes/segment_20250219003748.ts HTTP/1.1", host: "192.168.10.120"
2025/02/19 00:35:49 [error] 30#30: *1 open() "/hls/defunes/segment_20250219003748.ts" failed (2: No such file or directory), client: 192.168.10.85, server: localhost, request: "GET /hls/defunes/segment_20250219003748.ts HTTP/1.1", host: "192.168.10.120"
2025/02/19 00:35:53 [error] 30#30: *1 open() "/hls/defunes/segment_20250219003748.ts" failed (2: No such file or directory), client: 192.168.10.85, server: localhost, request: "GET /hls/defunes/segment_20250219003748.ts HTTP/1.1", host: "192.168.10.120"
2025/02/19 01:01:04 [error] 29#29: *1 open() "/usr/share/nginx/html/stub_status" failed (2: No such file or directory), client: 192.168.96.1, server: localhost, request: "GET /stub_status HTTP/1.1", host: "192.168.96.3:80"
2025/02/19 01:01:04 [error] 29#29: *2 open() "/usr/share/nginx/html/basic_status" failed (2: No such file or directory), client: 192.168.96.1, server: localhost, request: "GET /basic_status HTTP/1.1", host: "192.168.96.3:80"
2025/02/19 01:01:04 [error] 29#29: *3 open() "/usr/share/nginx/html/nginx_status" failed (2: No such file or directory), client: 192.168.96.1, server: localhost, request: "GET /nginx_status HTTP/1.1", host: "192.168.96.3:80"
2025/02/19 01:01:04 [error] 29#29: *4 open() "/usr/share/nginx/html/status" failed (2: No such file or directory), client: 192.168.96.1, server: localhost, request: "GET /status HTTP/1.1", host: "192.168.96.3:80"
2025/02/19 01:01:34 [error] 29#29: *5 open() "/hls/defunes/playlist.m3u8" failed (2: No such file or directory), client: 192.168.10.85, server: localhost, request: "GET /hls/defunes/playlist.m3u8 HTTP/1.1", host: "192.168.10.120"
2025/02/19 01:01:34 [error] 29#29: *5 open() "/hls/defunes/playlist.m3u8" failed (2: No such file or directory), client: 192.168.10.85, server: localhost, request: "GET /hls/defunes/playlist.m3u8 HTTP/1.1", host: "192.168.10.120"
2025/02/19 01:03:01 [error] 29#29: *5 open() "/hls/loop/playlist.m3u8" failed (2: No such file or directory), client: 192.168.10.85, server: localhost, request: "GET /hls/loop/playlist.m3u8 HTTP/1.1", host: "192.168.10.120"
2025/02/19 01:03:01 [error] 29#29: *5 open() "/hls/loop/playlist.m3u8" failed (2: No such file or directory), client: 192.168.10.85, server: localhost, request: "GET /hls/loop/playlist.m3u8 HTTP/1.1", host: "192.168.10.120"
2025/02/19 01:03:04 [error] 29#29: *5 open() "/hls/loop/segment_20250219010312.ts" failed (2: No such file or directory), client: 192.168.10.85, server: localhost, request: "GET /hls/loop/segment_20250219010312.ts HTTP/1.1", host: "192.168.10.120"
2025/02/19 01:03:05 [error] 29#29: *5 open() "/hls/loop/segment_20250219010312.ts" failed (2: No such file or directory), client: 192.168.10.85, server: localhost, request: "GET /hls/loop/segment_20250219010312.ts HTTP/1.1", host: "192.168.10.120"
2025/02/19 01:03:06 [error] 29#29: *5 open() "/hls/loop/segment_20250219010312.ts" failed (2: No such file or directory), client: 192.168.10.85, server: localhost, request: "GET /hls/loop/segment_20250219010312.ts HTTP/1.1", host: "192.168.10.120"
