2025/02/19 08:32:11 [error] 30#30: *11 open() "/hls/defunes/segment_20250219082348.ts" failed (2: No such file or directory), client: 192.168.10.104, server: localhost, request: "GET /hls/defunes/segment_20250219082348.ts HTTP/1.1", host: "192.168.10.120"
2025/02/19 08:32:16 [error] 30#30: *11 open() "/hls/defunes/segment_20250219082348.ts" failed (2: No such file or directory), client: 192.168.10.104, server: localhost, request: "GET /hls/defunes/segment_20250219082348.ts HTTP/1.1", host: "192.168.10.120"
2025/02/19 08:32:21 [error] 30#30: *11 open() "/hls/defunes/segment_20250219082348.ts" failed (2: No such file or directory), client: 192.168.10.104, server: localhost, request: "GET /hls/defunes/segment_20250219082348.ts HTTP/1.1", host: "192.168.10.120"
2025/02/19 08:32:26 [error] 30#30: *11 open() "/hls/defunes/segment_20250219082348.ts" failed (2: No such file or directory), client: 192.168.10.104, server: localhost, request: "GET /hls/defunes/segment_20250219082348.ts HTTP/1.1", host: "192.168.10.120"
2025/02/19 08:32:31 [error] 30#30: *11 open() "/hls/defunes/segment_20250219082348.ts" failed (2: No such file or directory), client: 192.168.10.104, server: localhost, request: "GET /hls/defunes/segment_20250219082348.ts HTTP/1.1", host: "192.168.10.120"
2025/02/19 08:32:36 [error] 30#30: *11 open() "/hls/defunes/segment_20250219082348.ts" failed (2: No such file or directory), client: 192.168.10.104, server: localhost, request: "GET /hls/defunes/segment_20250219082348.ts HTTP/1.1", host: "192.168.10.120"
2025/02/19 08:32:41 [error] 30#30: *11 open() "/hls/defunes/segment_20250219082348.ts" failed (2: No such file or directory), client: 192.168.10.104, server: localhost, request: "GET /hls/defunes/segment_20250219082348.ts HTTP/1.1", host: "192.168.10.120"
2025/02/19 08:32:46 [error] 30#30: *11 open() "/hls/defunes/segment_20250219082348.ts" failed (2: No such file or directory), client: 192.168.10.104, server: localhost, request: "GET /hls/defunes/segment_20250219082348.ts HTTP/1.1", host: "192.168.10.120"
2025/02/19 08:52:55 [error] 30#30: *16 open() "/hls/loop/segment_20250219082900.ts" failed (2: No such file or directory), client: 192.168.10.85, server: localhost, request: "GET /hls/loop/segment_20250219082900.ts HTTP/1.1", host: "192.168.10.120"
2025/02/19 08:52:55 [error] 30#30: *16 open() "/hls/loop/segment_20250219082900.ts" failed (2: No such file or directory), client: 192.168.10.85, server: localhost, request: "GET /hls/loop/segment_20250219082900.ts HTTP/1.1", host: "192.168.10.120"
2025/02/19 08:52:56 [error] 30#30: *16 open() "/hls/loop/segment_20250219082900.ts" failed (2: No such file or directory), client: 192.168.10.85, server: localhost, request: "GET /hls/loop/segment_20250219082900.ts HTTP/1.1", host: "192.168.10.120"
2025/02/19 08:52:58 [error] 30#30: *16 open() "/hls/loop/segment_20250219082900.ts" failed (2: No such file or directory), client: 192.168.10.85, server: localhost, request: "GET /hls/loop/segment_20250219082900.ts HTTP/1.1", host: "192.168.10.120"
2025/02/19 08:53:02 [error] 30#30: *16 open() "/hls/loop/segment_20250219082900.ts" failed (2: No such file or directory), client: 192.168.10.85, server: localhost, request: "GET /hls/loop/segment_20250219082900.ts HTTP/1.1", host: "192.168.10.120"
2025/02/19 08:53:06 [error] 30#30: *16 open() "/hls/loop/segment_20250219082900.ts" failed (2: No such file or directory), client: 192.168.10.85, server: localhost, request: "GET /hls/loop/segment_20250219082900.ts HTTP/1.1", host: "192.168.10.120"
2025/02/19 08:53:12 [error] 30#30: *16 open() "/hls/corniaud/playlist.m3u8" failed (2: No such file or directory), client: 192.168.10.85, server: localhost, request: "GET /hls/corniaud/playlist.m3u8 HTTP/1.1", host: "192.168.10.120"
2025/02/19 08:53:12 [error] 30#30: *16 open() "/hls/corniaud/playlist.m3u8" failed (2: No such file or directory), client: 192.168.10.85, server: localhost, request: "GET /hls/corniaud/playlist.m3u8 HTTP/1.1", host: "192.168.10.120"
2025/02/19 08:53:13 [error] 30#30: *16 open() "/hls/corniaud/playlist.m3u8" failed (2: No such file or directory), client: 192.168.10.85, server: localhost, request: "GET /hls/corniaud/playlist.m3u8 HTTP/1.1", host: "192.168.10.120"
2025/02/19 14:22:43 [error] 30#30: *55 open() "/hls/defunes/segment_20250219084953.ts" failed (2: No such file or directory), client: 192.168.10.104, server: localhost, request: "GET /hls/defunes/segment_20250219084953.ts HTTP/1.1", host: "192.168.10.120"
2025/02/19 14:22:43 [error] 30#30: *55 open() "/hls/defunes/segment_20250219084953.ts" failed (2: No such file or directory), client: 192.168.10.104, server: localhost, request: "GET /hls/defunes/segment_20250219084953.ts HTTP/1.1", host: "192.168.10.120"
2025/02/19 14:22:44 [error] 30#30: *55 open() "/hls/defunes/segment_20250219084953.ts" failed (2: No such file or directory), client: 192.168.10.104, server: localhost, request: "GET /hls/defunes/segment_20250219084953.ts HTTP/1.1", host: "192.168.10.120"
2025/02/19 14:22:46 [error] 30#30: *55 open() "/hls/defunes/segment_20250219084953.ts" failed (2: No such file or directory), client: 192.168.10.104, server: localhost, request: "GET /hls/defunes/segment_20250219084953.ts HTTP/1.1", host: "192.168.10.120"
2025/02/19 14:22:53 [error] 30#30: *56 open() "/hls/corniaud/playlist.m3u8" failed (2: No such file or directory), client: 192.168.10.104, server: localhost, request: "GET /hls/corniaud/playlist.m3u8 HTTP/1.1", host: "192.168.10.120"
2025/02/19 14:22:53 [error] 30#30: *56 open() "/hls/corniaud/playlist.m3u8" failed (2: No such file or directory), client: 192.168.10.104, server: localhost, request: "GET /hls/corniaud/playlist.m3u8 HTTP/1.1", host: "192.168.10.120"
2025/02/19 18:13:45 [error] 30#30: *78 open() "/hls/corniaud/playlist.m3u8" failed (2: No such file or directory), client: 192.168.10.104, server: localhost, request: "GET /hls/corniaud/playlist.m3u8 HTTP/1.1", host: "192.168.10.120"
2025/02/19 18:13:45 [error] 30#30: *78 open() "/hls/corniaud/playlist.m3u8" failed (2: No such file or directory), client: 192.168.10.104, server: localhost, request: "GET /hls/corniaud/playlist.m3u8 HTTP/1.1", host: "192.168.10.120"
2025/02/19 18:13:46 [error] 30#30: *78 open() "/hls/corniaud/playlist.m3u8" failed (2: No such file or directory), client: 192.168.10.104, server: localhost, request: "GET /hls/corniaud/playlist.m3u8 HTTP/1.1", host: "192.168.10.120"
2025/02/19 18:58:49 [error] 30#30: *86 open() "/hls/corniaud/playlist.m3u8" failed (2: No such file or directory), client: 192.168.10.104, server: localhost, request: "GET /hls/corniaud/playlist.m3u8 HTTP/1.1", host: "192.168.10.120"
2025/02/19 18:58:49 [error] 30#30: *86 open() "/hls/corniaud/playlist.m3u8" failed (2: No such file or directory), client: 192.168.10.104, server: localhost, request: "GET /hls/corniaud/playlist.m3u8 HTTP/1.1", host: "192.168.10.120"
2025/02/19 18:58:50 [error] 30#30: *86 open() "/hls/corniaud/playlist.m3u8" failed (2: No such file or directory), client: 192.168.10.104, server: localhost, request: "GET /hls/corniaud/playlist.m3u8 HTTP/1.1", host: "192.168.10.120"
2025/02/19 19:05:31 [error] 30#30: *1 open() "/hls/defunes/playlist.m3u8" failed (2: No such file or directory), client: 192.168.10.104, server: localhost, request: "GET /hls/defunes/playlist.m3u8 HTTP/1.1", host: "192.168.10.120"
2025/02/19 19:05:36 [error] 30#30: *1 open() "/hls/defunes/playlist.m3u8" failed (2: No such file or directory), client: 192.168.10.104, server: localhost, request: "GET /hls/defunes/playlist.m3u8 HTTP/1.1", host: "192.168.10.120"
2025/02/19 19:05:41 [error] 30#30: *2 open() "/usr/share/nginx/html/stub_status" failed (2: No such file or directory), client: 192.168.16.1, server: localhost, request: "GET /stub_status HTTP/1.1", host: "192.168.16.3:80"
2025/02/19 19:05:41 [error] 30#30: *3 open() "/usr/share/nginx/html/basic_status" failed (2: No such file or directory), client: 192.168.16.1, server: localhost, request: "GET /basic_status HTTP/1.1", host: "192.168.16.3:80"
2025/02/19 19:05:41 [error] 30#30: *4 open() "/usr/share/nginx/html/nginx_status" failed (2: No such file or directory), client: 192.168.16.1, server: localhost, request: "GET /nginx_status HTTP/1.1", host: "192.168.16.3:80"
2025/02/19 19:05:41 [error] 30#30: *5 open() "/usr/share/nginx/html/status" failed (2: No such file or directory), client: 192.168.16.1, server: localhost, request: "GET /status HTTP/1.1", host: "192.168.16.3:80"
2025/02/19 19:21:41 [error] 30#30: *1 open() "/usr/share/nginx/html/stub_status" failed (2: No such file or directory), client: 192.168.64.1, server: localhost, request: "GET /stub_status HTTP/1.1", host: "192.168.64.3:80"
2025/02/19 19:21:41 [error] 30#30: *2 open() "/usr/share/nginx/html/basic_status" failed (2: No such file or directory), client: 192.168.64.1, server: localhost, request: "GET /basic_status HTTP/1.1", host: "192.168.64.3:80"
2025/02/19 19:21:41 [error] 30#30: *3 open() "/usr/share/nginx/html/nginx_status" failed (2: No such file or directory), client: 192.168.64.1, server: localhost, request: "GET /nginx_status HTTP/1.1", host: "192.168.64.3:80"
2025/02/19 19:21:41 [error] 30#30: *4 open() "/usr/share/nginx/html/status" failed (2: No such file or directory), client: 192.168.64.1, server: localhost, request: "GET /status HTTP/1.1", host: "192.168.64.3:80"
2025/02/19 19:23:41 [error] 29#29: *2 open() "/usr/share/nginx/html/stub_status" failed (2: No such file or directory), client: 192.168.112.1, server: localhost, request: "GET /stub_status HTTP/1.1", host: "192.168.112.3:80"
2025/02/19 19:23:41 [error] 29#29: *3 open() "/usr/share/nginx/html/basic_status" failed (2: No such file or directory), client: 192.168.112.1, server: localhost, request: "GET /basic_status HTTP/1.1", host: "192.168.112.3:80"
2025/02/19 19:23:41 [error] 29#29: *4 open() "/usr/share/nginx/html/nginx_status" failed (2: No such file or directory), client: 192.168.112.1, server: localhost, request: "GET /nginx_status HTTP/1.1", host: "192.168.112.3:80"
2025/02/19 19:23:41 [error] 29#29: *5 open() "/usr/share/nginx/html/status" failed (2: No such file or directory), client: 192.168.112.1, server: localhost, request: "GET /status HTTP/1.1", host: "192.168.112.3:80"
2025/02/19 19:29:41 [error] 30#30: *1 open() "/usr/share/nginx/html/stub_status" failed (2: No such file or directory), client: 192.168.128.1, server: localhost, request: "GET /stub_status HTTP/1.1", host: "192.168.128.3:80"
2025/02/19 19:29:41 [error] 30#30: *2 open() "/usr/share/nginx/html/basic_status" failed (2: No such file or directory), client: 192.168.128.1, server: localhost, request: "GET /basic_status HTTP/1.1", host: "192.168.128.3:80"
2025/02/19 19:29:41 [error] 30#30: *3 open() "/usr/share/nginx/html/nginx_status" failed (2: No such file or directory), client: 192.168.128.1, server: localhost, request: "GET /nginx_status HTTP/1.1", host: "192.168.128.3:80"
2025/02/19 19:29:41 [error] 30#30: *4 open() "/usr/share/nginx/html/status" failed (2: No such file or directory), client: 192.168.128.1, server: localhost, request: "GET /status HTTP/1.1", host: "192.168.128.3:80"
2025/02/19 19:39:41 [error] 30#30: *1 open() "/usr/share/nginx/html/stub_status" failed (2: No such file or directory), client: 192.168.144.1, server: localhost, request: "GET /stub_status HTTP/1.1", host: "192.168.144.3:80"
2025/02/19 19:39:41 [error] 30#30: *2 open() "/usr/share/nginx/html/basic_status" failed (2: No such file or directory), client: 192.168.144.1, server: localhost, request: "GET /basic_status HTTP/1.1", host: "192.168.144.3:80"
2025/02/19 19:39:41 [error] 30#30: *3 open() "/usr/share/nginx/html/nginx_status" failed (2: No such file or directory), client: 192.168.144.1, server: localhost, request: "GET /nginx_status HTTP/1.1", host: "192.168.144.3:80"
2025/02/19 19:39:41 [error] 30#30: *4 open() "/usr/share/nginx/html/status" failed (2: No such file or directory), client: 192.168.144.1, server: localhost, request: "GET /status HTTP/1.1", host: "192.168.144.3:80"
2025/02/19 19:40:41 [error] 31#31: *1 open() "/usr/share/nginx/html/stub_status" failed (2: No such file or directory), client: 192.168.160.1, server: localhost, request: "GET /stub_status HTTP/1.1", host: "192.168.160.3:80"
2025/02/19 19:40:41 [error] 31#31: *2 open() "/usr/share/nginx/html/basic_status" failed (2: No such file or directory), client: 192.168.160.1, server: localhost, request: "GET /basic_status HTTP/1.1", host: "192.168.160.3:80"
2025/02/19 19:40:41 [error] 31#31: *3 open() "/usr/share/nginx/html/nginx_status" failed (2: No such file or directory), client: 192.168.160.1, server: localhost, request: "GET /nginx_status HTTP/1.1", host: "192.168.160.3:80"
2025/02/19 19:40:41 [error] 31#31: *4 open() "/usr/share/nginx/html/status" failed (2: No such file or directory), client: 192.168.160.1, server: localhost, request: "GET /status HTTP/1.1", host: "192.168.160.3:80"
2025/02/19 19:43:41 [error] 29#29: *2 open() "/usr/share/nginx/html/stub_status" failed (2: No such file or directory), client: 192.168.192.1, server: localhost, request: "GET /stub_status HTTP/1.1", host: "192.168.192.3:80"
2025/02/19 19:43:41 [error] 29#29: *3 open() "/usr/share/nginx/html/basic_status" failed (2: No such file or directory), client: 192.168.192.1, server: localhost, request: "GET /basic_status HTTP/1.1", host: "192.168.192.3:80"
2025/02/19 19:43:41 [error] 29#29: *4 open() "/usr/share/nginx/html/nginx_status" failed (2: No such file or directory), client: 192.168.192.1, server: localhost, request: "GET /nginx_status HTTP/1.1", host: "192.168.192.3:80"
2025/02/19 19:43:41 [error] 29#29: *5 open() "/usr/share/nginx/html/status" failed (2: No such file or directory), client: 192.168.192.1, server: localhost, request: "GET /status HTTP/1.1", host: "192.168.192.3:80"
2025/02/19 19:46:41 [error] 30#30: *1 open() "/usr/share/nginx/html/stub_status" failed (2: No such file or directory), client: 192.168.224.1, server: localhost, request: "GET /stub_status HTTP/1.1", host: "192.168.224.3:80"
2025/02/19 19:46:41 [error] 30#30: *2 open() "/usr/share/nginx/html/basic_status" failed (2: No such file or directory), client: 192.168.224.1, server: localhost, request: "GET /basic_status HTTP/1.1", host: "192.168.224.3:80"
2025/02/19 19:46:41 [error] 30#30: *3 open() "/usr/share/nginx/html/nginx_status" failed (2: No such file or directory), client: 192.168.224.1, server: localhost, request: "GET /nginx_status HTTP/1.1", host: "192.168.224.3:80"
2025/02/19 19:46:41 [error] 30#30: *4 open() "/usr/share/nginx/html/status" failed (2: No such file or directory), client: 192.168.224.1, server: localhost, request: "GET /status HTTP/1.1", host: "192.168.224.3:80"
2025/02/19 19:48:41 [error] 30#30: *1 open() "/usr/share/nginx/html/stub_status" failed (2: No such file or directory), client: 172.21.0.1, server: localhost, request: "GET /stub_status HTTP/1.1", host: "172.21.0.3:80"
2025/02/19 19:48:41 [error] 30#30: *2 open() "/usr/share/nginx/html/basic_status" failed (2: No such file or directory), client: 172.21.0.1, server: localhost, request: "GET /basic_status HTTP/1.1", host: "172.21.0.3:80"
2025/02/19 19:48:41 [error] 30#30: *3 open() "/usr/share/nginx/html/nginx_status" failed (2: No such file or directory), client: 172.21.0.1, server: localhost, request: "GET /nginx_status HTTP/1.1", host: "172.21.0.3:80"
2025/02/19 19:48:41 [error] 30#30: *4 open() "/usr/share/nginx/html/status" failed (2: No such file or directory), client: 172.21.0.1, server: localhost, request: "GET /status HTTP/1.1", host: "172.21.0.3:80"
2025/02/19 19:50:41 [error] 30#30: *1 open() "/usr/share/nginx/html/stub_status" failed (2: No such file or directory), client: 172.25.0.1, server: localhost, request: "GET /stub_status HTTP/1.1", host: "172.25.0.3:80"
2025/02/19 19:50:41 [error] 30#30: *2 open() "/usr/share/nginx/html/basic_status" failed (2: No such file or directory), client: 172.25.0.1, server: localhost, request: "GET /basic_status HTTP/1.1", host: "172.25.0.3:80"
2025/02/19 19:50:41 [error] 30#30: *3 open() "/usr/share/nginx/html/nginx_status" failed (2: No such file or directory), client: 172.25.0.1, server: localhost, request: "GET /nginx_status HTTP/1.1", host: "172.25.0.3:80"
2025/02/19 19:50:41 [error] 30#30: *4 open() "/usr/share/nginx/html/status" failed (2: No such file or directory), client: 172.25.0.1, server: localhost, request: "GET /status HTTP/1.1", host: "172.25.0.3:80"
2025/02/19 19:53:41 [error] 29#29: *1 open() "/usr/share/nginx/html/stub_status" failed (2: No such file or directory), client: 172.28.0.1, server: localhost, request: "GET /stub_status HTTP/1.1", host: "172.28.0.3:80"
2025/02/19 19:53:41 [error] 29#29: *2 open() "/usr/share/nginx/html/basic_status" failed (2: No such file or directory), client: 172.28.0.1, server: localhost, request: "GET /basic_status HTTP/1.1", host: "172.28.0.3:80"
2025/02/19 19:53:41 [error] 29#29: *3 open() "/usr/share/nginx/html/nginx_status" failed (2: No such file or directory), client: 172.28.0.1, server: localhost, request: "GET /nginx_status HTTP/1.1", host: "172.28.0.3:80"
2025/02/19 19:53:41 [error] 29#29: *4 open() "/usr/share/nginx/html/status" failed (2: No such file or directory), client: 172.28.0.1, server: localhost, request: "GET /status HTTP/1.1", host: "172.28.0.3:80"
2025/02/19 19:54:41 [error] 30#30: *1 open() "/usr/share/nginx/html/stub_status" failed (2: No such file or directory), client: 172.29.0.1, server: localhost, request: "GET /stub_status HTTP/1.1", host: "172.29.0.3:80"
2025/02/19 19:54:41 [error] 30#30: *2 open() "/usr/share/nginx/html/basic_status" failed (2: No such file or directory), client: 172.29.0.1, server: localhost, request: "GET /basic_status HTTP/1.1", host: "172.29.0.3:80"
2025/02/19 19:54:41 [error] 30#30: *3 open() "/usr/share/nginx/html/nginx_status" failed (2: No such file or directory), client: 172.29.0.1, server: localhost, request: "GET /nginx_status HTTP/1.1", host: "172.29.0.3:80"
2025/02/19 19:54:41 [error] 30#30: *4 open() "/usr/share/nginx/html/status" failed (2: No such file or directory), client: 172.29.0.1, server: localhost, request: "GET /status HTTP/1.1", host: "172.29.0.3:80"
2025/02/19 19:56:41 [error] 29#29: *1 open() "/usr/share/nginx/html/stub_status" failed (2: No such file or directory), client: 172.31.0.1, server: localhost, request: "GET /stub_status HTTP/1.1", host: "172.31.0.3:80"
2025/02/19 19:56:41 [error] 29#29: *2 open() "/usr/share/nginx/html/basic_status" failed (2: No such file or directory), client: 172.31.0.1, server: localhost, request: "GET /basic_status HTTP/1.1", host: "172.31.0.3:80"
2025/02/19 19:56:41 [error] 29#29: *3 open() "/usr/share/nginx/html/nginx_status" failed (2: No such file or directory), client: 172.31.0.1, server: localhost, request: "GET /nginx_status HTTP/1.1", host: "172.31.0.3:80"
2025/02/19 19:56:41 [error] 29#29: *4 open() "/usr/share/nginx/html/status" failed (2: No such file or directory), client: 172.31.0.1, server: localhost, request: "GET /status HTTP/1.1", host: "172.31.0.3:80"
2025/02/19 19:57:05 [error] 30#30: *1 open() "/hls/defunes/playlist.m3u8" failed (2: No such file or directory), client: 192.168.10.104, server: localhost, request: "GET /hls/defunes/playlist.m3u8 HTTP/1.1", host: "192.168.10.120"
2025/02/19 19:57:05 [error] 30#30: *1 open() "/hls/defunes/playlist.m3u8" failed (2: No such file or directory), client: 192.168.10.104, server: localhost, request: "GET /hls/defunes/playlist.m3u8 HTTP/1.1", host: "192.168.10.120"
2025/02/19 19:57:06 [error] 30#30: *1 open() "/hls/corniaud/playlist.m3u8" failed (2: No such file or directory), client: 192.168.10.104, server: localhost, request: "GET /hls/corniaud/playlist.m3u8 HTTP/1.1", host: "192.168.10.120"
2025/02/19 19:57:06 [error] 30#30: *1 open() "/hls/corniaud/playlist.m3u8" failed (2: No such file or directory), client: 192.168.10.104, server: localhost, request: "GET /hls/corniaud/playlist.m3u8 HTTP/1.1", host: "192.168.10.120"
2025/02/19 19:57:13 [error] 30#30: *1 open() "/hls/corniaud/playlist.m3u8" failed (2: No such file or directory), client: 192.168.10.104, server: localhost, request: "GET /hls/corniaud/playlist.m3u8 HTTP/1.1", host: "192.168.10.120"
2025/02/19 19:57:13 [error] 30#30: *1 open() "/hls/corniaud/playlist.m3u8" failed (2: No such file or directory), client: 192.168.10.104, server: localhost, request: "GET /hls/corniaud/playlist.m3u8 HTTP/1.1", host: "192.168.10.120"
2025/02/19 19:57:14 [error] 30#30: *1 open() "/hls/corniaud/playlist.m3u8" failed (2: No such file or directory), client: 192.168.10.104, server: localhost, request: "GET /hls/corniaud/playlist.m3u8 HTTP/1.1", host: "192.168.10.120"
2025/02/19 19:57:16 [error] 30#30: *1 open() "/hls/corniaud/playlist.m3u8" failed (2: No such file or directory), client: 192.168.10.104, server: localhost, request: "GET /hls/corniaud/playlist.m3u8 HTTP/1.1", host: "192.168.10.120"
2025/02/19 19:57:16 [error] 30#30: *1 open() "/hls/corniaud/playlist.m3u8" failed (2: No such file or directory), client: 192.168.10.104, server: localhost, request: "GET /hls/corniaud/playlist.m3u8 HTTP/1.1", host: "192.168.10.120"
2025/02/19 19:57:16 [error] 30#30: *1 open() "/hls/corniaud/playlist.m3u8" failed (2: No such file or directory), client: 192.168.10.104, server: localhost, request: "GET /hls/corniaud/playlist.m3u8 HTTP/1.1", host: "192.168.10.120"
2025/02/19 19:57:23 [error] 30#30: *1 open() "/hls/loop/playlist.m3u8" failed (2: No such file or directory), client: 192.168.10.104, server: localhost, request: "GET /hls/loop/playlist.m3u8 HTTP/1.1", host: "192.168.10.120"
2025/02/19 19:57:23 [error] 30#30: *1 open() "/hls/loop/playlist.m3u8" failed (2: No such file or directory), client: 192.168.10.104, server: localhost, request: "GET /hls/loop/playlist.m3u8 HTTP/1.1", host: "192.168.10.120"
2025/02/19 19:57:41 [error] 30#30: *3 open() "/usr/share/nginx/html/stub_status" failed (2: No such file or directory), client: 192.168.16.1, server: localhost, request: "GET /stub_status HTTP/1.1", host: "192.168.16.3:80"
2025/02/19 19:57:41 [error] 30#30: *4 open() "/usr/share/nginx/html/basic_status" failed (2: No such file or directory), client: 192.168.16.1, server: localhost, request: "GET /basic_status HTTP/1.1", host: "192.168.16.3:80"
2025/02/19 19:57:41 [error] 30#30: *5 open() "/usr/share/nginx/html/nginx_status" failed (2: No such file or directory), client: 192.168.16.1, server: localhost, request: "GET /nginx_status HTTP/1.1", host: "192.168.16.3:80"
2025/02/19 19:57:41 [error] 30#30: *6 open() "/usr/share/nginx/html/status" failed (2: No such file or directory), client: 192.168.16.1, server: localhost, request: "GET /status HTTP/1.1", host: "192.168.16.3:80"
2025/02/19 19:59:21 [error] 30#30: *1 open() "/hls/loop/playlist.m3u8" failed (2: No such file or directory), client: 192.168.10.104, server: localhost, request: "GET /hls/loop/playlist.m3u8 HTTP/1.1", host: "192.168.10.120"
2025/02/19 19:59:25 [error] 30#30: *1 open() "/hls/loop/playlist.m3u8" failed (2: No such file or directory), client: 192.168.10.104, server: localhost, request: "GET /hls/loop/playlist.m3u8 HTTP/1.1", host: "192.168.10.120"
2025/02/19 19:59:41 [error] 30#30: *3 open() "/usr/share/nginx/html/stub_status" failed (2: No such file or directory), client: 192.168.32.1, server: localhost, request: "GET /stub_status HTTP/1.1", host: "192.168.32.3:80"
2025/02/19 19:59:41 [error] 30#30: *4 open() "/usr/share/nginx/html/basic_status" failed (2: No such file or directory), client: 192.168.32.1, server: localhost, request: "GET /basic_status HTTP/1.1", host: "192.168.32.3:80"
2025/02/19 19:59:41 [error] 30#30: *5 open() "/usr/share/nginx/html/nginx_status" failed (2: No such file or directory), client: 192.168.32.1, server: localhost, request: "GET /nginx_status HTTP/1.1", host: "192.168.32.3:80"
2025/02/19 19:59:41 [error] 30#30: *6 open() "/usr/share/nginx/html/status" failed (2: No such file or directory), client: 192.168.32.1, server: localhost, request: "GET /status HTTP/1.1", host: "192.168.32.3:80"
2025/02/19 20:01:03 [error] 30#30: *1 open() "/hls/loop/playlist.m3u8" failed (2: No such file or directory), client: 192.168.10.104, server: localhost, request: "GET /hls/loop/playlist.m3u8 HTTP/1.1", host: "192.168.10.120"
2025/02/19 20:01:08 [error] 30#30: *1 open() "/hls/cameron/playlist.m3u8" failed (2: No such file or directory), client: 192.168.10.104, server: localhost, request: "GET /hls/cameron/playlist.m3u8 HTTP/1.1", host: "192.168.10.120"
2025/02/19 20:01:08 [error] 30#30: *1 open() "/hls/cameron/playlist.m3u8" failed (2: No such file or directory), client: 192.168.10.104, server: localhost, request: "GET /hls/cameron/playlist.m3u8 HTTP/1.1", host: "192.168.10.120"
2025/02/19 20:01:09 [error] 30#30: *1 open() "/hls/cameron/playlist.m3u8" failed (2: No such file or directory), client: 192.168.10.104, server: localhost, request: "GET /hls/cameron/playlist.m3u8 HTTP/1.1", host: "192.168.10.120"
2025/02/19 20:01:11 [error] 30#30: *1 open() "/hls/corniaud/playlist.m3u8" failed (2: No such file or directory), client: 192.168.10.104, server: localhost, request: "GET /hls/corniaud/playlist.m3u8 HTTP/1.1", host: "192.168.10.120"
2025/02/19 20:01:11 [error] 30#30: *1 open() "/hls/corniaud/playlist.m3u8" failed (2: No such file or directory), client: 192.168.10.104, server: localhost, request: "GET /hls/corniaud/playlist.m3u8 HTTP/1.1", host: "192.168.10.120"
2025/02/19 20:01:12 [error] 30#30: *1 open() "/hls/corniaud/playlist.m3u8" failed (2: No such file or directory), client: 192.168.10.104, server: localhost, request: "GET /hls/corniaud/playlist.m3u8 HTTP/1.1", host: "192.168.10.120"
2025/02/19 20:01:13 [error] 30#30: *1 open() "/hls/defunes/playlist.m3u8" failed (2: No such file or directory), client: 192.168.10.104, server: localhost, request: "GET /hls/defunes/playlist.m3u8 HTTP/1.1", host: "192.168.10.120"
2025/02/19 20:01:13 [error] 30#30: *1 open() "/hls/defunes/playlist.m3u8" failed (2: No such file or directory), client: 192.168.10.104, server: localhost, request: "GET /hls/defunes/playlist.m3u8 HTTP/1.1", host: "192.168.10.120"
2025/02/19 20:01:14 [error] 30#30: *1 open() "/hls/defunes/playlist.m3u8" failed (2: No such file or directory), client: 192.168.10.104, server: localhost, request: "GET /hls/defunes/playlist.m3u8 HTTP/1.1", host: "192.168.10.120"
2025/02/19 20:01:41 [error] 30#30: *2 open() "/usr/share/nginx/html/stub_status" failed (2: No such file or directory), client: 192.168.48.1, server: localhost, request: "GET /stub_status HTTP/1.1", host: "192.168.48.3:80"
2025/02/19 20:01:41 [error] 30#30: *3 open() "/usr/share/nginx/html/basic_status" failed (2: No such file or directory), client: 192.168.48.1, server: localhost, request: "GET /basic_status HTTP/1.1", host: "192.168.48.3:80"
2025/02/19 20:01:41 [error] 30#30: *4 open() "/usr/share/nginx/html/nginx_status" failed (2: No such file or directory), client: 192.168.48.1, server: localhost, request: "GET /nginx_status HTTP/1.1", host: "192.168.48.3:80"
2025/02/19 20:01:41 [error] 30#30: *5 open() "/usr/share/nginx/html/status" failed (2: No such file or directory), client: 192.168.48.1, server: localhost, request: "GET /status HTTP/1.1", host: "192.168.48.3:80"
2025/02/19 20:04:54 [error] 30#30: *1 open() "/hls/loop/playlist.m3u8" failed (2: No such file or directory), client: 192.168.10.104, server: localhost, request: "GET /hls/loop/playlist.m3u8 HTTP/1.1", host: "192.168.10.120"
2025/02/19 20:04:54 [error] 30#30: *1 open() "/hls/loop/playlist.m3u8" failed (2: No such file or directory), client: 192.168.10.104, server: localhost, request: "GET /hls/loop/playlist.m3u8 HTTP/1.1", host: "192.168.10.120"
2025/02/19 20:04:55 [error] 30#30: *1 open() "/hls/loop/playlist.m3u8" failed (2: No such file or directory), client: 192.168.10.104, server: localhost, request: "GET /hls/loop/playlist.m3u8 HTTP/1.1", host: "192.168.10.120"
2025/02/19 20:04:57 [error] 30#30: *1 open() "/hls/loop/playlist.m3u8" failed (2: No such file or directory), client: 192.168.10.104, server: localhost, request: "GET /hls/loop/playlist.m3u8 HTTP/1.1", host: "192.168.10.120"
2025/02/19 20:05:41 [error] 30#30: *3 open() "/usr/share/nginx/html/stub_status" failed (2: No such file or directory), client: 192.168.64.1, server: localhost, request: "GET /stub_status HTTP/1.1", host: "192.168.64.3:80"
2025/02/19 20:05:41 [error] 30#30: *4 open() "/usr/share/nginx/html/basic_status" failed (2: No such file or directory), client: 192.168.64.1, server: localhost, request: "GET /basic_status HTTP/1.1", host: "192.168.64.3:80"
2025/02/19 20:05:41 [error] 30#30: *5 open() "/usr/share/nginx/html/nginx_status" failed (2: No such file or directory), client: 192.168.64.1, server: localhost, request: "GET /nginx_status HTTP/1.1", host: "192.168.64.3:80"
2025/02/19 20:05:41 [error] 30#30: *6 open() "/usr/share/nginx/html/status" failed (2: No such file or directory), client: 192.168.64.1, server: localhost, request: "GET /status HTTP/1.1", host: "192.168.64.3:80"
2025/02/19 20:06:07 [error] 30#30: *1 open() "/hls/loop/playlist.m3u8" failed (2: No such file or directory), client: 192.168.10.104, server: localhost, request: "GET /hls/loop/playlist.m3u8 HTTP/1.1", host: "192.168.10.120"
2025/02/19 20:06:08 [error] 30#30: *1 open() "/hls/loop/segment_20250219200488.ts" failed (2: No such file or directory), client: 192.168.10.104, server: localhost, request: "GET /hls/loop/segment_20250219200488.ts HTTP/1.1", host: "192.168.10.120"
2025/02/19 20:06:13 [error] 30#30: *1 open() "/hls/loop/segment_20250219200488.ts" failed (2: No such file or directory), client: 192.168.10.104, server: localhost, request: "GET /hls/loop/segment_20250219200488.ts HTTP/1.1", host: "192.168.10.120"
2025/02/19 20:06:18 [error] 30#30: *1 open() "/hls/loop/segment_20250219200488.ts" failed (2: No such file or directory), client: 192.168.10.104, server: localhost, request: "GET /hls/loop/segment_20250219200488.ts HTTP/1.1", host: "192.168.10.120"
2025/02/19 20:06:41 [error] 30#30: *3 open() "/usr/share/nginx/html/stub_status" failed (2: No such file or directory), client: 192.168.96.1, server: localhost, request: "GET /stub_status HTTP/1.1", host: "192.168.96.3:80"
2025/02/19 20:06:41 [error] 30#30: *4 open() "/usr/share/nginx/html/basic_status" failed (2: No such file or directory), client: 192.168.96.1, server: localhost, request: "GET /basic_status HTTP/1.1", host: "192.168.96.3:80"
2025/02/19 20:06:41 [error] 30#30: *5 open() "/usr/share/nginx/html/nginx_status" failed (2: No such file or directory), client: 192.168.96.1, server: localhost, request: "GET /nginx_status HTTP/1.1", host: "192.168.96.3:80"
2025/02/19 20:06:41 [error] 30#30: *6 open() "/usr/share/nginx/html/status" failed (2: No such file or directory), client: 192.168.96.1, server: localhost, request: "GET /status HTTP/1.1", host: "192.168.96.3:80"
2025/02/19 20:06:42 [error] 30#30: *1 open() "/hls/defunes/playlist.m3u8" failed (2: No such file or directory), client: 192.168.10.104, server: localhost, request: "GET /hls/defunes/playlist.m3u8 HTTP/1.1", host: "192.168.10.120"
2025/02/19 20:06:42 [error] 30#30: *1 open() "/hls/defunes/playlist.m3u8" failed (2: No such file or directory), client: 192.168.10.104, server: localhost, request: "GET /hls/defunes/playlist.m3u8 HTTP/1.1", host: "192.168.10.120"
2025/02/19 20:06:43 [error] 30#30: *1 open() "/hls/defunes/playlist.m3u8" failed (2: No such file or directory), client: 192.168.10.104, server: localhost, request: "GET /hls/defunes/playlist.m3u8 HTTP/1.1", host: "192.168.10.120"
2025/02/19 20:06:45 [error] 30#30: *1 open() "/hls/corniaud/playlist.m3u8" failed (2: No such file or directory), client: 192.168.10.104, server: localhost, request: "GET /hls/corniaud/playlist.m3u8 HTTP/1.1", host: "192.168.10.120"
2025/02/19 20:06:45 [error] 30#30: *1 open() "/hls/corniaud/playlist.m3u8" failed (2: No such file or directory), client: 192.168.10.104, server: localhost, request: "GET /hls/corniaud/playlist.m3u8 HTTP/1.1", host: "192.168.10.120"
2025/02/19 20:06:46 [error] 30#30: *1 open() "/hls/corniaud/playlist.m3u8" failed (2: No such file or directory), client: 192.168.10.104, server: localhost, request: "GET /hls/corniaud/playlist.m3u8 HTTP/1.1", host: "192.168.10.120"
2025/02/19 20:06:48 [error] 30#30: *1 open() "/hls/corniaud/playlist.m3u8" failed (2: No such file or directory), client: 192.168.10.104, server: localhost, request: "GET /hls/corniaud/playlist.m3u8 HTTP/1.1", host: "192.168.10.120"
2025/02/19 20:06:48 [error] 30#30: *1 open() "/hls/corniaud/playlist.m3u8" failed (2: No such file or directory), client: 192.168.10.104, server: localhost, request: "GET /hls/corniaud/playlist.m3u8 HTTP/1.1", host: "192.168.10.120"
2025/02/19 20:06:48 [error] 30#30: *1 open() "/hls/corniaud/playlist.m3u8" failed (2: No such file or directory), client: 192.168.10.104, server: localhost, request: "GET /hls/corniaud/playlist.m3u8 HTTP/1.1", host: "192.168.10.120"
2025/02/19 20:06:49 [error] 30#30: *1 open() "/hls/corniaud/playlist.m3u8" failed (2: No such file or directory), client: 192.168.10.104, server: localhost, request: "GET /hls/corniaud/playlist.m3u8 HTTP/1.1", host: "192.168.10.120"
2025/02/19 20:06:51 [error] 30#30: *1 open() "/hls/corniaud/playlist.m3u8" failed (2: No such file or directory), client: 192.168.10.104, server: localhost, request: "GET /hls/corniaud/playlist.m3u8 HTTP/1.1", host: "192.168.10.120"
2025/02/19 20:06:52 [error] 30#30: *1 open() "/hls/cameron/playlist.m3u8" failed (2: No such file or directory), client: 192.168.10.104, server: localhost, request: "GET /hls/cameron/playlist.m3u8 HTTP/1.1", host: "192.168.10.120"
2025/02/19 20:06:52 [error] 30#30: *1 open() "/hls/cameron/playlist.m3u8" failed (2: No such file or directory), client: 192.168.10.104, server: localhost, request: "GET /hls/cameron/playlist.m3u8 HTTP/1.1", host: "192.168.10.120"
2025/02/19 20:06:53 [error] 30#30: *1 open() "/hls/cameron/playlist.m3u8" failed (2: No such file or directory), client: 192.168.10.104, server: localhost, request: "GET /hls/cameron/playlist.m3u8 HTTP/1.1", host: "192.168.10.120"
2025/02/19 20:08:45 [error] 29#29: *1 open() "/hls/loop/playlist.m3u8" failed (2: No such file or directory), client: 192.168.10.104, server: localhost, request: "GET /hls/loop/playlist.m3u8 HTTP/1.1", host: "192.168.10.120"
2025/02/19 20:08:50 [error] 29#29: *1 open() "/hls/loop/playlist.m3u8" failed (2: No such file or directory), client: 192.168.10.104, server: localhost, request: "GET /hls/loop/playlist.m3u8 HTTP/1.1", host: "192.168.10.120"
2025/02/19 20:09:41 [error] 29#29: *3 open() "/usr/share/nginx/html/stub_status" failed (2: No such file or directory), client: 192.168.112.1, server: localhost, request: "GET /stub_status HTTP/1.1", host: "192.168.112.3:80"
2025/02/19 20:09:41 [error] 29#29: *4 open() "/usr/share/nginx/html/basic_status" failed (2: No such file or directory), client: 192.168.112.1, server: localhost, request: "GET /basic_status HTTP/1.1", host: "192.168.112.3:80"
2025/02/19 20:09:41 [error] 29#29: *5 open() "/usr/share/nginx/html/nginx_status" failed (2: No such file or directory), client: 192.168.112.1, server: localhost, request: "GET /nginx_status HTTP/1.1", host: "192.168.112.3:80"
2025/02/19 20:09:41 [error] 29#29: *6 open() "/usr/share/nginx/html/status" failed (2: No such file or directory), client: 192.168.112.1, server: localhost, request: "GET /status HTTP/1.1", host: "192.168.112.3:80"
2025/02/19 20:12:37 [error] 29#29: *1 open() "/hls/cameron/playlist.m3u8" failed (2: No such file or directory), client: 192.168.10.104, server: localhost, request: "GET /hls/cameron/playlist.m3u8 HTTP/1.1", host: "192.168.10.120"
2025/02/19 20:12:37 [error] 29#29: *1 open() "/hls/cameron/playlist.m3u8" failed (2: No such file or directory), client: 192.168.10.104, server: localhost, request: "GET /hls/cameron/playlist.m3u8 HTTP/1.1", host: "192.168.10.120"
2025/02/19 20:12:39 [error] 29#29: *1 open() "/hls/cameron/playlist.m3u8" failed (2: No such file or directory), client: 192.168.10.104, server: localhost, request: "GET /hls/cameron/playlist.m3u8 HTTP/1.1", host: "192.168.10.120"
2025/02/19 20:12:43 [error] 29#29: *1 open() "/hls/corniaud/playlist.m3u8" failed (2: No such file or directory), client: 192.168.10.104, server: localhost, request: "GET /hls/corniaud/playlist.m3u8 HTTP/1.1", host: "192.168.10.120"
2025/02/19 20:12:43 [error] 29#29: *1 open() "/hls/corniaud/playlist.m3u8" failed (2: No such file or directory), client: 192.168.10.104, server: localhost, request: "GET /hls/corniaud/playlist.m3u8 HTTP/1.1", host: "192.168.10.120"
2025/02/19 20:12:44 [error] 29#29: *1 open() "/hls/corniaud/playlist.m3u8" failed (2: No such file or directory), client: 192.168.10.104, server: localhost, request: "GET /hls/corniaud/playlist.m3u8 HTTP/1.1", host: "192.168.10.120"
2025/02/19 20:12:45 [error] 29#29: *1 open() "/hls/defunes/playlist.m3u8" failed (2: No such file or directory), client: 192.168.10.104, server: localhost, request: "GET /hls/defunes/playlist.m3u8 HTTP/1.1", host: "192.168.10.120"
2025/02/19 20:12:45 [error] 29#29: *1 open() "/hls/defunes/playlist.m3u8" failed (2: No such file or directory), client: 192.168.10.104, server: localhost, request: "GET /hls/defunes/playlist.m3u8 HTTP/1.1", host: "192.168.10.120"
2025/02/19 20:12:46 [error] 29#29: *1 open() "/hls/defunes/playlist.m3u8" failed (2: No such file or directory), client: 192.168.10.104, server: localhost, request: "GET /hls/defunes/playlist.m3u8 HTTP/1.1", host: "192.168.10.120"
2025/02/19 20:14:17 [error] 30#30: *1 open() "/hls/defunes/playlist.m3u8" failed (2: No such file or directory), client: 192.168.10.104, server: localhost, request: "GET /hls/defunes/playlist.m3u8 HTTP/1.1", host: "192.168.10.120"
2025/02/19 20:14:41 [error] 30#30: *2 open() "/usr/share/nginx/html/stub_status" failed (2: No such file or directory), client: 192.168.128.1, server: localhost, request: "GET /stub_status HTTP/1.1", host: "192.168.128.3:80"
2025/02/19 20:14:41 [error] 30#30: *3 open() "/usr/share/nginx/html/basic_status" failed (2: No such file or directory), client: 192.168.128.1, server: localhost, request: "GET /basic_status HTTP/1.1", host: "192.168.128.3:80"
2025/02/19 20:14:41 [error] 30#30: *4 open() "/usr/share/nginx/html/nginx_status" failed (2: No such file or directory), client: 192.168.128.1, server: localhost, request: "GET /nginx_status HTTP/1.1", host: "192.168.128.3:80"
2025/02/19 20:14:41 [error] 30#30: *5 open() "/usr/share/nginx/html/status" failed (2: No such file or directory), client: 192.168.128.1, server: localhost, request: "GET /status HTTP/1.1", host: "192.168.128.3:80"
2025/02/19 20:17:41 [error] 30#30: *1 open() "/usr/share/nginx/html/stub_status" failed (2: No such file or directory), client: 192.168.144.1, server: localhost, request: "GET /stub_status HTTP/1.1", host: "192.168.144.3:80"
2025/02/19 20:17:41 [error] 30#30: *2 open() "/usr/share/nginx/html/basic_status" failed (2: No such file or directory), client: 192.168.144.1, server: localhost, request: "GET /basic_status HTTP/1.1", host: "192.168.144.3:80"
2025/02/19 20:17:41 [error] 30#30: *3 open() "/usr/share/nginx/html/nginx_status" failed (2: No such file or directory), client: 192.168.144.1, server: localhost, request: "GET /nginx_status HTTP/1.1", host: "192.168.144.3:80"
2025/02/19 20:17:41 [error] 30#30: *4 open() "/usr/share/nginx/html/status" failed (2: No such file or directory), client: 192.168.144.1, server: localhost, request: "GET /status HTTP/1.1", host: "192.168.144.3:80"
2025/02/19 20:24:41 [error] 30#30: *1 open() "/usr/share/nginx/html/stub_status" failed (2: No such file or directory), client: 192.168.160.1, server: localhost, request: "GET /stub_status HTTP/1.1", host: "192.168.160.3:80"
2025/02/19 20:24:41 [error] 30#30: *2 open() "/usr/share/nginx/html/basic_status" failed (2: No such file or directory), client: 192.168.160.1, server: localhost, request: "GET /basic_status HTTP/1.1", host: "192.168.160.3:80"
2025/02/19 20:24:41 [error] 30#30: *3 open() "/usr/share/nginx/html/nginx_status" failed (2: No such file or directory), client: 192.168.160.1, server: localhost, request: "GET /nginx_status HTTP/1.1", host: "192.168.160.3:80"
2025/02/19 20:24:41 [error] 30#30: *4 open() "/usr/share/nginx/html/status" failed (2: No such file or directory), client: 192.168.160.1, server: localhost, request: "GET /status HTTP/1.1", host: "192.168.160.3:80"
2025/02/19 20:26:39 [error] 29#29: *1 open() "/hls/corniaud/playlist.m3u8" failed (2: No such file or directory), client: 192.168.10.104, server: localhost, request: "GET /hls/corniaud/playlist.m3u8 HTTP/1.1", host: "192.168.10.120"
2025/02/19 20:26:39 [error] 29#29: *1 open() "/hls/corniaud/playlist.m3u8" failed (2: No such file or directory), client: 192.168.10.104, server: localhost, request: "GET /hls/corniaud/playlist.m3u8 HTTP/1.1", host: "192.168.10.120"
2025/02/19 20:26:40 [error] 29#29: *1 open() "/hls/defunes/playlist.m3u8" failed (2: No such file or directory), client: 192.168.10.104, server: localhost, request: "GET /hls/defunes/playlist.m3u8 HTTP/1.1", host: "192.168.10.120"
2025/02/19 20:26:40 [error] 29#29: *1 open() "/hls/defunes/playlist.m3u8" failed (2: No such file or directory), client: 192.168.10.104, server: localhost, request: "GET /hls/defunes/playlist.m3u8 HTTP/1.1", host: "192.168.10.120"
2025/02/19 20:26:41 [error] 29#29: *1 open() "/hls/defunes/playlist.m3u8" failed (2: No such file or directory), client: 192.168.10.104, server: localhost, request: "GET /hls/defunes/playlist.m3u8 HTTP/1.1", host: "192.168.10.120"
2025/02/19 20:26:41 [error] 29#29: *2 open() "/usr/share/nginx/html/stub_status" failed (2: No such file or directory), client: 192.168.176.1, server: localhost, request: "GET /stub_status HTTP/1.1", host: "192.168.176.3:80"
2025/02/19 20:26:41 [error] 29#29: *3 open() "/usr/share/nginx/html/basic_status" failed (2: No such file or directory), client: 192.168.176.1, server: localhost, request: "GET /basic_status HTTP/1.1", host: "192.168.176.3:80"
2025/02/19 20:26:41 [error] 29#29: *4 open() "/usr/share/nginx/html/nginx_status" failed (2: No such file or directory), client: 192.168.176.1, server: localhost, request: "GET /nginx_status HTTP/1.1", host: "192.168.176.3:80"
2025/02/19 20:26:41 [error] 29#29: *5 open() "/usr/share/nginx/html/status" failed (2: No such file or directory), client: 192.168.176.1, server: localhost, request: "GET /status HTTP/1.1", host: "192.168.176.3:80"
2025/02/19 20:30:41 [error] 29#29: *3 open() "/usr/share/nginx/html/stub_status" failed (2: No such file or directory), client: 192.168.192.1, server: localhost, request: "GET /stub_status HTTP/1.1", host: "192.168.192.3:80"
2025/02/19 20:30:41 [error] 29#29: *4 open() "/usr/share/nginx/html/basic_status" failed (2: No such file or directory), client: 192.168.192.1, server: localhost, request: "GET /basic_status HTTP/1.1", host: "192.168.192.3:80"
2025/02/19 20:30:41 [error] 29#29: *5 open() "/usr/share/nginx/html/nginx_status" failed (2: No such file or directory), client: 192.168.192.1, server: localhost, request: "GET /nginx_status HTTP/1.1", host: "192.168.192.3:80"
2025/02/19 20:30:41 [error] 29#29: *6 open() "/usr/share/nginx/html/status" failed (2: No such file or directory), client: 192.168.192.1, server: localhost, request: "GET /status HTTP/1.1", host: "192.168.192.3:80"
2025/02/19 20:31:29 [error] 30#30: *1 open() "/hls/defunes/playlist.m3u8" failed (2: No such file or directory), client: 192.168.10.104, server: localhost, request: "GET /hls/defunes/playlist.m3u8 HTTP/1.1", host: "192.168.10.120"
2025/02/19 20:31:29 [error] 30#30: *1 open() "/hls/defunes/playlist.m3u8" failed (2: No such file or directory), client: 192.168.10.104, server: localhost, request: "GET /hls/defunes/playlist.m3u8 HTTP/1.1", host: "192.168.10.120"
2025/02/19 20:31:29 [error] 30#30: *1 open() "/hls/defunes/playlist.m3u8" failed (2: No such file or directory), client: 192.168.10.104, server: localhost, request: "GET /hls/defunes/playlist.m3u8 HTTP/1.1", host: "192.168.10.120"
2025/02/19 20:31:30 [error] 30#30: *1 open() "/hls/defunes/playlist.m3u8" failed (2: No such file or directory), client: 192.168.10.104, server: localhost, request: "GET /hls/defunes/playlist.m3u8 HTTP/1.1", host: "192.168.10.120"
2025/02/19 20:31:41 [error] 30#30: *3 open() "/usr/share/nginx/html/stub_status" failed (2: No such file or directory), client: 192.168.208.1, server: localhost, request: "GET /stub_status HTTP/1.1", host: "192.168.208.3:80"
2025/02/19 20:31:41 [error] 30#30: *4 open() "/usr/share/nginx/html/basic_status" failed (2: No such file or directory), client: 192.168.208.1, server: localhost, request: "GET /basic_status HTTP/1.1", host: "192.168.208.3:80"
2025/02/19 20:31:41 [error] 30#30: *5 open() "/usr/share/nginx/html/nginx_status" failed (2: No such file or directory), client: 192.168.208.1, server: localhost, request: "GET /nginx_status HTTP/1.1", host: "192.168.208.3:80"
2025/02/19 20:31:41 [error] 30#30: *6 open() "/usr/share/nginx/html/status" failed (2: No such file or directory), client: 192.168.208.1, server: localhost, request: "GET /status HTTP/1.1", host: "192.168.208.3:80"
2025/02/19 20:32:23 [error] 29#29: *1 open() "/hls/defunes/playlist.m3u8" failed (2: No such file or directory), client: 192.168.10.104, server: localhost, request: "GET /hls/defunes/playlist.m3u8 HTTP/1.1", host: "192.168.10.120"
2025/02/19 20:32:24 [error] 29#29: *1 open() "/hls/defunes/playlist.m3u8" failed (2: No such file or directory), client: 192.168.10.104, server: localhost, request: "GET /hls/defunes/playlist.m3u8 HTTP/1.1", host: "192.168.10.120"
2025/02/19 20:32:24 [error] 29#29: *1 open() "/hls/defunes/playlist.m3u8" failed (2: No such file or directory), client: 192.168.10.104, server: localhost, request: "GET /hls/defunes/playlist.m3u8 HTTP/1.1", host: "192.168.10.120"
2025/02/19 20:32:41 [error] 29#29: *3 open() "/usr/share/nginx/html/stub_status" failed (2: No such file or directory), client: 192.168.224.1, server: localhost, request: "GET /stub_status HTTP/1.1", host: "192.168.224.3:80"
2025/02/19 20:32:41 [error] 29#29: *4 open() "/usr/share/nginx/html/basic_status" failed (2: No such file or directory), client: 192.168.224.1, server: localhost, request: "GET /basic_status HTTP/1.1", host: "192.168.224.3:80"
2025/02/19 20:32:41 [error] 29#29: *5 open() "/usr/share/nginx/html/nginx_status" failed (2: No such file or directory), client: 192.168.224.1, server: localhost, request: "GET /nginx_status HTTP/1.1", host: "192.168.224.3:80"
2025/02/19 20:32:41 [error] 29#29: *6 open() "/usr/share/nginx/html/status" failed (2: No such file or directory), client: 192.168.224.1, server: localhost, request: "GET /status HTTP/1.1", host: "192.168.224.3:80"
2025/02/19 20:40:57 [error] 30#30: *1 open() "/hls/defunes/segment_20250219203295.ts" failed (2: No such file or directory), client: 192.168.10.104, server: localhost, request: "GET /hls/defunes/segment_20250219203295.ts HTTP/1.1", host: "192.168.10.120"
2025/02/19 20:41:01 [error] 30#30: *1 open() "/hls/defunes/playlist.m3u8" failed (2: No such file or directory), client: 192.168.10.104, server: localhost, request: "GET /hls/defunes/playlist.m3u8 HTTP/1.1", host: "192.168.10.120"
2025/02/19 20:41:01 [error] 30#30: *1 open() "/hls/defunes/segment_20250219203295.ts" failed (2: No such file or directory), client: 192.168.10.104, server: localhost, request: "GET /hls/defunes/segment_20250219203295.ts HTTP/1.1", host: "192.168.10.120"
2025/02/19 20:41:06 [error] 30#30: *1 open() "/hls/defunes/segment_20250219203295.ts" failed (2: No such file or directory), client: 192.168.10.104, server: localhost, request: "GET /hls/defunes/segment_20250219203295.ts HTTP/1.1", host: "192.168.10.120"
2025/02/19 20:41:11 [error] 30#30: *1 open() "/hls/defunes/segment_20250219203295.ts" failed (2: No such file or directory), client: 192.168.10.104, server: localhost, request: "GET /hls/defunes/segment_20250219203295.ts HTTP/1.1", host: "192.168.10.120"
2025/02/19 20:41:16 [error] 30#30: *1 open() "/hls/defunes/segment_20250219203295.ts" failed (2: No such file or directory), client: 192.168.10.104, server: localhost, request: "GET /hls/defunes/segment_20250219203295.ts HTTP/1.1", host: "192.168.10.120"
2025/02/19 20:41:22 [error] 30#30: *1 open() "/hls/defunes/segment_20250219203295.ts" failed (2: No such file or directory), client: 192.168.10.104, server: localhost, request: "GET /hls/defunes/segment_20250219203295.ts HTTP/1.1", host: "192.168.10.120"
2025/02/19 20:41:27 [error] 30#30: *1 open() "/hls/defunes/segment_20250219203295.ts" failed (2: No such file or directory), client: 192.168.10.104, server: localhost, request: "GET /hls/defunes/segment_20250219203295.ts HTTP/1.1", host: "192.168.10.120"
2025/02/19 20:41:32 [error] 30#30: *1 open() "/hls/defunes/segment_20250219203295.ts" failed (2: No such file or directory), client: 192.168.10.104, server: localhost, request: "GET /hls/defunes/segment_20250219203295.ts HTTP/1.1", host: "192.168.10.120"
2025/02/19 20:41:37 [error] 30#30: *1 open() "/hls/defunes/segment_20250219203295.ts" failed (2: No such file or directory), client: 192.168.10.104, server: localhost, request: "GET /hls/defunes/segment_20250219203295.ts HTTP/1.1", host: "192.168.10.120"
2025/02/19 20:41:41 [error] 30#30: *2 open() "/usr/share/nginx/html/stub_status" failed (2: No such file or directory), client: 192.168.240.1, server: localhost, request: "GET /stub_status HTTP/1.1", host: "192.168.240.3:80"
2025/02/19 20:41:41 [error] 30#30: *3 open() "/usr/share/nginx/html/basic_status" failed (2: No such file or directory), client: 192.168.240.1, server: localhost, request: "GET /basic_status HTTP/1.1", host: "192.168.240.3:80"
